###############################################################################
#
# IAR ELF Linker V7.80.2.11947/W32 for ARM                21/Aug/2018  11:53:29
# Copyright 2007-2016 IAR Systems AB.
#
#    Output file  =  
#        F:\0中科君达\0项目\集中器资料\485集中器\新版\485集中器软件（CY）\V2.2.0\Projects\EWARM\Debug\Exe\Concentrator.out
#    Map file     =  
#        F:\0中科君达\0项目\集中器资料\485集中器\新版\485集中器软件（CY）\V2.2.0\Projects\EWARM\Debug\List\Concentrator.map
#    Command line =  
#        F:\0中科君达\0项目\集中器资料\485集中器\新版\485集中器软件（CY）\V2.2.0\Projects\EWARM\Debug\Obj\APPCON.o
#        F:\0中科君达\0项目\集中器资料\485集中器\新版\485集中器软件（CY）\V2.2.0\Projects\EWARM\Debug\Obj\Appcon_API.o
#        F:\0中科君达\0项目\集中器资料\485集中器\新版\485集中器软件（CY）\V2.2.0\Projects\EWARM\Debug\Obj\CH376T.o
#        F:\0中科君达\0项目\集中器资料\485集中器\新版\485集中器软件（CY）\V2.2.0\Projects\EWARM\Debug\Obj\CJT-188-2004.o
#        F:\0中科君达\0项目\集中器资料\485集中器\新版\485集中器软件（CY）\V2.2.0\Projects\EWARM\Debug\Obj\Common_API.o
#        F:\0中科君达\0项目\集中器资料\485集中器\新版\485集中器软件（CY）\V2.2.0\Projects\EWARM\Debug\Obj\CRC8.o
#        F:\0中科君达\0项目\集中器资料\485集中器\新版\485集中器软件（CY）\V2.2.0\Projects\EWARM\Debug\Obj\diskio.o
#        "F:\0中科君达\0项目\集中器资料\485集中器\新版\485集中器软件（CY）\V2.2.0\Projects\EWARM\Debug\Obj\DLT
#        645-1997.o"
#        F:\0中科君达\0项目\集中器资料\485集中器\新版\485集中器软件（CY）\V2.2.0\Projects\EWARM\Debug\Obj\DriverPcb.o
#        F:\0中科君达\0项目\集中器资料\485集中器\新版\485集中器软件（CY）\V2.2.0\Projects\EWARM\Debug\Obj\ENC28J60.o
#        F:\0中科君达\0项目\集中器资料\485集中器\新版\485集中器软件（CY）\V2.2.0\Projects\EWARM\Debug\Obj\EquipMgmt.o
#        F:\0中科君达\0项目\集中器资料\485集中器\新版\485集中器软件（CY）\V2.2.0\Projects\EWARM\Debug\Obj\ff.o
#        F:\0中科君达\0项目\集中器资料\485集中器\新版\485集中器软件（CY）\V2.2.0\Projects\EWARM\Debug\Obj\filter.o
#        F:\0中科君达\0项目\集中器资料\485集中器\新版\485集中器软件（CY）\V2.2.0\Projects\EWARM\Debug\Obj\GPRS.o
#        F:\0中科君达\0项目\集中器资料\485集中器\新版\485集中器软件（CY）\V2.2.0\Projects\EWARM\Debug\Obj\IICEeprom_24CXX.o
#        F:\0中科君达\0项目\集中器资料\485集中器\新版\485集中器软件（CY）\V2.2.0\Projects\EWARM\Debug\Obj\JINGDA.o
#        F:\0中科君达\0项目\集中器资料\485集中器\新版\485集中器软件（CY）\V2.2.0\Projects\EWARM\Debug\Obj\KingDaServer.o
#        F:\0中科君达\0项目\集中器资料\485集中器\新版\485集中器软件（CY）\V2.2.0\Projects\EWARM\Debug\Obj\KingDaV1.o
#        F:\0中科君达\0项目\集中器资料\485集中器\新版\485集中器软件（CY）\V2.2.0\Projects\EWARM\Debug\Obj\main.o
#        F:\0中科君达\0项目\集中器资料\485集中器\新版\485集中器软件（CY）\V2.2.0\Projects\EWARM\Debug\Obj\MCPX.o
#        F:\0中科君达\0项目\集中器资料\485集中器\新版\485集中器软件（CY）\V2.2.0\Projects\EWARM\Debug\Obj\MCU_Config.o
#        F:\0中科君达\0项目\集中器资料\485集中器\新版\485集中器软件（CY）\V2.2.0\Projects\EWARM\Debug\Obj\MG2618.o
#        F:\0中科君达\0项目\集中器资料\485集中器\新版\485集中器软件（CY）\V2.2.0\Projects\EWARM\Debug\Obj\misc.o
#        F:\0中科君达\0项目\集中器资料\485集中器\新版\485集中器软件（CY）\V2.2.0\Projects\EWARM\Debug\Obj\Modbus_master.o
#        F:\0中科君达\0项目\集中器资料\485集中器\新版\485集中器软件（CY）\V2.2.0\Projects\EWARM\Debug\Obj\modbus_slave.o
#        F:\0中科君达\0项目\集中器资料\485集中器\新版\485集中器软件（CY）\V2.2.0\Projects\EWARM\Debug\Obj\PCF8563.o
#        F:\0中科君达\0项目\集中器资料\485集中器\新版\485集中器软件（CY）\V2.2.0\Projects\EWARM\Debug\Obj\PowercConfig.o
#        F:\0中科君达\0项目\集中器资料\485集中器\新版\485集中器软件（CY）\V2.2.0\Projects\EWARM\Debug\Obj\ReadEquipData.o
#        F:\0中科君达\0项目\集中器资料\485集中器\新版\485集中器软件（CY）\V2.2.0\Projects\EWARM\Debug\Obj\SerialPort.o
#        F:\0中科君达\0项目\集中器资料\485集中器\新版\485集中器软件（CY）\V2.2.0\Projects\EWARM\Debug\Obj\SofTimer.o
#        F:\0中科君达\0项目\集中器资料\485集中器\新版\485集中器软件（CY）\V2.2.0\Projects\EWARM\Debug\Obj\startup_stm32f10x_hd.o
#        F:\0中科君达\0项目\集中器资料\485集中器\新版\485集中器软件（CY）\V2.2.0\Projects\EWARM\Debug\Obj\stm32_it.o
#        F:\0中科君达\0项目\集中器资料\485集中器\新版\485集中器软件（CY）\V2.2.0\Projects\EWARM\Debug\Obj\stm32f10x_adc.o
#        F:\0中科君达\0项目\集中器资料\485集中器\新版\485集中器软件（CY）\V2.2.0\Projects\EWARM\Debug\Obj\stm32f10x_bkp.o
#        F:\0中科君达\0项目\集中器资料\485集中器\新版\485集中器软件（CY）\V2.2.0\Projects\EWARM\Debug\Obj\stm32f10x_can.o
#        F:\0中科君达\0项目\集中器资料\485集中器\新版\485集中器软件（CY）\V2.2.0\Projects\EWARM\Debug\Obj\stm32f10x_cec.o
#        F:\0中科君达\0项目\集中器资料\485集中器\新版\485集中器软件（CY）\V2.2.0\Projects\EWARM\Debug\Obj\stm32f10x_crc.o
#        F:\0中科君达\0项目\集中器资料\485集中器\新版\485集中器软件（CY）\V2.2.0\Projects\EWARM\Debug\Obj\stm32f10x_dac.o
#        F:\0中科君达\0项目\集中器资料\485集中器\新版\485集中器软件（CY）\V2.2.0\Projects\EWARM\Debug\Obj\stm32f10x_dbgmcu.o
#        F:\0中科君达\0项目\集中器资料\485集中器\新版\485集中器软件（CY）\V2.2.0\Projects\EWARM\Debug\Obj\stm32f10x_dma.o
#        F:\0中科君达\0项目\集中器资料\485集中器\新版\485集中器软件（CY）\V2.2.0\Projects\EWARM\Debug\Obj\stm32f10x_exti.o
#        F:\0中科君达\0项目\集中器资料\485集中器\新版\485集中器软件（CY）\V2.2.0\Projects\EWARM\Debug\Obj\stm32f10x_flash.o
#        F:\0中科君达\0项目\集中器资料\485集中器\新版\485集中器软件（CY）\V2.2.0\Projects\EWARM\Debug\Obj\stm32f10x_fsmc.o
#        F:\0中科君达\0项目\集中器资料\485集中器\新版\485集中器软件（CY）\V2.2.0\Projects\EWARM\Debug\Obj\stm32f10x_gpio.o
#        F:\0中科君达\0项目\集中器资料\485集中器\新版\485集中器软件（CY）\V2.2.0\Projects\EWARM\Debug\Obj\stm32f10x_i2c.o
#        F:\0中科君达\0项目\集中器资料\485集中器\新版\485集中器软件（CY）\V2.2.0\Projects\EWARM\Debug\Obj\stm32f10x_iwdg.o
#        F:\0中科君达\0项目\集中器资料\485集中器\新版\485集中器软件（CY）\V2.2.0\Projects\EWARM\Debug\Obj\stm32f10x_pwr.o
#        F:\0中科君达\0项目\集中器资料\485集中器\新版\485集中器软件（CY）\V2.2.0\Projects\EWARM\Debug\Obj\stm32f10x_rcc.o
#        F:\0中科君达\0项目\集中器资料\485集中器\新版\485集中器软件（CY）\V2.2.0\Projects\EWARM\Debug\Obj\stm32f10x_rtc.o
#        F:\0中科君达\0项目\集中器资料\485集中器\新版\485集中器软件（CY）\V2.2.0\Projects\EWARM\Debug\Obj\stm32f10x_sdio.o
#        F:\0中科君达\0项目\集中器资料\485集中器\新版\485集中器软件（CY）\V2.2.0\Projects\EWARM\Debug\Obj\stm32f10x_spi.o
#        F:\0中科君达\0项目\集中器资料\485集中器\新版\485集中器软件（CY）\V2.2.0\Projects\EWARM\Debug\Obj\stm32f10x_tim.o
#        F:\0中科君达\0项目\集中器资料\485集中器\新版\485集中器软件（CY）\V2.2.0\Projects\EWARM\Debug\Obj\stm32f10x_usart.o
#        F:\0中科君达\0项目\集中器资料\485集中器\新版\485集中器软件（CY）\V2.2.0\Projects\EWARM\Debug\Obj\stm32f10x_wwdg.o
#        F:\0中科君达\0项目\集中器资料\485集中器\新版\485集中器软件（CY）\V2.2.0\Projects\EWARM\Debug\Obj\system_stm32f10x.o
#        F:\0中科君达\0项目\集中器资料\485集中器\新版\485集中器软件（CY）\V2.2.0\Projects\EWARM\Debug\Obj\W25QXX.o
#        --redirect _Printf=_PrintfFull --redirect _Scanf=_ScanfFull -o
#        F:\0中科君达\0项目\集中器资料\485集中器\新版\485集中器软件（CY）\V2.2.0\Projects\EWARM\Debug\Exe\Concentrator.out
#        --map
#        F:\0中科君达\0项目\集中器资料\485集中器\新版\485集中器软件（CY）\V2.2.0\Projects\EWARM\Debug\List\Concentrator.map
#        --config "D:\IAR for STM32\arm\config\linker\ST\stm32f103xE.icf"
#        --semihosting --entry __iar_program_start --vfe
#
###############################################################################

*******************************************************************************
*** RUNTIME MODEL ATTRIBUTES
***

CppFlavor       = *
__SystemLibrary = DLib


*******************************************************************************
*** PLACEMENT SUMMARY
***

"A0":  place at 0x08000000 { ro section .intvec };
"P1":  place in [from 0x08000000 to 0x0807ffff] { ro };
"P2":  place in [from 0x20000000 to 0x2000ffff] { rw, block CSTACK, block HEAP };
initialize by copy { rw };

  Section            Kind        Address     Size  Object
  -------            ----        -------     ----  ------
"A0":                                       0x130
  .intvec            ro code  0x08000000    0x130  startup_stm32f10x_hd.o [1]
                            - 0x08000130    0x130

"P1":                                     0x14a50
  .text              ro code  0x08000130   0x3dd8  KingDaV1.o [1]
  .text              ro code  0x08003f08     0xa6  CRC8.o [1]
  .rodata            const    0x08003fae      0x2  KingDaV1.o [1]
  .text              ro code  0x08003fb0    0xc9c  MCPX.o [1]
  .text              ro code  0x08004c4c   0x1800  SerialPort.o [1]
  .text              ro code  0x0800644c    0x610  IICEeprom_24CXX.o [1]
  .text              ro code  0x08006a5c    0x53c  PCF8563.o [1]
  .text              ro code  0x08006f98    0x9ac  APPCON.o [1]
  .text              ro code  0x08007944   0x1a50  KingDaServer.o [1]
  .text              ro code  0x08009394   0x12b4  JINGDA.o [1]
  .text              ro code  0x0800a648     0x66  ABImemset.o [4]
  .rodata            const    0x0800a6ae      0x2  MG2618.o [1]
  .text              ro code  0x0800a6b0     0xd8  PowercConfig.o [1]
  .text              ro code  0x0800a788    0xf48  GPRS.o [1]
  .text              ro code  0x0800b6d0    0x774  SofTimer.o [1]
  .text              ro code  0x0800be44    0xfcc  MG2618.o [1]
  .text              ro code  0x0800ce10     0x10  MCPX.o [1]
  .text              ro code  0x0800ce20    0x202  stm32f10x_usart.o [1]
  .rodata            const    0x0800d022      0x2  MG2618.o [1]
  .text              ro code  0x0800d024    0x394  stm32f10x_rcc.o [1]
  .text              ro code  0x0800d3b8    0x228  stm32f10x_gpio.o [1]
  .text              ro code  0x0800d5e0     0x9c  misc.o [1]
  .text              ro code  0x0800d67c    0x76c  MCU_Config.o [1]
  .text              ro code  0x0800dde8    0x270  stm32f10x_i2c.o [1]
  .text              ro code  0x0800e058    0x26a  Common_API.o [1]
  .rodata            const    0x0800e2c2      0x2  MG2618.o [1]
  .text              ro code  0x0800e2c4   0x14cc  ReadEquipData.o [1]
  .text              ro code  0x0800f790   0x1aa0  ff.o [1]
  .text              ro code  0x08011230    0x30c  CJT-188-2004.o [1]
  .text              ro code  0x0801153c    0x244  stm32f10x_adc.o [1]
  .text              ro code  0x08011780    0x330  DriverPcb.o [1]
  .text              ro code  0x08011ab0     0x56  ABImemcpy_unaligned.o [4]
  .text              ro code  0x08011b06     0x2e  strstr.o [3]
  .text              ro code  0x08011b34     0x3c  stm32f10x_flash.o [1]
  .text              ro code  0x08011b70     0x16  stm32f10x_dma.o [1]
  .rodata            const    0x08011b86      0x2  MG2618.o [1]
  .text              ro code  0x08011b88     0x98  stm32f10x_exti.o [1]
  .text              ro code  0x08011c20     0xf8  stm32f10x_spi.o [1]
  .text              ro code  0x08011d18     0x38  stm32f10x_iwdg.o [1]
  .text              ro code  0x08011d50    0xf28  Appcon_API.o [1]
  .text              ro code  0x08012c78    0x240  diskio.o [1]
  .text              ro code  0x08012eb8     0xa6  filter.o [1]
  .rodata            const    0x08012f5e      0x2  MG2618.o [1]
  .text              ro code  0x08012f60     0x16  strchr.o [4]
  .rodata            const    0x08012f76      0x2  MG2618.o [1]
  .text              ro code  0x08012f78    0x32c  W25QXX.o [1]
  .text              ro code  0x080132a4    0x5bc  main.o [1]
  .text              ro code  0x08013860    0x3d4  stm32_it.o [1]
  .rodata            const    0x08013c34    0x214  MG2618.o [1]
  .rodata            const    0x08013e48    0x214  MG2618.o [1]
  .text              ro code  0x0801405c    0x158  system_stm32f10x.o [1]
  .rodata            const    0x080141b4    0x100  CRC8.o [1]
  .text              ro code  0x080142b4     0x40  zero_init3.o [4]
  .rodata            const    0x080142f4     0x3c  APPCON.o [1]
  .text              ro code  0x08014330     0x38  packbits_init_single.o [4]
  .rodata            const    0x08014368     0x2c  APPCON.o [1]
  .text              ro code  0x08014394     0x28  data_init.o [4]
  .iar.init_table    const    0x080143bc     0x20  - Linker created -
  .rodata            const    0x080143dc     0x20  ff.o [1]
  .rodata            const    0x080143fc     0x1c  MG2618.o [1]
  .text              ro code  0x08014418     0x1a  cmain.o [4]
  .text              ro code  0x08014432      0x4  low_level_init.o [3]
  .text              ro code  0x08014436      0x4  exit.o [3]
  .rodata            const    0x0801443a      0x2  MG2618.o [1]
  .text              ro code  0x0801443c      0xa  cexit.o [4]
  .rodata            const    0x08014446      0x2  MG2618.o [1]
  .text              ro code  0x08014448     0x14  exit.o [5]
  .rodata            const    0x0801445c     0x14  JINGDA.o [1]
  .rodata            const    0x08014470     0x14  JINGDA.o [1]
  .rodata            const    0x08014484     0x10  ff.o [1]
  .rodata            const    0x08014494     0x10  JINGDA.o [1]
  .rodata            const    0x080144a4     0x10  JINGDA.o [1]
  .rodata            const    0x080144b4     0x10  MG2618.o [1]
  .rodata            const    0x080144c4     0x10  MG2618.o [1]
  .rodata            const    0x080144d4     0x10  MG2618.o [1]
  .rodata            const    0x080144e4     0x10  MG2618.o [1]
  .rodata            const    0x080144f4     0x10  MG2618.o [1]
  .text              ro code  0x08014504     0x10  startup_stm32f10x_hd.o [1]
  .rodata            const    0x08014514      0xc  APPCON.o [1]
  .rodata            const    0x08014520      0xc  APPCON.o [1]
  .rodata            const    0x0801452c      0xc  APPCON.o [1]
  .rodata            const    0x08014538      0xc  Common_API.o [1]
  .rodata            const    0x08014544      0xc  main.o [1]
  .rodata            const    0x08014550      0xc  MCPX.o [1]
  .rodata            const    0x0801455c      0xc  MG2618.o [1]
  .rodata            const    0x08014568      0xc  MG2618.o [1]
  .rodata            const    0x08014574      0xc  MG2618.o [1]
  .rodata            const    0x08014580      0xc  MG2618.o [1]
  .rodata            const    0x0801458c      0xc  MG2618.o [1]
  .rodata            const    0x08014598      0xc  MG2618.o [1]
  .rodata            const    0x080145a4      0xc  MG2618.o [1]
  .rodata            const    0x080145b0      0xc  MG2618.o [1]
  .rodata            const    0x080145bc      0xc  MG2618.o [1]
  .rodata            const    0x080145c8      0xc  MG2618.o [1]
  .rodata            const    0x080145d4      0xc  MG2618.o [1]
  .rodata            const    0x080145e0      0xc  MG2618.o [1]
  .rodata            const    0x080145ec      0xc  MG2618.o [1]
  .rodata            const    0x080145f8      0xc  MG2618.o [1]
  .rodata            const    0x08014604      0xc  MG2618.o [1]
  .rodata            const    0x08014610      0xc  MG2618.o [1]
  .rodata            const    0x0801461c      0xc  MG2618.o [1]
  .rodata            const    0x08014628      0xc  MG2618.o [1]
  .rodata            const    0x08014634      0xc  MG2618.o [1]
  .rodata            const    0x08014640      0xc  MG2618.o [1]
  .rodata            const    0x0801464c      0xc  MG2618.o [1]
  .rodata            const    0x08014658      0xc  MG2618.o [1]
  .rodata            const    0x08014664      0xc  MG2618.o [1]
  .rodata            const    0x08014670      0xc  MG2618.o [1]
  .rodata            const    0x0801467c      0xc  MG2618.o [1]
  .rodata            const    0x08014688      0xc  MG2618.o [1]
  .rodata            const    0x08014694      0xc  MG2618.o [1]
  .rodata            const    0x080146a0      0xc  MG2618.o [1]
  .rodata            const    0x080146ac      0xc  MG2618.o [1]
  .rodata            const    0x080146b8      0xc  MG2618.o [1]
  .rodata            const    0x080146c4      0xc  MG2618.o [1]
  .rodata            const    0x080146d0      0xc  MG2618.o [1]
  .rodata            const    0x080146dc      0xc  MG2618.o [1]
  .rodata            const    0x080146e8      0xc  MG2618.o [1]
  .rodata            const    0x080146f4      0xc  MG2618.o [1]
  .rodata            const    0x08014700      0xc  MG2618.o [1]
  .rodata            const    0x0801470c      0xc  MG2618.o [1]
  .rodata            const    0x08014718      0xc  MG2618.o [1]
  .rodata            const    0x08014724      0xc  MG2618.o [1]
  .rodata            const    0x08014730      0xc  MG2618.o [1]
  .rodata            const    0x0801473c      0xc  MG2618.o [1]
  .rodata            const    0x08014748      0xc  MG2618.o [1]
  .rodata            const    0x08014754      0xc  MG2618.o [1]
  .rodata            const    0x08014760      0xc  MG2618.o [1]
  .rodata            const    0x0801476c      0xc  MG2618.o [1]
  .rodata            const    0x08014778      0xc  MG2618.o [1]
  .rodata            const    0x08014784      0xc  MG2618.o [1]
  .rodata            const    0x08014790      0xc  MG2618.o [1]
  .rodata            const    0x0801479c      0xc  MG2618.o [1]
  .rodata            const    0x080147a8      0xc  MG2618.o [1]
  .rodata            const    0x080147b4      0xc  MG2618.o [1]
  .rodata            const    0x080147c0      0xc  MG2618.o [1]
  .rodata            const    0x080147cc      0xc  MG2618.o [1]
  .rodata            const    0x080147d8      0xc  MG2618.o [1]
  .rodata            const    0x080147e4      0xc  MG2618.o [1]
  .rodata            const    0x080147f0      0xc  MG2618.o [1]
  .text              ro code  0x080147fc      0xc  cstartup_M.o [4]
  .rodata            const    0x08014808      0x8  APPCON.o [1]
  .rodata            const    0x08014810      0x8  APPCON.o [1]
  .rodata            const    0x08014818      0x8  APPCON.o [1]
  .rodata            const    0x08014820      0x8  APPCON.o [1]
  .rodata            const    0x08014828      0x8  APPCON.o [1]
  .rodata            const    0x08014830      0x8  APPCON.o [1]
  .rodata            const    0x08014838      0x8  APPCON.o [1]
  .rodata            const    0x08014840      0x8  APPCON.o [1]
  .rodata            const    0x08014848      0x8  APPCON.o [1]
  .rodata            const    0x08014850      0x8  APPCON.o [1]
  .rodata            const    0x08014858      0x8  APPCON.o [1]
  .rodata            const    0x08014860      0x8  APPCON.o [1]
  .rodata            const    0x08014868      0x8  APPCON.o [1]
  .rodata            const    0x08014870      0x8  APPCON.o [1]
  .rodata            const    0x08014878      0x8  APPCON.o [1]
  .rodata            const    0x08014880      0x8  APPCON.o [1]
  .rodata            const    0x08014888      0x8  APPCON.o [1]
  .rodata            const    0x08014890      0x8  APPCON.o [1]
  .rodata            const    0x08014898      0x8  APPCON.o [1]
  .rodata            const    0x080148a0      0x8  APPCON.o [1]
  .rodata            const    0x080148a8      0x8  APPCON.o [1]
  .rodata            const    0x080148b0      0x8  ff.o [1]
  .rodata            const    0x080148b8      0x8  ff.o [1]
  .rodata            const    0x080148c0      0x8  ff.o [1]
  .rodata            const    0x080148c8      0x8  ff.o [1]
  .rodata            const    0x080148d0      0x8  ff.o [1]
  .rodata            const    0x080148d8      0x8  GPRS.o [1]
  .rodata            const    0x080148e0      0x8  KingDaV1.o [1]
  .rodata            const    0x080148e8      0x8  KingDaV1.o [1]
  .rodata            const    0x080148f0      0x8  MG2618.o [1]
  .rodata            const    0x080148f8      0x8  MG2618.o [1]
  .rodata            const    0x08014900      0x8  MG2618.o [1]
  .rodata            const    0x08014908      0x8  MG2618.o [1]
  .rodata            const    0x08014910      0x8  MG2618.o [1]
  .rodata            const    0x08014918      0x8  MG2618.o [1]
  .rodata            const    0x08014920      0x8  MG2618.o [1]
  .rodata            const    0x08014928      0x8  MG2618.o [1]
  .rodata            const    0x08014930      0x8  MG2618.o [1]
  .rodata            const    0x08014938      0x8  MG2618.o [1]
  .rodata            const    0x08014940      0x8  MG2618.o [1]
  .rodata            const    0x08014948      0x8  MG2618.o [1]
  .rodata            const    0x08014950      0x8  MG2618.o [1]
  .rodata            const    0x08014958      0x8  MG2618.o [1]
  .rodata            const    0x08014960      0x8  MG2618.o [1]
  .rodata            const    0x08014968      0x8  MG2618.o [1]
  .rodata            const    0x08014970      0x8  MG2618.o [1]
  .rodata            const    0x08014978      0x8  MG2618.o [1]
  .rodata            const    0x08014980      0x8  MG2618.o [1]
  .rodata            const    0x08014988      0x8  MG2618.o [1]
  .rodata            const    0x08014990      0x8  MG2618.o [1]
  .rodata            const    0x08014998      0x8  MG2618.o [1]
  .rodata            const    0x080149a0      0x8  MG2618.o [1]
  .rodata            const    0x080149a8      0x8  MG2618.o [1]
  .rodata            const    0x080149b0      0x8  MG2618.o [1]
  .rodata            const    0x080149b8      0x8  MG2618.o [1]
  .rodata            const    0x080149c0      0x8  MG2618.o [1]
  .rodata            const    0x080149c8      0x8  MG2618.o [1]
  .rodata            const    0x080149d0      0x8  MG2618.o [1]
  .rodata            const    0x080149d8      0x8  MG2618.o [1]
  .rodata            const    0x080149e0      0x8  MG2618.o [1]
  .rodata            const    0x080149e8      0x8  MG2618.o [1]
  .rodata            const    0x080149f0      0x8  MG2618.o [1]
  .rodata            const    0x080149f8      0x8  MG2618.o [1]
  .rodata            const    0x08014a00      0x8  MG2618.o [1]
  .rodata            const    0x08014a08      0x8  MG2618.o [1]
  .rodata            const    0x08014a10      0x8  MG2618.o [1]
  .rodata            const    0x08014a18      0x8  MG2618.o [1]
  .rodata            const    0x08014a20      0x8  MG2618.o [1]
  .rodata            const    0x08014a28      0x8  MG2618.o [1]
  .rodata            const    0x08014a30      0x8  MG2618.o [1]
  .rodata            const    0x08014a38      0x8  MG2618.o [1]
  .rodata            const    0x08014a40      0x8  MG2618.o [1]
  .rodata            const    0x08014a48      0x8  MG2618.o [1]
  .rodata            const    0x08014a50      0x8  MG2618.o [1]
  .rodata            const    0x08014a58      0x8  MG2618.o [1]
  .rodata            const    0x08014a60      0x8  MG2618.o [1]
  .rodata            const    0x08014a68      0x8  MG2618.o [1]
  .rodata            const    0x08014a70      0x8  MG2618.o [1]
  .rodata            const    0x08014a78      0x8  MG2618.o [1]
  .rodata            const    0x08014a80      0x8  MG2618.o [1]
  .rodata            const    0x08014a88      0x8  MG2618.o [1]
  .rodata            const    0x08014a90      0x8  MG2618.o [1]
  .rodata            const    0x08014a98      0x8  MG2618.o [1]
  .rodata            const    0x08014aa0      0x8  MG2618.o [1]
  .rodata            const    0x08014aa8      0x8  MG2618.o [1]
  .rodata            const    0x08014ab0      0x8  MG2618.o [1]
  .rodata            const    0x08014ab8      0x8  MG2618.o [1]
  .rodata            const    0x08014ac0      0x8  MG2618.o [1]
  .rodata            const    0x08014ac8      0x8  MG2618.o [1]
  .rodata            const    0x08014ad0      0x8  MG2618.o [1]
  .rodata            const    0x08014ad8      0x8  MG2618.o [1]
  .rodata            const    0x08014ae0      0x8  MG2618.o [1]
  .rodata            const    0x08014ae8      0x8  MG2618.o [1]
  .rodata            const    0x08014af0      0x8  MG2618.o [1]
  .rodata            const    0x08014af8      0x8  MG2618.o [1]
  .rodata            const    0x08014b00      0x8  MG2618.o [1]
  .rodata            const    0x08014b08      0x4  APPCON.o [1]
  .rodata            const    0x08014b0c      0x4  APPCON.o [1]
  .rodata            const    0x08014b10      0x4  ff.o [1]
  .rodata            const    0x08014b14      0x4  ff.o [1]
  .rodata            const    0x08014b18      0x4  ff.o [1]
  .rodata            const    0x08014b1c      0x4  KingDaV1.o [1]
  .rodata            const    0x08014b20      0x4  MG2618.o [1]
  .rodata            const    0x08014b24      0x4  MG2618.o [1]
  .rodata            const    0x08014b28      0x4  MG2618.o [1]
  .rodata            const    0x08014b2c      0x4  MG2618.o [1]
  .rodata            const    0x08014b30      0x4  MG2618.o [1]
  .rodata            const    0x08014b34      0x4  MG2618.o [1]
  .rodata            const    0x08014b38      0x4  MG2618.o [1]
  .rodata            const    0x08014b3c      0x4  MG2618.o [1]
  .text              ro code  0x08014b40      0x4  startup_stm32f10x_hd.o [1]
  .text              ro code  0x08014b44      0x4  startup_stm32f10x_hd.o [1]
  .text              ro code  0x08014b48      0x4  startup_stm32f10x_hd.o [1]
  .text              ro code  0x08014b4c      0x4  startup_stm32f10x_hd.o [1]
  .rodata            const    0x08014b50      0x1  W25QXX.o [1]
  .rodata            const    0x08014b51      0x0  zero_init3.o [4]
  .rodata            const    0x08014b51      0x0  packbits_init_single.o [4]
  Initializer bytes  const    0x08014b51     0x2f  <for P2-1>
                            - 0x08014b80  0x14a50

"P2", part 1 of 3:                           0x3e
  P2-1                        0x20000000     0x3e  <Init block>
    .data            inited   0x20000000     0x10  DriverPcb.o [1]
    .data            inited   0x20000010     0x10  DriverPcb.o [1]
    .data            inited   0x20000020      0x4  MCPX.o [1]
    .data            inited   0x20000024     0x10  stm32f10x_rcc.o [1]
    .data            inited   0x20000034      0x4  stm32f10x_rcc.o [1]
    .data            inited   0x20000038      0x1  GPRS.o [1]
    .data            inited   0x20000039      0x1  MCPX.o [1]
    .data            inited   0x2000003a      0x1  SerialPort.o [1]
    .data            inited   0x2000003b      0x1  SerialPort.o [1]
    .data            inited   0x2000003c      0x1  SerialPort.o [1]
    .data            inited   0x2000003d      0x1  SofTimer.o [1]
                            - 0x2000003e     0x3e

"P2", part 2 of 3:                         0x1000
  CSTACK                      0x20000040   0x1000  <Block>
    CSTACK           uninit   0x20000040   0x1000  <Block tail>
                            - 0x20001040   0x1000

"P2", part 3 of 3:                         0x8c78
  .bss               zero     0x20001040   0x5dc0  ReadEquipData.o [1]
  .bss               zero     0x20006e00   0x1024  JINGDA.o [1]
  .bss               zero     0x20007e24    0xcf0  KingDaServer.o [1]
  .bss               zero     0x20008b14    0x400  SofTimer.o [1]
  .bss               zero     0x20008f14    0x208  SerialPort.o [1]
  .bss               zero     0x2000911c    0x180  MCPX.o [1]
  .bss               zero     0x2000929c    0x140  CJT-188-2004.o [1]
  .bss               zero     0x200093dc    0x140  KingDaV1.o [1]
  .bss               zero     0x2000951c    0x12c  JINGDA.o [1]
  .bss               zero     0x20009648    0x10c  SerialPort.o [1]
  .bss               zero     0x20009754    0x108  SerialPort.o [1]
  .bss               zero     0x2000985c    0x104  MCPX.o [1]
  .bss               zero     0x20009960     0xc0  APPCON.o [1]
  .bss               zero     0x20009a20     0x88  MG2618.o [1]
  .bss               zero     0x20009aa8     0x70  MCPX.o [1]
  .bss               zero     0x20009b18     0x40  JINGDA.o [1]
  .bss               zero     0x20009b58     0x20  DriverPcb.o [1]
  .bss               zero     0x20009b78     0x20  DriverPcb.o [1]
  .bss               zero     0x20009b98     0x10  DriverPcb.o [1]
  .bss               zero     0x20009ba8     0x10  MCPX.o [1]
  .bss               zero     0x20009bb8      0xc  APPCON.o [1]
  .bss               zero     0x20009bc4      0xc  DriverPcb.o [1]
  .bss               zero     0x20009bd0      0x8  Appcon_API.o [1]
  .bss               zero     0x20009bd8      0x8  Appcon_API.o [1]
  .bss               zero     0x20009be0      0x8  Appcon_API.o [1]
  .bss               zero     0x20009be8      0x8  ff.o [1]
  .bss               zero     0x20009bf0      0x8  JINGDA.o [1]
  .bss               zero     0x20009bf8      0x8  JINGDA.o [1]
  .bss               zero     0x20009c00      0x8  MCPX.o [1]
  .bss               zero     0x20009c08      0x8  PCF8563.o [1]
  .bss               zero     0x20009c10      0x4  Appcon_API.o [1]
  .bss               zero     0x20009c14      0x4  Appcon_API.o [1]
  .bss               zero     0x20009c18      0x4  Appcon_API.o [1]
  .bss               zero     0x20009c1c      0x4  DriverPcb.o [1]
  .bss               zero     0x20009c20      0x4  DriverPcb.o [1]
  .bss               zero     0x20009c24      0x4  DriverPcb.o [1]
  .bss               zero     0x20009c28      0x4  GPRS.o [1]
  .bss               zero     0x20009c2c      0x4  IICEeprom_24CXX.o [1]
  .bss               zero     0x20009c30      0x4  main.o [1]
  .bss               zero     0x20009c34      0x4  ReadEquipData.o [1]
  .bss               zero     0x20009c38      0x4  SerialPort.o [1]
  .bss               zero     0x20009c3c      0x4  SerialPort.o [1]
  .bss               zero     0x20009c40      0x4  SerialPort.o [1]
  .bss               zero     0x20009c44      0x4  SerialPort.o [1]
  .bss               zero     0x20009c48      0x4  SerialPort.o [1]
  .bss               zero     0x20009c4c      0x4  SerialPort.o [1]
  .bss               zero     0x20009c50      0x4  SerialPort.o [1]
  .bss               zero     0x20009c54      0x4  SerialPort.o [1]
  .bss               zero     0x20009c58      0x4  SerialPort.o [1]
  .bss               zero     0x20009c5c      0x4  SerialPort.o [1]
  .bss               zero     0x20009c60      0x4  SerialPort.o [1]
  .bss               zero     0x20009c64      0x4  SerialPort.o [1]
  .bss               zero     0x20009c68      0x2  Appcon_API.o [1]
  .bss               zero     0x20009c6a      0x2  Appcon_API.o [1]
  .bss               zero     0x20009c6c      0x2  Appcon_API.o [1]
  .bss               zero     0x20009c6e      0x2  Appcon_API.o [1]
  .bss               zero     0x20009c70      0x2  DriverPcb.o [1]
  .bss               zero     0x20009c72      0x2  DriverPcb.o [1]
  .bss               zero     0x20009c74      0x2  ff.o [1]
  .bss               zero     0x20009c76      0x2  GPRS.o [1]
  .bss               zero     0x20009c78      0x2  GPRS.o [1]
  .bss               zero     0x20009c7a      0x2  GPRS.o [1]
  .bss               zero     0x20009c7c      0x2  MCPX.o [1]
  .bss               zero     0x20009c7e      0x2  ReadEquipData.o [1]
  .bss               zero     0x20009c80      0x2  SerialPort.o [1]
  .bss               zero     0x20009c82      0x2  SerialPort.o [1]
  .bss               zero     0x20009c84      0x2  SerialPort.o [1]
  .bss               zero     0x20009c86      0x2  SerialPort.o [1]
  .bss               zero     0x20009c88      0x2  SerialPort.o [1]
  .bss               zero     0x20009c8a      0x2  SerialPort.o [1]
  .bss               zero     0x20009c8c      0x2  SerialPort.o [1]
  .bss               zero     0x20009c8e      0x1  Appcon_API.o [1]
  .bss               zero     0x20009c8f      0x1  Appcon_API.o [1]
  .bss               zero     0x20009c90      0x1  Appcon_API.o [1]
  .bss               zero     0x20009c91      0x1  DriverPcb.o [1]
  .bss               zero     0x20009c92      0x1  DriverPcb.o [1]
  .bss               zero     0x20009c93      0x1  DriverPcb.o [1]
  .bss               zero     0x20009c94      0x1  DriverPcb.o [1]
  .bss               zero     0x20009c95      0x1  GPRS.o [1]
  .bss               zero     0x20009c96      0x1  GPRS.o [1]
  .bss               zero     0x20009c97      0x1  GPRS.o [1]
  .bss               zero     0x20009c98      0x1  IICEeprom_24CXX.o [1]
  .bss               zero     0x20009c99      0x1  IICEeprom_24CXX.o [1]
  .bss               zero     0x20009c9a      0x1  JINGDA.o [1]
  .bss               zero     0x20009c9b      0x1  JINGDA.o [1]
  .bss               zero     0x20009c9c      0x1  KingDaServer.o [1]
  .bss               zero     0x20009c9d      0x1  KingDaV1.o [1]
  .bss               zero     0x20009c9e      0x1  KingDaV1.o [1]
  .bss               zero     0x20009c9f      0x1  MG2618.o [1]
  .bss               zero     0x20009ca0      0x1  ReadEquipData.o [1]
  .bss               zero     0x20009ca1      0x1  ReadEquipData.o [1]
  .bss               zero     0x20009ca2      0x1  ReadEquipData.o [1]
  .bss               zero     0x20009ca3      0x1  ReadEquipData.o [1]
  .bss               zero     0x20009ca4      0x1  ReadEquipData.o [1]
  .bss               zero     0x20009ca5      0x1  ReadEquipData.o [1]
  .bss               zero     0x20009ca6      0x1  ReadEquipData.o [1]
  .bss               zero     0x20009ca7      0x1  ReadEquipData.o [1]
  .bss               zero     0x20009ca8      0x1  ReadEquipData.o [1]
  .bss               zero     0x20009ca9      0x1  ReadEquipData.o [1]
  .bss               zero     0x20009caa      0x1  ReadEquipData.o [1]
  .bss               zero     0x20009cab      0x1  ReadEquipData.o [1]
  .bss               zero     0x20009cac      0x1  ReadEquipData.o [1]
  .bss               zero     0x20009cad      0x1  SerialPort.o [1]
  .bss               zero     0x20009cae      0x1  SerialPort.o [1]
  .bss               zero     0x20009caf      0x1  SerialPort.o [1]
  .bss               zero     0x20009cb0      0x1  SerialPort.o [1]
  .bss               zero     0x20009cb1      0x1  SofTimer.o [1]
  .bss               zero     0x20009cb2      0x1  SofTimer.o [1]
  .bss               zero     0x20009cb3      0x1  SofTimer.o [1]
  .bss               zero     0x20009cb4      0x1  SofTimer.o [1]
  .bss               zero     0x20009cb5      0x1  SofTimer.o [1]
  .bss               zero     0x20009cb6      0x1  SofTimer.o [1]
  .bss               zero     0x20009cb7      0x1  SofTimer.o [1]
                            - 0x20009cb8   0x8c78


*******************************************************************************
*** INIT TABLE
***

          Address     Size
          -------     ----
Zero (__iar_zero_init3)
    1 destination range, total size 0x8c78:
          0x20001040  0x8c78

Copy/packbits (__iar_packbits_init_single3)
    1 source range, total size 0x2f (75% of destination):
          0x08014b51    0x2f
    1 destination range, total size 0x3e:
          0x20000000    0x3e



*******************************************************************************
*** MODULE SUMMARY
***

    Module                  ro code  ro data  rw data
    ------                  -------  -------  -------
F:\0中科君达\0项目\集中器资料\485集中器\新版\485集中器软件（CY）\V2.2.0\Projects\EWARM\Debug\Obj: [1]
    APPCON.o                  2 476      316      204
    Appcon_API.o              3 880                47
    CJT-188-2004.o              780               320
    CRC8.o                      166      256
    Common_API.o                618       12
    DriverPcb.o                 816       24      144
    GPRS.o                    3 912        9       14
    IICEeprom_24CXX.o         1 552                 6
    JINGDA.o                  4 788       72    4 514
    KingDaServer.o            6 736             3 313
    KingDaV1.o               15 832       22      322
    MCPX.o                    3 244       15      787
    MCU_Config.o              1 900
    MG2618.o                  4 044    2 428      137
    PCF8563.o                 1 340                 8
    PowercConfig.o              216
    ReadEquipData.o           5 324            24 019
    SerialPort.o              6 144        3    1 121
    SofTimer.o                1 908        1    1 032
    W25QXX.o                    812        1
    diskio.o                    576
    ff.o                      6 816      100       10
    filter.o                    166
    main.o                    1 468       12        4
    misc.o                      156
    startup_stm32f10x_hd.o      336
    stm32_it.o                  980
    stm32f10x_adc.o             580
    stm32f10x_dma.o              22
    stm32f10x_exti.o            152
    stm32f10x_flash.o            60
    stm32f10x_gpio.o            552
    stm32f10x_i2c.o             624
    stm32f10x_iwdg.o             56
    stm32f10x_rcc.o             916       15       20
    stm32f10x_spi.o             248
    stm32f10x_usart.o           514
    system_stm32f10x.o          344
    -------------------------------------------------
    Total:                   81 054    3 286   36 022

command line: [2]
    -------------------------------------------------
    Total:

dl7M_tln.a: [3]
    exit.o                        4
    low_level_init.o              4
    strstr.o                     46
    -------------------------------------------------
    Total:                       54

rt7M_tl.a: [4]
    ABImemcpy_unaligned.o        86
    ABImemset.o                 102
    cexit.o                      10
    cmain.o                      26
    cstartup_M.o                 12
    data_init.o                  40
    packbits_init_single.o       56
    strchr.o                     22
    zero_init3.o                 64
    -------------------------------------------------
    Total:                      418

shb_l.a: [5]
    exit.o                       20
    -------------------------------------------------
    Total:                       20

    Linker created                        32    4 096
-----------------------------------------------------
    Grand Total:             81 546    3 318   40 118


*******************************************************************************
*** ENTRY LIST
***

Entry                      Address    Size  Type      Object
-----                      -------    ----  ----      ------
.iar.init_table$$Base   0x080143bc           --   Gb  - Linker created -
.iar.init_table$$Limit  0x080143dc           --   Gb  - Linker created -
?main                   0x08014419          Code  Gb  cmain.o [4]
ADC1_2_IRQHandler       0x08013a65     0x2  Code  Gb  stm32_it.o [1]
ADC1_Configuration      0x0800d96b   0x13c  Code  Gb  MCU_Config.o [1]
ADC1_DataBuff           0x20009b98    0x10  Data  Gb  DriverPcb.o [1]
ADC1_DataBuff_Updata    0x20009c91     0x1  Data  Lc  DriverPcb.o [1]
ADC1_TCIE_IRQ           0x080117cb     0x8  Code  Gb  DriverPcb.o [1]
ADC3_IRQHandler         0x08013bfb     0x2  Code  Gb  stm32_it.o [1]
ADCPrescTable           0x20000034     0x4  Data  Lc  stm32f10x_rcc.o [1]
ADC_Cmd                 0x080115eb    0x1a  Code  Gb  stm32f10x_adc.o [1]
ADC_DMACmd              0x08011605    0x1a  Code  Gb  stm32f10x_adc.o [1]
ADC_DeInit              0x0801153d    0x5e  Code  Gb  stm32f10x_adc.o [1]
ADC_GetCalibrationStatus
                        0x0801164b    0x18  Code  Gb  stm32f10x_adc.o [1]
ADC_GetResetCalibrationStatus
                        0x08011629    0x18  Code  Gb  stm32f10x_adc.o [1]
ADC_Init                0x0801159b    0x50  Code  Gb  stm32f10x_adc.o [1]
ADC_RegularChannelConfig
                        0x0801167d    0xee  Code  Gb  stm32f10x_adc.o [1]
ADC_ResetCalibration    0x0801161f     0xa  Code  Gb  stm32f10x_adc.o [1]
ADC_SoftwareStartConvCmd
                        0x08011663    0x1a  Code  Gb  stm32f10x_adc.o [1]
ADC_StartCalibration    0x08011641     0xa  Code  Gb  stm32f10x_adc.o [1]
APBAHBPrescTable        0x20000024    0x10  Data  Lc  stm32f10x_rcc.o [1]
APPCONS_Module          0x20009bb8     0xc  Data  Lc  APPCON.o [1]
APPCON_AckTimeOut       0x08007809    0x34  Code  Lc  APPCON.o [1]
APPCON_AsciiHexToDigit  0x080078d5    0x70  Code  Gb  APPCON.o [1]
APPCON_BATCH_AckFunc    0x08008069    0xae  Code  Lc  KingDaServer.o [1]
APPCON_BATCH_SendFunc   0x080075f9    0x54  Code  Gb  APPCON.o [1]
APPCON_BATCH_func       0x08008117    0x44  Code  Lc  KingDaServer.o [1]
APPCON_CMD_SendFunc     0x0800728d    0x6c  Code  Gb  APPCON.o [1]
APPCON_CloseOV_func     0x08008561    0x46  Code  Lc  KingDaServer.o [1]
APPCON_CommTsetAckFunc  0x080118d7    0x6e  Code  Lc  DriverPcb.o [1]
APPCON_DELNET_SendFunc  0x08007239    0x54  Code  Gb  APPCON.o [1]
APPCON_DeleteNode_AckFunc
                        0x08007f77    0xae  Code  Lc  KingDaServer.o [1]
APPCON_DeleteNode_func  0x08008025    0x44  Code  Lc  KingDaServer.o [1]
APPCON_FREQ_SendFunc    0x08007481    0xc2  Code  Gb  APPCON.o [1]
APPCON_GetOV_func       0x080085a7    0x46  Code  Lc  KingDaServer.o [1]
APPCON_HalfOV_func      0x080084d5    0x46  Code  Lc  KingDaServer.o [1]
APPCON_InPut            0x08006ff3    0x18  Code  Gb  APPCON.o [1]
APPCON_MtOV_func        0x0800851b    0x46  Code  Lc  KingDaServer.o [1]
APPCON_NETID_SendFunc   0x08007549    0xaa  Code  Gb  APPCON.o [1]
APPCON_OVSTATUS_AckFunc
                        0x08008287   0x17e  Code  Lc  KingDaServer.o [1]
APPCON_OVWeit_AckFunc   0x08008405    0x2a  Code  Gb  KingDaServer.o [1]
APPCON_OVWeit_Func      0x0800842f    0x60  Code  Lc  KingDaServer.o [1]
APPCON_OpenOV_func      0x0800848f    0x46  Code  Lc  KingDaServer.o [1]
APPCON_OutPutBuff       0x20009960    0xc0  Data  Lc  APPCON.o [1]
APPCON_RDNODE_SendFunc  0x08007385    0xa2  Code  Gb  APPCON.o [1]
APPCON_RDROUTER_SendFunc
                        0x08007427    0x5a  Code  Gb  APPCON.o [1]
APPCON_SPCP_init        0x08006f99    0x5a  Code  Gb  APPCON.o [1]
APPCON_STATUS_AckFunc   0x0800815b    0xe8  Code  Lc  KingDaServer.o [1]
APPCON_STATUS_SendFunc  0x0800764d    0x54  Code  Gb  APPCON.o [1]
APPCON_STATUS_func      0x08008243    0x44  Code  Lc  KingDaServer.o [1]
APPCON_ValveCmd_SendFunc
                        0x080072f9    0x8c  Code  Gb  APPCON.o [1]
ATA_disk_initialize     0x08012de9     0xa  Code  Gb  diskio.o [1]
ATA_disk_ioctl          0x08012e55    0x54  Code  Gb  diskio.o [1]
ATA_disk_read           0x08012e07    0x16  Code  Gb  diskio.o [1]
ATA_disk_status         0x08012dfb     0x4  Code  Gb  diskio.o [1]
ATA_disk_write          0x08012e29    0x20  Code  Gb  diskio.o [1]
AckTimeOut_MG2618       0x0800c4c9    0x50  Code  Lc  MG2618.o [1]
ActionMessageFunc       0x20009c14     0x4  Data  Lc  Appcon_API.o [1]
AddIntToString          0x0800e235    0x48  Code  Gb  Common_API.o [1]
AddString               0x0800e219    0x1c  Code  Gb  Common_API.o [1]
AllCurrentDataRcmd_Func
                        0x08009edb   0x156  Code  Lc  JINGDA.o [1]
AllFreezingDataRcmd_Func
                        0x0800a039   0x14e  Code  Lc  JINGDA.o [1]
AlterMeterWcmd_Func     0x0800a345    0xf6  Code  Lc  JINGDA.o [1]
AnalogComput            0x08011781    0x4a  Code  Gb  DriverPcb.o [1]
AppconMeasureValue_ToKingDaServer1
                        0x0800ef05   0x12c  Code  Gb  ReadEquipData.o [1]
AppconMeasureValue_ToKingDaServer2
                        0x0800f035   0x14c  Code  Gb  ReadEquipData.o [1]
Appcon_ReadNodeDatas_AckFunc
                        0x08011ea5   0x322  Code  Lc  Appcon_API.o [1]
Appcon_ReadNodeDatas_AckFunc::ERR_CNT
                        0x20009c90     0x1  Data  Lc  Appcon_API.o [1]
Appcon_ReadNodeDatas_AckFunc::Number
                        0x20009c6c     0x2  Data  Lc  Appcon_API.o [1]
Appcon_ReadNodeDatas_AckFunc::Number1
                        0x20009c6e     0x2  Data  Lc  Appcon_API.o [1]
Appcon_ReadNodeDatas_AckFunc::id
                        0x20009be0     0x8  Data  Lc  Appcon_API.o [1]
Appcon_ReadNodeDatas_Func
                        0x080121c7    0x50  Code  Gb  Appcon_API.o [1]
Appcon_Reading_AckFunc  0x08011d73    0xe0  Code  Lc  Appcon_API.o [1]
Appcon_Reading_Func     0x08011e53    0x52  Code  Gb  Appcon_API.o [1]
AsciiHexToBCD           0x0800e14b    0xbe  Code  Gb  Common_API.o [1]
BATCH_APPCON_AckFunc    0x08002c79    0xc0  Code  Lc  KingDaV1.o [1]
BATCH_APPCON_func       0x08002d39    0x16  Code  Lc  KingDaV1.o [1]
BCDToInt8               0x0800e0f1    0x5a  Code  Gb  Common_API.o [1]
BinChangeToBCD          0x08003a55    0x48  Code  Lc  KingDaV1.o [1]
BreakServerAction       0x08004b5d    0x92  Code  Gb  MCPX.o [1]
BuffVerify              0x08007b89    0x2a  Code  Lc  KingDaServer.o [1]
BusFault_Handler        0x08013c25     0x8  Code  Gb  stm32_it.o [1]
CAN1_RX1_IRQHandler     0x08013a6b     0x2  Code  Gb  stm32_it.o [1]
CAN1_SCE_IRQHandler     0x08013a6d     0x2  Code  Gb  stm32_it.o [1]
CGATT_ACK_Func          0x0800c6dd    0x2e  Code  Gb  MG2618.o [1]
CIFSR_ACK_Func          0x0800c7cd    0xe2  Code  Gb  MG2618.o [1]
CIICR_ACK_Func          0x0800c771    0x5c  Code  Gb  MG2618.o [1]
CIPCLOSE_ACK_Func       0x0800cb51    0x7a  Code  Gb  MG2618.o [1]
CIPCLOSE_PramFill       0x0800c499    0x2e  Code  Lc  MG2618.o [1]
CIPMUX_ACK_Func         0x0800cc0d    0x5a  Code  Gb  MG2618.o [1]
CIPMUX_PramFill         0x0800c389    0x22  Code  Lc  MG2618.o [1]
CIPSEND_ACK_Func        0x0800ca71    0xda  Code  Gb  MG2618.o [1]
CIPSEND_OK_Func         0x0800ca41    0x20  Code  Lc  MG2618.o [1]
CIPSTART_ACK_Func       0x0800c8b5   0x18c  Code  Gb  MG2618.o [1]
CJT188_AckTimeOut       0x0801127d    0x2e  Code  Gb  CJT-188-2004.o [1]
CJT188_OperateAckFunc   0x08009c51    0x60  Code  Lc  JINGDA.o [1]
CJT188_OperateNodeValve
                        0x080114bd    0x78  Code  Gb  CJT-188-2004.o [1]
CJT188_Send             0x080112ab    0x5e  Code  Lc  CJT-188-2004.o [1]
CJT188_SendCmd          0x08011437    0x86  Code  Gb  CJT-188-2004.o [1]
CMD_OK1                 0x08003fae     0x2  Data  Gb  KingDaV1.o [1]
COPS_ACK_Func           0x0800c519    0x2e  Code  Gb  MG2618.o [1]
CRC8                    0x08003f51    0x5e  Code  Gb  CRC8.o [1]
CRC8Table               0x080141b4   0x100  Data  Gb  CRC8.o [1]
CRC8_Extend             0x08003f2b    0x22  Code  Gb  CRC8.o [1]
CRC8_Table_FF           0x08003f09    0x22  Code  Gb  CRC8.o [1]
CSQ_ACK_Func            0x0800c559   0x184  Code  Gb  MG2618.o [1]
CSTACK$$Base            0x20000040           --   Gb  - Linker created -
CSTACK$$Limit           0x20001040           --   Gb  - Linker created -
CSTT_ACK_Func           0x0800c715    0x5c  Code  Gb  MG2618.o [1]
CSTT_PramFill           0x0800c35b    0x2e  Code  Lc  MG2618.o [1]
ChannelNumber           0x20009ca2     0x1  Data  Lc  ReadEquipData.o [1]
CloseOV_APPCON_func     0x080038c3    0x2a  Code  Lc  KingDaV1.o [1]
CloseRepeatersId_KindDa
                        0x08003e19    0x72  Code  Gb  KingDaV1.o [1]
Close_OV_ENF_func       0x080016cd   0x148  Code  Lc  KingDaV1.o [1]
Close_OV_func           0x080012c9   0x160  Code  Lc  KingDaV1.o [1]
Close_Repeaters_func    0x080028b9   0x12e  Code  Lc  KingDaV1.o [1]
CmdAckList_APPCON       0x08014368    0x2c  Data  Gb  APPCON.o [1]
CmdCodePV               0x20009ca4     0x1  Data  Lc  ReadEquipData.o [1]
CmdCodePV111            0x20009ca0     0x1  Data  Gb  ReadEquipData.o [1]
CmdNameList_APPCON      0x080142f4    0x3c  Data  Gb  APPCON.o [1]
CmdNameList_MG2618      0x08013c34   0x214  Data  Gb  MG2618.o [1]
CommPortClose_UEV       0x08004bef    0x2a  Code  Gb  MCPX.o [1]
CommandSerialization_MG2618
                        0x0800c251   0x10a  Code  Lc  MG2618.o [1]
Command_ACK_FuncList_MG2618
                        0x08013e48   0x214  Data  Gb  MG2618.o [1]
Command_pin             0x20009c9f     0x1  Data  Gb  MG2618.o [1]
CompString              0x0800c155    0x3e  Code  Gb  MG2618.o [1]
Concentrator            0x20009aa8    0x70  Data  Gb  MCPX.o [1]
ConcentratorUpdataTimer
                        0x20000020     0x4  Data  Gb  MCPX.o [1]
Concentrator_DebugTimer
                        0x20009c7c     0x2  Data  Gb  MCPX.o [1]
ConfigDataRcmd_Func     0x08009977    0x30  Code  Lc  JINGDA.o [1]
ConfigDataWcmd_Func     0x080098cb    0xac  Code  Lc  JINGDA.o [1]
CopyBuff                0x0800e209    0x10  Code  Gb  Common_API.o [1]
CurrentPort             0x20009c9a     0x1  Data  Lc  JINGDA.o [1]
DMA1_Channel1_IRQHandler
                        0x080138c9    0x20  Code  Gb  stm32_it.o [1]
DMA1_Channel2_IRQHandler
                        0x080138e9    0x3e  Code  Gb  stm32_it.o [1]
DMA1_Channel3_IRQHandler
                        0x08013927    0x3e  Code  Gb  stm32_it.o [1]
DMA1_Channel4_IRQHandler
                        0x08013965    0x46  Code  Gb  stm32_it.o [1]
DMA1_Channel5_IRQHandler
                        0x080139ab    0x3e  Code  Gb  stm32_it.o [1]
DMA1_Channel6_IRQHandler
                        0x080139e9    0x3e  Code  Gb  stm32_it.o [1]
DMA1_Channel7_IRQHandler
                        0x08013a27    0x3e  Code  Gb  stm32_it.o [1]
DMA2_Channel1_IRQHandler
                        0x08013c0d     0x2  Code  Gb  stm32_it.o [1]
DMA2_Channel2_IRQHandler
                        0x08013c0f     0x2  Code  Gb  stm32_it.o [1]
DMA2_Channel3_IRQHandler
                        0x08013c11     0x2  Code  Gb  stm32_it.o [1]
DMA2_Channel4_5_IRQHandler
                        0x08013c13     0x2  Code  Gb  stm32_it.o [1]
DMA_ITConfig            0x08011b71    0x16  Code  Gb  stm32f10x_dma.o [1]
DeInitBuff              0x08007b45    0x44  Code  Lc  KingDaServer.o [1]
DeInitBuff_PProtocol    0x08000879    0x3e  Code  Lc  KingDaV1.o [1]
DeInitBuff_Rs232        0x08004c4d    0x4a  Code  Gb  SerialPort.o [1]
DeInitBuff_Rs485        0x08005323    0x4a  Code  Gb  SerialPort.o [1]
DeInitBuff_USART2       0x08005cdd    0x4a  Code  Gb  SerialPort.o [1]
DeInitOutputBuff_MXPC   0x08004517    0x3e  Code  Gb  MCPX.o [1]
Decode_APPCON           0x0800700b   0x22e  Code  Gb  APPCON.o [1]
Decode_MG2618           0x0800bf45   0x210  Code  Gb  MG2618.o [1]
DefaulMessagetFunction  0x0801236b   0x126  Code  Lc  Appcon_API.o [1]
Default_ACK_Func        0x0800cc67    0x5c  Code  Lc  MG2618.o [1]
Delay                   0x0800644d     0xa  Code  Lc  IICEeprom_24CXX.o [1]
Delay                   0x08013219     0xa  Code  Lc  W25QXX.o [1]
DeleteMeterWcmd_Func    0x0800a43b   0x170  Code  Lc  JINGDA.o [1]
DeleteNet_APPCON_AckFunc
                        0x08002b91    0xd0  Code  Lc  KingDaV1.o [1]
DeleteNet_APPCON_func   0x08002c61    0x14  Code  Lc  KingDaV1.o [1]
DelymS                  0x0800e059    0x1c  Code  Gb  Common_API.o [1]
Dummy                   0x08014b50     0x1  Data  Gb  W25QXX.o [1]
EEPROM_I2C_BufferRead   0x08006743   0x162  Code  Gb  IICEeprom_24CXX.o [1]
EEPROM_I2C_BufferWrite  0x08006567    0xfc  Code  Gb  IICEeprom_24CXX.o [1]
EEPROM_I2C_MultipleRead
                        0x080069cd    0x42  Code  Gb  IICEeprom_24CXX.o [1]
EEPROM_I2C_MultipleWrite
                        0x08006a0f    0x42  Code  Gb  IICEeprom_24CXX.o [1]
EEPROM_I2C_PageWrite    0x08006663    0xe0  Code  Gb  IICEeprom_24CXX.o [1]
EEPROM_I2C_WaitEepromStandbyState
                        0x080068a5    0xee  Code  Lc  IICEeprom_24CXX.o [1]
EXTI0_IRQHandler        0x0801389d     0x2  Code  Gb  stm32_it.o [1]
EXTI15_10_IRQHandler    0x08013bed     0x2  Code  Gb  stm32_it.o [1]
EXTI1_IRQHandler        0x0801389f     0x2  Code  Gb  stm32_it.o [1]
EXTI2_IRQHandler        0x080138a1     0x2  Code  Gb  stm32_it.o [1]
EXTI3_IRQHandler        0x080138a3     0x2  Code  Gb  stm32_it.o [1]
EXTI4_IRQHandler        0x080138a5    0x24  Code  Gb  stm32_it.o [1]
EXTI9_5_IRQHandler      0x08013a6f    0x18  Code  Gb  stm32_it.o [1]
EXTI_Configuration      0x0800daa7    0x68  Code  Gb  MCU_Config.o [1]
EXTI_Init               0x08011b89    0x88  Code  Gb  stm32f10x_exti.o [1]
EepromPort_rset         0x08006555    0x12  Code  Gb  IICEeprom_24CXX.o [1]
EepromState             0x20009c98     0x1  Data  Gb  IICEeprom_24CXX.o [1]
EepromTimer             0x20009c2c     0x4  Data  Lc  IICEeprom_24CXX.o [1]
EepromTimer_CallBack    0x08006a51     0xc  Code  Lc  IICEeprom_24CXX.o [1]
Eeprom_DataInit         0x08013327    0x94  Code  Gb  main.o [1]
Eeprom_DataLoad         0x080133bb    0x5a  Code  Gb  main.o [1]
Electricity_Formul      0x080117f7    0x1c  Code  Gb  DriverPcb.o [1]
F8563_Interrupt         0x08006f15    0x28  Code  Gb  PCF8563.o [1]
F8563_back_init         0x08006ef1    0x24  Code  Gb  PCF8563.o [1]
F8563_woring_mode       0x08006ed9    0x18  Code  Gb  PCF8563.o [1]
FLASH_IRQHandler        0x08013899     0x2  Code  Gb  stm32_it.o [1]
FLASH_PrefetchBufferCmd
                        0x08011b4d    0x20  Code  Gb  stm32f10x_flash.o [1]
FLASH_SetLatency        0x08011b35    0x18  Code  Gb  stm32f10x_flash.o [1]
FSMC_IRQHandler         0x08013bfd     0x2  Code  Gb  stm32_it.o [1]
FatFs                   0x20009be8     0x8  Data  Lc  ff.o [1]
File                    0x20006e00  0x1024  Data  Lc  JINGDA.o [1]
Flash_Busy_check        0x08013081    0x38  Code  Lc  W25QXX.o [1]
Flash_Read              0x080130b9    0x66  Code  Gb  W25QXX.o [1]
Flash_Write             0x0801311f    0x8a  Code  Gb  W25QXX.o [1]
FrameVerify             0x08007c5d    0x80  Code  Lc  KingDaServer.o [1]
Frame_init              0x08011309    0x12  Code  Lc  CJT-188-2004.o [1]
Frame_init              0x08009395    0x3c  Code  Gb  JINGDA.o [1]
FreeBuff_PProtocol      0x08000959    0x40  Code  Lc  KingDaV1.o [1]
FreeBuff_Rs232          0x08004d21    0xaa  Code  Gb  SerialPort.o [1]
FreeBuff_Rs485          0x0800540d    0xaa  Code  Gb  SerialPort.o [1]
FreeBuff_USART2         0x08005dfd    0xae  Code  Gb  SerialPort.o [1]
FreeOutputBuffForData_MXPC
                        0x080045cd    0x7e  Code  Gb  MCPX.o [1]
FreeOutputBuff_MXPC     0x080045a9    0x24  Code  Gb  MCPX.o [1]
Free_KingDaServerBuff   0x08007c39    0x24  Code  Gb  KingDaServer.o [1]
Fsid                    0x20009c74     0x2  Data  Lc  ff.o [1]
GPIO_Configuration      0x0800d7c1   0x1aa  Code  Gb  MCU_Config.o [1]
GPIO_EXTILineConfig     0x0800d583    0x50  Code  Gb  stm32f10x_gpio.o [1]
GPIO_Init               0x0800d3b9   0x136  Code  Gb  stm32f10x_gpio.o [1]
GPIO_PinRemapConfig     0x0800d4fb    0x88  Code  Gb  stm32f10x_gpio.o [1]
GPIO_ResetBits          0x0800d4f5     0x6  Code  Gb  stm32f10x_gpio.o [1]
GPIO_SetBits            0x0800d4ef     0x6  Code  Gb  stm32f10x_gpio.o [1]
GetDataForBuff_GPRS     0x0800464b   0x110  Code  Lc  MCPX.o [1]
GetDataForBuff_GPRS::Data
                        0x20009c00     0x8  Data  Lc  MCPX.o [1]
GetDataForBuff_Rs232    0x08004ced    0x34  Code  Gb  SerialPort.o [1]
GetDataForBuff_Rs485    0x080053d9    0x34  Code  Gb  SerialPort.o [1]
GetDataForBuff_USART2   0x08005d7d    0x60  Code  Gb  SerialPort.o [1]
GetData_TCP_UDP         0x0800ccfd   0x114  Code  Lc  MG2618.o [1]
GetIdleBuff_PProtocol   0x080008df    0x7a  Code  Lc  KingDaV1.o [1]
GetIdleBuff_Rs232       0x08004c97    0x56  Code  Lc  SerialPort.o [1]
GetIdleBuff_Rs485       0x0800536d    0x6c  Code  Lc  SerialPort.o [1]
GetIdleBuff_USART2      0x08005d27    0x56  Code  Lc  SerialPort.o [1]
GetIdleOutputBuff_MXPC  0x08004555    0x54  Code  Lc  MCPX.o [1]
GetNextID_Repeaters     0x0800e2c5    0x8e  Code  Gb  ReadEquipData.o [1]
GetOV_APPCON_func       0x080038ed    0x28  Code  Lc  KingDaV1.o [1]
GetROUTER_APPCON_AckFunc
                        0x0800320b   0x118  Code  Lc  KingDaV1.o [1]
GetROUTER_APPCON_func   0x08003323    0x28  Code  Lc  KingDaV1.o [1]
GetReadingModuleStatus  0x08012233     0x8  Code  Gb  Appcon_API.o [1]
GetRepeatersState_AckFunc
                        0x08008b29    0x68  Code  Gb  KingDaServer.o [1]
GetRepeatersState_func  0x08008b91    0x44  Code  Lc  KingDaServer.o [1]
Get_KingDaServerBuff    0x08007bb3    0x86  Code  Gb  KingDaServer.o [1]
Get_MG2168PowerState    0x0800c1b3    0x12  Code  Gb  MG2618.o [1]
Get_OV_func             0x08001429   0x156  Code  Lc  KingDaV1.o [1]
GprsClose_UEV           0x0800b163    0x22  Code  Gb  GPRS.o [1]
GprsConnect_OK          0x0800a90f   0x132  Code  Gb  GPRS.o [1]
GprsGuarde_Process      0x0800b56d   0x124  Code  Gb  GPRS.o [1]
GprsInitConnect         0x0800aa41   0x722  Code  Lc  GPRS.o [1]
GprsInitConnect::cnt    0x20009c28     0x4  Data  Lc  GPRS.o [1]
GprsRcmd_Func           0x08009a59    0x34  Code  Lc  JINGDA.o [1]
GprsStop_time           0x20009c76     0x2  Data  Gb  GPRS.o [1]
GprsWcmd_Func           0x080099a7    0xb2  Code  Lc  JINGDA.o [1]
HalfOV_APPCON_func      0x0800386f    0x2a  Code  Lc  KingDaV1.o [1]
HandCmd_func            0x08007cdd    0xf0  Code  Lc  KingDaServer.o [1]
HardFault_Handler       0x08013c15     0x8  Code  Gb  stm32_it.o [1]
HeartBeat_Gprs          0x0800b345   0x180  Code  Lc  GPRS.o [1]
HeartBeat_Gprs::step    0x20009c7a     0x2  Data  Lc  GPRS.o [1]
I2C1_Configuration      0x0800dbdf    0xa8  Code  Gb  MCU_Config.o [1]
I2C1_ER_IRQHandler      0x08013a97     0x2  Code  Gb  stm32_it.o [1]
I2C1_EV_IRQHandler      0x08013a95     0x2  Code  Gb  stm32_it.o [1]
I2C1_Rset               0x0800dc87    0x1e  Code  Gb  MCU_Config.o [1]
I2C2_Configuration      0x0800dca5    0x98  Code  Gb  MCU_Config.o [1]
I2C2_ER_IRQHandler      0x08013a9b     0x2  Code  Gb  stm32_it.o [1]
I2C2_EV_IRQHandler      0x08013a99     0x2  Code  Gb  stm32_it.o [1]
I2C2_Rset               0x0800dd81    0x1e  Code  Gb  MCU_Config.o [1]
I2C_8563_ByteWrite      0x08006a67    0xc4  Code  Gb  PCF8563.o [1]
I2C_8563_byteRead       0x08006b2b   0x142  Code  Gb  PCF8563.o [1]
I2C_AcknowledgeConfig   0x0800df75    0x1c  Code  Gb  stm32f10x_i2c.o [1]
I2C_CheckEvent          0x0800dfcd    0x38  Code  Gb  stm32f10x_i2c.o [1]
I2C_ClearFlag           0x0800e04b     0xe  Code  Gb  stm32f10x_i2c.o [1]
I2C_Cmd                 0x0800df21    0x1c  Code  Gb  stm32f10x_i2c.o [1]
I2C_DeInit              0x0800dde9    0x36  Code  Gb  stm32f10x_i2c.o [1]
I2C_GenerateSTART       0x0800df3d    0x1c  Code  Gb  stm32f10x_i2c.o [1]
I2C_GenerateSTOP        0x0800df59    0x1c  Code  Gb  stm32f10x_i2c.o [1]
I2C_GetFlagStatus       0x0800e005    0x46  Code  Gb  stm32f10x_i2c.o [1]
I2C_Init                0x0800de1f    0xf2  Code  Gb  stm32f10x_i2c.o [1]
I2C_ReadRegister        0x0800dfb3    0x1a  Code  Gb  stm32f10x_i2c.o [1]
I2C_ReceiveData         0x0800df97     0x6  Code  Gb  stm32f10x_i2c.o [1]
I2C_Send7bitAddress     0x0800df9d    0x16  Code  Gb  stm32f10x_i2c.o [1]
I2C_SendData            0x0800df91     0x6  Code  Gb  stm32f10x_i2c.o [1]
I2C_SlaverAddress       0x20009c99     0x1  Data  Lc  IICEeprom_24CXX.o [1]
IDLE_Interrupt_Rs232    0x08004f23   0x126  Code  Gb  SerialPort.o [1]
IDLE_Interrupt_Rs485    0x08005601   0x126  Code  Gb  SerialPort.o [1]
IDLE_Interrupt_USART2   0x0800602b   0x124  Code  Gb  SerialPort.o [1]
INIT_PCB                0x080134d1    0x34  Code  Gb  main.o [1]
IWDG_Configuration      0x0800dd9f    0x22  Code  Gb  MCU_Config.o [1]
IWDG_Enable             0x08011d3b     0xa  Code  Gb  stm32f10x_iwdg.o [1]
IWDG_ReloadCounter      0x08011d31     0xa  Code  Gb  stm32f10x_iwdg.o [1]
IWDG_SetPrescaler       0x08011d21     0x8  Code  Gb  stm32f10x_iwdg.o [1]
IWDG_SetReload          0x08011d29     0x8  Code  Gb  stm32f10x_iwdg.o [1]
IWDG_WriteAccessCmd     0x08011d19     0x8  Code  Gb  stm32f10x_iwdg.o [1]
InPort_PV               0x20009c9c     0x1  Data  Lc  KingDaServer.o [1]
InPort_PV               0x20009c9d     0x1  Data  Lc  KingDaV1.o [1]
Input                   0x2000985c   0x104  Data  Lc  MCPX.o [1]
Int8ToBCD               0x0800e075    0x7c  Code  Gb  Common_API.o [1]
Integer                 0x08014538     0xc  Data  Gb  Common_API.o [1]
JD_ConfigData           0x20009bf0     0x8  Data  Gb  JINGDA.o [1]
JD_GprsData             0x20009b18    0x40  Data  Gb  JINGDA.o [1]
JINGDA_frameVerify      0x08009767    0x82  Code  Lc  JINGDA.o [1]
JingDa_InPut            0x080094bf   0x2a8  Code  Gb  JINGDA.o [1]
JingDa_OutPutBuff       0x2000951c   0x12c  Data  Lc  JINGDA.o [1]
JingDa_Send             0x0800a5bf    0x64  Code  Gb  JINGDA.o [1]
KindgGetOV_AckFunc      0x080087d1    0xa8  Code  Lc  KingDaServer.o [1]
KindgOperateValve_AckFunc
                        0x080086d5    0xfc  Code  Lc  KingDaServer.o [1]
KingDaServer_BuffSend   0x08008e29    0x9a  Code  Gb  KingDaServer.o [1]
KingDaServer_DeInit     0x08007945    0x10  Code  Gb  KingDaServer.o [1]
KingDaServer_input      0x08007955   0x1f0  Code  Gb  KingDaServer.o [1]
KingDaV1Protocol_DeInit
                        0x08000131    0x10  Code  Gb  KingDaV1.o [1]
KingDaV1Protocol_OK_Ackfunc
                        0x08000433   0x124  Code  Gb  KingDaV1.o [1]
KingDaV1Protocol_input  0x08000557   0x322  Code  Gb  KingDaV1.o [1]
KingDaV1send_buff       0x200093dc   0x140  Data  Gb  KingDaV1.o [1]
KingDa_CloseOV_ENF_func
                        0x080089bd    0x4e  Code  Lc  KingDaServer.o [1]
KingDa_CloseOV_func     0x08008921    0x4e  Code  Lc  KingDaServer.o [1]
KingDa_GetOV_func       0x08008a11    0x54  Code  Lc  KingDaServer.o [1]
KingDa_HalfOV_func      0x080088d1     0x2  Code  Lc  KingDaServer.o [1]
KingDa_MtOV_func        0x080088d3    0x4e  Code  Lc  KingDaServer.o [1]
KingDa_OpenOV_ENF_func  0x0800896f    0x4e  Code  Lc  KingDaServer.o [1]
KingDa_OpenOV_func      0x0800887d    0x54  Code  Lc  KingDaServer.o [1]
LastCmd                 0x20009c9e     0x1  Data  Lc  KingDaV1.o [1]
Launch_24CXX            0x08006457    0x82  Code  Gb  IICEeprom_24CXX.o [1]
Launch_APC950           0x08011a29    0x36  Code  Gb  DriverPcb.o [1]
Launch_APC950_STEP      0x08011945    0xe4  Code  Lc  DriverPcb.o [1]
Launch_APC950_STEP::step
                        0x20009c94     0x1  Data  Lc  DriverPcb.o [1]
Launch_Rs232            0x0800508d   0x142  Code  Gb  SerialPort.o [1]
Launch_Rs485            0x08005779   0x18c  Code  Gb  SerialPort.o [1]
Launch_USART2           0x08006195   0x110  Code  Gb  SerialPort.o [1]
Launch_W25QXX           0x08012f79    0x90  Code  Gb  W25QXX.o [1]
LinkErr_time            0x20009c78     0x2  Data  Gb  GPRS.o [1]
LinkLed_time            0x20000038     0x1  Data  Gb  GPRS.o [1]
LocalAddr               0x20009bf8     0x8  Data  Lc  JINGDA.o [1]
MCPX_DeInit             0x08003fb1     0x8  Code  Gb  MCPX.o [1]
MCPX_Output             0x2000911c   0x180  Data  Lc  MCPX.o [1]
MCU_init                0x0800ddc1    0x28  Code  Gb  MCU_Config.o [1]
MG2618Infr              0x20009a20    0x88  Data  Gb  MG2618.o [1]
MMC_disk_initialize     0x08012df3     0x4  Code  Gb  diskio.o [1]
MMC_disk_ioctl          0x08012ea9     0x6  Code  Gb  diskio.o [1]
MMC_disk_read           0x08012e1d     0x6  Code  Gb  diskio.o [1]
MMC_disk_status         0x08012dff     0x4  Code  Gb  diskio.o [1]
MMC_disk_write          0x08012e49     0x6  Code  Gb  diskio.o [1]
MT_OV_ALL_func          0x08001979    0x3a  Code  Lc  KingDaV1.o [1]
MT_OV_func              0x08001819   0x160  Code  Lc  KingDaV1.o [1]
MXPC_Retrans            0x08004399    0x5e  Code  Gb  MCPX.o [1]
MXPC_SendSingle         0x0800416b   0x22e  Code  Gb  MCPX.o [1]
MXPC_Send_AutoRetrans   0x080043f7   0x120  Code  Gb  MCPX.o [1]
MXPC_Thread             0x08003fb9    0x90  Code  Gb  MCPX.o [1]
MatchinString           0x0800e27d    0x46  Code  Gb  Common_API.o [1]
MeasureValue_ToKingDaServer
                        0x0800edbf   0x140  Code  Gb  ReadEquipData.o [1]
MeasureValue_UpLoad_func
                        0x08008bd5    0xe2  Code  Lc  KingDaServer.o [1]
MemManage_Handler       0x08013c1d     0x8  Code  Gb  stm32_it.o [1]
MessageDefaultFunction  0x080122ed    0x34  Code  Lc  Appcon_API.o [1]
MeterErrRcmd_Func       0x08009c37    0x1a  Code  Lc  JINGDA.o [1]
MeterRcmd_Func          0x08009b13   0x124  Code  Lc  JINGDA.o [1]
MeterWcmd_Func          0x08009a8d    0x86  Code  Lc  JINGDA.o [1]
ModuleStatus            0x20009c8e     0x1  Data  Lc  Appcon_API.o [1]
MtOV_APPCON_func        0x08003899    0x2a  Code  Lc  KingDaV1.o [1]
NVIC_Configuration      0x0800d6f7    0xca  Code  Gb  MCU_Config.o [1]
NVIC_Init               0x0800d5eb    0x68  Code  Gb  misc.o [1]
NVIC_PriorityGroupConfig
                        0x0800d5e1     0xa  Code  Gb  misc.o [1]
NVIC_SetPriority        0x080132a5    0x2a  Code  Lc  main.o [1]
NVIC_SetVectorTable     0x0800d653     0xc  Code  Gb  misc.o [1]
NVIC_SystemReset        0x080132cf    0x20  Code  Lc  main.o [1]
NVIC_SystemReset        0x08013861    0x20  Code  Lc  stm32_it.o [1]
NodeNumberPV            0x20009ca3     0x1  Data  Lc  ReadEquipData.o [1]
NodeValuelist           0x20001040  0x5dc0  Data  Lc  ReadEquipData.o [1]
OFF_24CXX               0x080064d9    0x7c  Code  Gb  IICEeprom_24CXX.o [1]
OPen_Repeaters_func     0x08002759   0x160  Code  Lc  KingDaV1.o [1]
OUT_Ibf                 0x20009c72     0x2  Data  Gb  DriverPcb.o [1]
OUT_Ibf_BUF             0x20009b78    0x20  Data  Lc  DriverPcb.o [1]
OUT_Ibf_SlideFilter     0x20000010    0x10  Data  Lc  DriverPcb.o [1]
OpenNETChannel_KindDa   0x08003d9d    0x7c  Code  Gb  KingDaV1.o [1]
OpenOV_APPCON_func      0x08003845    0x2a  Code  Lc  KingDaV1.o [1]
Open_OV_ENF_func        0x0800157f   0x148  Code  Lc  KingDaV1.o [1]
Open_OV_func            0x08001163   0x160  Code  Lc  KingDaV1.o [1]
OperateRcmd_Func        0x08009d91    0xf6  Code  Lc  JINGDA.o [1]
OperateValve_KindDa     0x08003cf3    0xaa  Code  Gb  KingDaV1.o [1]
OperateWcmd_Func        0x08009cb1    0xe0  Code  Lc  JINGDA.o [1]
PCF8563_Read_time       0x08006ddd    0xfc  Code  Gb  PCF8563.o [1]
PCF8563_Set_Time        0x08006c6d   0x170  Code  Gb  PCF8563.o [1]
PProtocolBuffVerify     0x080008b7    0x28  Code  Lc  KingDaV1.o [1]
PProtocol_ACK_TimerOutCallBack
                        0x08003ad9    0x5a  Code  Lc  KingDaV1.o [1]
PProtocol_SendEnd_CallBack
                        0x08003a9d    0x3c  Code  Lc  KingDaV1.o [1]
PProtocol_send          0x08003b33   0x11e  Code  Lc  KingDaV1.o [1]
PVD_IRQHandler          0x08013893     0x2  Code  Gb  stm32_it.o [1]
Page_Erase              0x080131a9    0x70  Code  Gb  W25QXX.o [1]
Port_sacn               0x08011829    0xae  Code  Gb  DriverPcb.o [1]
Port_sacn::count        0x20009c92     0x1  Data  Lc  DriverPcb.o [1]
Port_sacn::last_state   0x20009c93     0x1  Data  Lc  DriverPcb.o [1]
Port_sacn::prot_buff    0x20009bc4     0xc  Data  Lc  DriverPcb.o [1]
PowerConfig_Rs485       0x080059b5    0x9c  Code  Gb  SerialPort.o [1]
PowerOff_GPRS           0x0800c1c5    0x8c  Code  Gb  MG2618.o [1]
PowerOut_Cmd            0x0800a6b1    0x4a  Code  Gb  PowercConfig.o [1]
Present_CLI             0x20009bd0     0x8  Data  Gb  Appcon_API.o [1]
Prot_DW                 0x20009c24     0x4  Data  Gb  DriverPcb.o [1]
Prot_UP                 0x20009c20     0x4  Data  Gb  DriverPcb.o [1]
Prot_state              0x20009c1c     0x4  Data  Gb  DriverPcb.o [1]
Protocol_frameVerify    0x08000999    0xfe  Code  Lc  KingDaV1.o [1]
QueryAppconStatus       0x08011d51    0x22  Code  Lc  Appcon_API.o [1]
RCC_ADCCLKConfig        0x0800d19d    0x14  Code  Gb  stm32f10x_rcc.o [1]
RCC_AHBPeriphClockCmd   0x0800d28d    0x1e  Code  Gb  stm32f10x_rcc.o [1]
RCC_APB1PeriphClockCmd  0x0800d2c9    0x1e  Code  Gb  stm32f10x_rcc.o [1]
RCC_APB1PeriphResetCmd  0x0800d305    0x1e  Code  Gb  stm32f10x_rcc.o [1]
RCC_APB2PeriphClockCmd  0x0800d2ab    0x1e  Code  Gb  stm32f10x_rcc.o [1]
RCC_APB2PeriphResetCmd  0x0800d2e7    0x1e  Code  Gb  stm32f10x_rcc.o [1]
RCC_Configuration       0x0800d67d    0x7a  Code  Gb  MCU_Config.o [1]
RCC_DeInit              0x0800d025    0x60  Code  Gb  stm32f10x_rcc.o [1]
RCC_GetClocksFreq       0x0800d1b1    0xdc  Code  Gb  stm32f10x_rcc.o [1]
RCC_GetFlagStatus       0x0800d323    0x52  Code  Gb  stm32f10x_rcc.o [1]
RCC_GetSYSCLKSource     0x0800d155     0xa  Code  Gb  stm32f10x_rcc.o [1]
RCC_HCLKConfig          0x0800d15f    0x14  Code  Gb  stm32f10x_rcc.o [1]
RCC_HSEConfig           0x0800d085    0x56  Code  Gb  stm32f10x_rcc.o [1]
RCC_IRQHandler          0x0801389b     0x2  Code  Gb  stm32_it.o [1]
RCC_PCLK1Config         0x0800d173    0x14  Code  Gb  stm32f10x_rcc.o [1]
RCC_PCLK2Config         0x0800d187    0x16  Code  Gb  stm32f10x_rcc.o [1]
RCC_PLLCmd              0x0800d137     0xa  Code  Gb  stm32f10x_rcc.o [1]
RCC_PLLConfig           0x0800d11b    0x1c  Code  Gb  stm32f10x_rcc.o [1]
RCC_SYSCLKConfig        0x0800d141    0x14  Code  Gb  stm32f10x_rcc.o [1]
RCC_WaitForHSEStartUp   0x0800d0db    0x40  Code  Gb  stm32f10x_rcc.o [1]
RDNODE_APPCON_AckFunc   0x080030d5   0x118  Code  Lc  KingDaV1.o [1]
RDNODE_APPCON_func      0x080031ed    0x1e  Code  Lc  KingDaV1.o [1]
RDNODE_ID               0x20009bd8     0x8  Data  Lc  Appcon_API.o [1]
RDNODE_Number           0x20009c6a     0x2  Data  Lc  Appcon_API.o [1]
RS485_IdleTime          0x20009c80     0x2  Data  Gb  SerialPort.o [1]
RTCAlarm_IRQHandler     0x08013bef     0x2  Code  Gb  stm32_it.o [1]
RTC_IRQHandler          0x08013897     0x2  Code  Gb  stm32_it.o [1]
RTC_Timer               0x20009c30     0x4  Data  Gb  main.o [1]
RTC_reset               0x080134b1    0x20  Code  Gb  main.o [1]
RXNE_Interrupt_Rs232    0x08004eb1    0x72  Code  Gb  SerialPort.o [1]
RXNE_Interrupt_Rs485    0x080055b1    0x50  Code  Gb  SerialPort.o [1]
RXNE_Interrupt_USART2   0x08005fb9    0x72  Code  Gb  SerialPort.o [1]
ReadALLMeasureValue_ToKingDaServer_ACK
                        0x0800926d   0x100  Code  Gb  KingDaServer.o [1]
ReadALLMeasureValue_func
                        0x08008cc1   0x122  Code  Lc  KingDaServer.o [1]
ReadAllAppconMeasureValue_ToKingDaServer_ACK
                        0x08012aad   0x192  Code  Gb  Appcon_API.o [1]
ReadAllAppconMeasureValue_ToKingDaServer_AckFunc
                        0x080126ad   0x3e4  Code  Lc  Appcon_API.o [1]
ReadAllAppconMeasureValue_ToKingDaServer_AckSendFunc
                        0x080124b9   0x1ec  Code  Lc  Appcon_API.o [1]
ReadAllAppcon_AckBuff   0x20009c18     0x4  Data  Lc  Appcon_API.o [1]
ReadChannelNodeNumber_Repeaters_func
                        0x080029e7   0x144  Code  Lc  KingDaV1.o [1]
ReadChannel_Concentrator_func
                        0x08001d5f    0x70  Code  Lc  KingDaV1.o [1]
ReadCycle_Concentrator_func
                        0x08001bb1    0x78  Code  Lc  KingDaV1.o [1]
ReadDDR2_func           0x08000e8f   0x156  Code  Lc  KingDaV1.o [1]
ReadDDRS_func           0x08000d4d   0x142  Code  Lc  KingDaV1.o [1]
ReadData_func           0x08000bf3   0x150  Code  Lc  KingDaV1.o [1]
ReadFreq_APPCON_AckFunc
                        0x08003351   0x124  Code  Lc  KingDaV1.o [1]
ReadFreq_APPCON_func    0x08003475    0x18  Code  Lc  KingDaV1.o [1]
ReadGprsRssi_func       0x08002b2b    0x66  Code  Lc  KingDaV1.o [1]
ReadID_Repeaters_func   0x08002511   0x116  Code  Lc  KingDaV1.o [1]
ReadId_Concentrator_func
                        0x080019b3    0x6a  Code  Lc  KingDaV1.o [1]
ReadIpEnd_Concentrator_func
                        0x08001e93    0x5a  Code  Lc  KingDaV1.o [1]
ReadMeasureValue_AckFunc
                        0x08007dcd    0x7a  Code  Gb  KingDaServer.o [1]
ReadMeasureValue_OFF_AckFunc
                        0x08007e47    0x1a  Code  Gb  KingDaServer.o [1]
ReadMeasureValue_func   0x080085f5    0x80  Code  Lc  KingDaServer.o [1]
ReadNetId_APPCON_AckFunc
                        0x08002eb9   0x126  Code  Lc  KingDaV1.o [1]
ReadNetId_APPCON_func   0x08002fdf    0x18  Code  Lc  KingDaV1.o [1]
ReadNodeValue_APPCON_AckFunc
                        0x08007e61   0x116  Code  Lc  KingDaServer.o [1]
ReadNodeValue_APPCON_AckFunc
                        0x08003567   0x126  Code  Lc  KingDaV1.o [1]
ReadNodeValue_APPCON_func
                        0x0800368d    0x18  Code  Lc  KingDaV1.o [1]
ReadNodeValue_KindDa    0x08003c85    0x6e  Code  Gb  KingDaV1.o [1]
ReadRepeatersNodeNumber_KindDa
                        0x08003e8b    0x7e  Code  Gb  KingDaV1.o [1]
ReadServerInf_Concentrator_func
                        0x08001f89   0x13c  Code  Lc  KingDaV1.o [1]
ReadServer_Concentrator_func
                        0x08002257    0xf4  Code  Lc  KingDaV1.o [1]
ReadTime_Concentrator_func
                        0x08001aa1    0x98  Code  Lc  KingDaV1.o [1]
ReadValueAll_Appcon_Func
                        0x0800e63f    0x78  Code  Gb  ReadEquipData.o [1]
ReadValueAll_KindgDa_AckFunc
                        0x0800e6b7   0x650  Code  Gb  ReadEquipData.o [1]
ReadValueAll_KindgDa_ErrFunc
                        0x0800ed09    0xb6  Code  Lc  ReadEquipData.o [1]
ReadValue_func          0x08000a97   0x15c  Code  Lc  KingDaV1.o [1]
ReadingStep             0x20009c8f     0x1  Data  Lc  Appcon_API.o [1]
ReadingSteup_Func       0x08009e87     0x4  Code  Lc  JINGDA.o [1]
ReadingTime             0x20009c10     0x4  Data  Lc  Appcon_API.o [1]
ReadingTimeOut          0x08012217    0x1c  Code  Lc  Appcon_API.o [1]
ReadingWcmd_Func        0x08009e8b    0x50  Code  Lc  JINGDA.o [1]
Reboot_MG2618           0x0800a789    0xb0  Code  Gb  GPRS.o [1]
Reboot_MG2618_STEP      0x0800a839    0xd6  Code  Lc  GPRS.o [1]
Reboot_MG2618_STEP::step
                        0x20009c95     0x1  Data  Lc  GPRS.o [1]
Reboot_init             0x0801374b    0x1e  Code  Gb  main.o [1]
Reboot_launch           0x08013705    0x46  Code  Gb  main.o [1]
Reconnec                0x08004827   0x2b6  Code  Lc  MCPX.o [1]
Region$$Table$$Base     0x080143bc           --   Gb  - Linker created -
Region$$Table$$Limit    0x080143dc           --   Gb  - Linker created -
RepeatersId             0x20009ca1     0x1  Data  Lc  ReadEquipData.o [1]
RepeatersNodes          0x20009c34     0x4  Data  Lc  ReadEquipData.o [1]
Rs232Flg                0x2000003a     0x1  Data  Gb  SerialPort.o [1]
Rs232_RX_CNT            0x20009c84     0x2  Data  Lc  SerialPort.o [1]
Rs232_RX_P              0x20009c3c     0x4  Data  Lc  SerialPort.o [1]
Rs232_ReceiveMod        0x20009cad     0x1  Data  Lc  SerialPort.o [1]
Rs232_SendEnd_CallBack  0x20009c40     0x4  Data  Lc  SerialPort.o [1]
Rs232_SendEnd_CallBack_arg
                        0x20009c44     0x4  Data  Lc  SerialPort.o [1]
Rs232_TX_CNT            0x20009c82     0x2  Data  Lc  SerialPort.o [1]
Rs232_TX_P              0x20009c38     0x4  Data  Lc  SerialPort.o [1]
Rs232_buff              0x20009754   0x108  Data  Lc  SerialPort.o [1]
Rs485Flg                0x2000003b     0x1  Data  Gb  SerialPort.o [1]
Rs485_PortPV            0x20009caf     0x1  Data  Lc  SerialPort.o [1]
Rs485_RX_CNT            0x20009c88     0x2  Data  Lc  SerialPort.o [1]
Rs485_RX_P              0x20009c4c     0x4  Data  Lc  SerialPort.o [1]
Rs485_ReceiveMod        0x20009cae     0x1  Data  Lc  SerialPort.o [1]
Rs485_SendEnd_CallBack  0x20009c50     0x4  Data  Lc  SerialPort.o [1]
Rs485_SendEnd_CallBack_arg
                        0x20009c54     0x4  Data  Lc  SerialPort.o [1]
Rs485_TX_CNT            0x20009c86     0x2  Data  Lc  SerialPort.o [1]
Rs485_TX_P              0x20009c48     0x4  Data  Lc  SerialPort.o [1]
Rs485_buff              0x20009648   0x10c  Data  Lc  SerialPort.o [1]
SDIO_IRQHandler         0x08013bff     0x2  Code  Gb  stm32_it.o [1]
SPI1_IRQHandler         0x08013a9d     0x2  Code  Gb  stm32_it.o [1]
SPI2_Configuration      0x0800db0f    0xd0  Code  Gb  MCU_Config.o [1]
SPI2_IRQHandler         0x08013a9f     0x2  Code  Gb  stm32_it.o [1]
SPI3_IRQHandler         0x08013c03     0x2  Code  Gb  stm32_it.o [1]
SPI_CalculateCRC        0x08011cfd    0x1c  Code  Gb  stm32f10x_spi.o [1]
SPI_Cmd                 0x08011cc5    0x1c  Code  Gb  stm32f10x_spi.o [1]
SPI_I2S_DeInit          0x08011c21    0x58  Code  Gb  stm32f10x_spi.o [1]
SPI_Init                0x08011c79    0x40  Code  Gb  stm32f10x_spi.o [1]
SPI_SSOutputCmd         0x08011ce1    0x1c  Code  Gb  stm32f10x_spi.o [1]
STATUS_APPCON_AckFunc   0x08002d4f   0x154  Code  Lc  KingDaV1.o [1]
STATUS_APPCON_func      0x08002ea3    0x16  Code  Lc  KingDaV1.o [1]
SendBuff                0x0800783d    0x82  Code  Lc  APPCON.o [1]
SendBuff                0x2000929c   0x140  Data  Lc  CJT-188-2004.o [1]
SendCmd_KindDaSPCP      0x08000215    0xe0  Code  Gb  KingDaV1.o [1]
SendCmd_MG2618          0x0800be45   0x100  Code  Gb  MG2618.o [1]
SendEnd_CallBack        0x08008de9    0x18  Code  Lc  KingDaServer.o [1]
SendHandCmdToKingDaServer
                        0x08008ec3    0x8c  Code  Gb  KingDaServer.o [1]
SendMeasureValue_ToKingDaServer1
                        0x0800f181   0x148  Code  Gb  ReadEquipData.o [1]
SendMeasureValue_ToKingDaServer1::DataFlg
                        0x20009ca6     0x1  Data  Lc  ReadEquipData.o [1]
SendMeasureValue_ToKingDaServer1::err_cnt
                        0x20009ca5     0x1  Data  Lc  ReadEquipData.o [1]
SendMeasureValue_ToKingDaServer1_ACK
                        0x0800f435   0x190  Code  Gb  ReadEquipData.o [1]
SendMeasureValue_ToKingDaServer1_ACK::DataFlg
                        0x20009ca9     0x1  Data  Lc  ReadEquipData.o [1]
SendMeasureValue_ToKingDaServer1_ACK::err_cnt
                        0x20009caa     0x1  Data  Lc  ReadEquipData.o [1]
SendMeasureValue_ToKingDaServer2
                        0x0800f2dd   0x148  Code  Gb  ReadEquipData.o [1]
SendMeasureValue_ToKingDaServer2::DataFlg
                        0x20009ca7     0x1  Data  Lc  ReadEquipData.o [1]
SendMeasureValue_ToKingDaServer2::err_cnt
                        0x20009ca8     0x1  Data  Lc  ReadEquipData.o [1]
SendMeasureValue_ToKingDaServer2_ACK
                        0x0800f5c5   0x18a  Code  Gb  ReadEquipData.o [1]
SendMeasureValue_ToKingDaServer2_ACK::DataFlg
                        0x20009cab     0x1  Data  Lc  ReadEquipData.o [1]
SendMeasureValue_ToKingDaServer2_ACK::err_cnt
                        0x20009cac     0x1  Data  Lc  ReadEquipData.o [1]
Send_OK                 0x0800a5b1     0xe  Code  Lc  JINGDA.o [1]
Server1_AckFunc         0x0800b29f    0x52  Code  Lc  GPRS.o [1]
Server1_AckFunc::cnt    0x20009c96     0x1  Data  Lc  GPRS.o [1]
Server2_AckFunc         0x0800b2f1    0x52  Code  Lc  GPRS.o [1]
Server2_AckFunc::cnt    0x20009c97     0x1  Data  Lc  GPRS.o [1]
ServerClose_UEV         0x08004add    0x80  Code  Gb  MCPX.o [1]
ServerConnect_OK        0x0800477d    0xaa  Code  Gb  MCPX.o [1]
ServerState             0x20009ba8    0x10  Data  Gb  MCPX.o [1]
SetModuleToIdle         0x08007801     0x8  Code  Lc  APPCON.o [1]
SetReadingModuleStatus  0x0801223b    0xb2  Code  Gb  Appcon_API.o [1]
SetSysClock             0x080140b1     0x8  Code  Lc  system_stm32f10x.o [1]
SetSysClockTo72         0x080140b9    0xe0  Code  Lc  system_stm32f10x.o [1]
SingCurrentDataRcmd_Func
                        0x0800a18d    0xd8  Code  Lc  JINGDA.o [1]
SingFreezingDataRcmd_Func
                        0x0800a269    0xdc  Code  Lc  JINGDA.o [1]
SlideFilter             0x08012ee7    0x78  Code  Gb  filter.o [1]
SlideFilter_rset        0x08012eb9    0x2e  Code  Gb  filter.o [1]
SofTimerCreate          0x0800b763    0x64  Code  Gb  SofTimer.o [1]
SofTimerDel             0x0800b82f    0x28  Code  Gb  SofTimer.o [1]
SofTimerRset            0x0800b857    0x1c  Code  Gb  SofTimer.o [1]
SofTimerStart           0x0800b7ef    0x20  Code  Gb  SofTimer.o [1]
SofTimerStop            0x0800b80f    0x20  Code  Gb  SofTimer.o [1]
SofTimerVerify          0x0800b73f    0x24  Code  Lc  SofTimer.o [1]
SofTimer_ChangePeriod   0x0800b7c7    0x28  Code  Gb  SofTimer.o [1]
SofTimer_DeInit         0x0800b6d1    0x28  Code  Gb  SofTimer.o [1]
SofTimer_Process        0x0800b873   0x57e  Code  Gb  SofTimer.o [1]
SofTimer_Process::Delayed
                        0x2000003d     0x1  Data  Lc  SofTimer.o [1]
SofTimer_Process::Second
                        0x20009cb7     0x1  Data  Lc  SofTimer.o [1]
SofTimer_Process::_100mS_cnt
                        0x20009cb3     0x1  Data  Lc  SofTimer.o [1]
SofTimer_Process::_10mS_cnt
                        0x20009cb2     0x1  Data  Lc  SofTimer.o [1]
SofTimer_Process::_1H_1H
                        0x20009cb6     0x1  Data  Lc  SofTimer.o [1]
SofTimer_Process::_1M_cnt
                        0x20009cb5     0x1  Data  Lc  SofTimer.o [1]
SofTimer_Process::_1S_cnt
                        0x20009cb4     0x1  Data  Lc  SofTimer.o [1]
State                   0x20009c9b     0x1  Data  Lc  JINGDA.o [1]
StatusTest              0x08012321    0x4a  Code  Lc  Appcon_API.o [1]
StopAutoRetrans         0x080077f3     0xe  Code  Lc  APPCON.o [1]
StopListen_MG2618       0x0800c193    0x20  Code  Gb  MG2618.o [1]
SyncRate_ACK_Func       0x0800cbd5    0x38  Code  Gb  MG2618.o [1]
SysTick_Config          0x080132ef    0x38  Code  Lc  main.o [1]
SysTick_Handler         0x08013881    0x10  Code  Gb  stm32_it.o [1]
SystemInit              0x0801405d    0x54  Code  Gb  system_stm32f10x.o [1]
SystemTimer             0x20009c08     0x8  Data  Gb  PCF8563.o [1]
SystermData_Load        0x08013415    0x9c  Code  Gb  main.o [1]
SystermInitDelayed      0x08013505   0x198  Code  Gb  main.o [1]
Systerm_INIT            0x0801369d    0x68  Code  Gb  main.o [1]
TAMPER_IRQHandler       0x08013895     0x2  Code  Gb  stm32_it.o [1]
TCP_SendStart_MG2618    0x0800b185   0x11a  Code  Gb  GPRS.o [1]
TC_Interrupt_Rs232      0x08004e75    0x3c  Code  Gb  SerialPort.o [1]
TC_Interrupt_Rs485      0x08005569    0x48  Code  Gb  SerialPort.o [1]
TC_Interrupt_USART2     0x08005f71    0x3c  Code  Gb  SerialPort.o [1]
TIM1_BRK_IRQHandler     0x08013a87     0x2  Code  Gb  stm32_it.o [1]
TIM1_CC_IRQHandler      0x08013a8d     0x2  Code  Gb  stm32_it.o [1]
TIM1_TRG_COM_IRQHandler
                        0x08013a8b     0x2  Code  Gb  stm32_it.o [1]
TIM1_UP_IRQHandler      0x08013a89     0x2  Code  Gb  stm32_it.o [1]
TIM2_IRQHandler         0x08013a8f     0x2  Code  Gb  stm32_it.o [1]
TIM3_IRQHandler         0x08013a91     0x2  Code  Gb  stm32_it.o [1]
TIM4_IRQHandler         0x08013a93     0x2  Code  Gb  stm32_it.o [1]
TIM5_IRQHandler         0x08013c01     0x2  Code  Gb  stm32_it.o [1]
TIM6_IRQHandler         0x08013c09     0x2  Code  Gb  stm32_it.o [1]
TIM7_IRQHandler         0x08013c0b     0x2  Code  Gb  stm32_it.o [1]
TIM8_BRK_IRQHandler     0x08013bf3     0x2  Code  Gb  stm32_it.o [1]
TIM8_CC_IRQHandler      0x08013bf9     0x2  Code  Gb  stm32_it.o [1]
TIM8_TRG_COM_IRQHandler
                        0x08013bf7     0x2  Code  Gb  stm32_it.o [1]
TIM8_UP_IRQHandler      0x08013bf5     0x2  Code  Gb  stm32_it.o [1]
TXE_Interrupt_Rs232     0x08004dcb    0xaa  Code  Gb  SerialPort.o [1]
TXE_Interrupt_Rs485     0x080054b7    0xb2  Code  Gb  SerialPort.o [1]
TXE_Interrupt_USART2    0x08005ec1    0xaa  Code  Gb  SerialPort.o [1]
TcpSend_PramFill        0x0800c44d    0x4c  Code  Lc  MG2618.o [1]
TcpUdpConnect_PramFill  0x0800c3ab    0xa2  Code  Lc  MG2618.o [1]
TimeRcmd_Func           0x0800985b    0x70  Code  Lc  JINGDA.o [1]
TimeWcmd_Func           0x080097e9    0x72  Code  Lc  JINGDA.o [1]
TimerOut_CallBack       0x08008e01    0x28  Code  Lc  KingDaServer.o [1]
TotalNumber             0x20009c68     0x2  Data  Lc  Appcon_API.o [1]
Transpond_KingDaSPCP    0x080002f5   0x13e  Code  Gb  KingDaV1.o [1]
TuneUp_RTC_func         0x08008a65    0xc4  Code  Lc  KingDaServer.o [1]
UART4_IRQHandler        0x08013c05     0x2  Code  Gb  stm32_it.o [1]
UART5_IRQHandler        0x08013c07     0x2  Code  Gb  stm32_it.o [1]
USART1_IRQHandler       0x08013aa1    0x52  Code  Gb  stm32_it.o [1]
USART2Flg               0x2000003c     0x1  Data  Gb  SerialPort.o [1]
USART2_IRQHandler       0x08013af3    0x52  Code  Gb  stm32_it.o [1]
USART2_RX_CNT           0x20009c8c     0x2  Data  Lc  SerialPort.o [1]
USART2_RX_P             0x20009c5c     0x4  Data  Lc  SerialPort.o [1]
USART2_ReceiveMod       0x20009cb0     0x1  Data  Lc  SerialPort.o [1]
USART2_SendEnd_CallBack
                        0x20009c60     0x4  Data  Lc  SerialPort.o [1]
USART2_SendEnd_CallBack_arg
                        0x20009c64     0x4  Data  Lc  SerialPort.o [1]
USART2_TX_CNT           0x20009c8a     0x2  Data  Lc  SerialPort.o [1]
USART2_TX_P             0x20009c58     0x4  Data  Lc  SerialPort.o [1]
USART2_buff             0x20008f14   0x208  Data  Lc  SerialPort.o [1]
USART3_IRQHandler       0x08013b45    0x52  Code  Gb  stm32_it.o [1]
USART_ClearFlag         0x0800d017     0xc  Code  Gb  stm32f10x_usart.o [1]
USART_Cmd               0x0800cfa5    0x1c  Code  Gb  stm32f10x_usart.o [1]
USART_DeInit            0x0800ce21    0x90  Code  Gb  stm32f10x_usart.o [1]
USART_ITConfig          0x0800cfc1    0x56  Code  Gb  stm32f10x_usart.o [1]
USART_Init              0x0800ceb1    0xde  Code  Gb  stm32f10x_usart.o [1]
USBWakeUp_IRQHandler    0x08013bf1     0x2  Code  Gb  stm32_it.o [1]
USB_HP_CAN1_TX_IRQHandler
                        0x08013a67     0x2  Code  Gb  stm32_it.o [1]
USB_LP_CAN1_RX0_IRQHandler
                        0x08013a69     0x2  Code  Gb  stm32_it.o [1]
USB_disk_initialize     0x08012df7     0x4  Code  Gb  diskio.o [1]
USB_disk_ioctl          0x08012eaf     0x6  Code  Gb  diskio.o [1]
USB_disk_read           0x08012e23     0x6  Code  Gb  diskio.o [1]
USB_disk_status         0x08012e03     0x4  Code  Gb  diskio.o [1]
USB_disk_write          0x08012e4f     0x6  Code  Gb  diskio.o [1]
UpdatAppconMeasureValue_ToKingDaServer
                        0x08009069   0x1f4  Code  Gb  KingDaServer.o [1]
UpdatMeasureValue_ToKingDaServer
                        0x08008f55   0x106  Code  Gb  KingDaServer.o [1]
UsageFault_Handler      0x08013c2d     0x8  Code  Gb  stm32_it.o [1]
VIN_Ubf                 0x20009c70     0x2  Data  Gb  DriverPcb.o [1]
VIN_Ubf_BUF             0x20009b58    0x20  Data  Lc  DriverPcb.o [1]
VIN_Ubf_SlideFilter     0x20000000    0x10  Data  Lc  DriverPcb.o [1]
ValveCmd_APPCON_AckFunc
                        0x080036a5   0x1a0  Code  Lc  KingDaV1.o [1]
Voltage_Formul          0x080117d3    0x24  Code  Gb  DriverPcb.o [1]
WWDG_IRQHandler         0x08013891     0x2  Code  Gb  stm32_it.o [1]
WaitTimeOut             0x080076a1    0x34  Code  Lc  APPCON.o [1]
WriteChannelNodeNumber_Repeaters_func
                        0x0800391d   0x130  Code  Lc  KingDaV1.o [1]
WriteChannel_Concentrator_func
                        0x08001dd5    0xbe  Code  Lc  KingDaV1.o [1]
WriteCycle_Concentrator_func
                        0x08001c29   0x136  Code  Lc  KingDaV1.o [1]
WriteDDR1_func          0x08001161     0x2  Code  Lc  KingDaV1.o [1]
WriteDDR2_func          0x08000ff5   0x160  Code  Lc  KingDaV1.o [1]
WriteFreq_APPCON_AckFunc
                        0x0800348d    0xc0  Code  Lc  KingDaV1.o [1]
WriteFreq_APPCON_func   0x0800354d    0x18  Code  Lc  KingDaV1.o [1]
WriteID_Repeaters_func  0x0800262d   0x128  Code  Lc  KingDaV1.o [1]
WriteId_Concentrator_func
                        0x08001a1d    0x84  Code  Lc  KingDaV1.o [1]
WriteIpEnd_Concentrator_func
                        0x08001eed    0x9c  Code  Lc  KingDaV1.o [1]
WriteNetId_APPCON_AckFunc
                        0x08002ffd    0xc0  Code  Lc  KingDaV1.o [1]
WriteNetId_APPCON_func  0x080030bd    0x18  Code  Lc  KingDaV1.o [1]
WriteRate_APPCON_func   0x08003565     0x2  Code  Lc  KingDaV1.o [1]
WriteReadByte_W25QXX    0x08013009    0x78  Code  Gb  W25QXX.o [1]
WriteServerInf_Concentrator_func
                        0x080020c5   0x192  Code  Lc  KingDaV1.o [1]
WriteServer_Concentrator_func
                        0x0800234b   0x1c6  Code  Lc  KingDaV1.o [1]
WriteTime_Concentrator_func
                        0x08001b39    0x78  Code  Lc  KingDaV1.o [1]
WriteToRom_NodeValueRecord_KindgDa
                        0x0800e5e3    0x5c  Code  Gb  ReadEquipData.o [1]
Writedata_NoCheck_W25Q  0x08013245    0x60  Code  Gb  W25QXX.o [1]
_1mS_cnt                0x20009cb1     0x1  Data  Gb  SofTimer.o [1]
_OVWeit_AckFunc         0x08008681    0x54  Code  Lc  KingDaServer.o [1]
__aeabi_memset          0x0800a649          Code  Gb  ABImemset.o [4]
__cmain                 0x08014419          Code  Gb  cmain.o [4]
__exit                  0x08014449    0x14  Code  Gb  exit.o [5]
__iar_Memset            0x0800a649          Code  Gb  ABImemset.o [4]
__iar_Memset_word       0x0800a651          Code  Gb  ABImemset.o [4]
__iar_Strchr            0x08012f61          Code  Gb  strchr.o [4]
__iar_Strstr            0x08011b07    0x2e  Code  Gb  strstr.o [3]
__iar_data_init3        0x08014395    0x28  Code  Gb  data_init.o [4]
__iar_packbits_init_single3
                        0x08014331    0x38  Code  Gb  packbits_init_single.o [4]
__iar_program_start     0x080147fd          Code  Gb  cstartup_M.o [4]
__iar_unaligned___aeabi_memcpy4
                        0x08011ab1          Code  Gb  ABImemcpy_unaligned.o [4]
__iar_unaligned___aeabi_memcpy8
                        0x08011ab1          Code  Gb  ABImemcpy_unaligned.o [4]
__iar_zero_init3        0x080142b5    0x40  Code  Gb  zero_init3.o [4]
__low_level_init        0x08014433     0x4  Code  Gb  low_level_init.o [3]
__vector_table          0x08000000          Data  Gb  startup_stm32f10x_hd.o [1]
_call_main              0x08014425          Code  Gb  cmain.o [4]
_exit                   0x0801443d          Code  Gb  cexit.o [4]
_main                   0x0801442f          Code  Gb  cmain.o [4]
activateReceiveByDMA_Rs232
                        0x080051cf    0xb0  Code  Lc  SerialPort.o [1]
activateReceiveByDMA_Rs485
                        0x08005909    0xac  Code  Lc  SerialPort.o [1]
activateReceiveByDMA_USART2
                        0x080062a5    0x8a  Code  Lc  SerialPort.o [1]
addFrameStern           0x08011231    0x4c  Code  Lc  CJT-188-2004.o [1]
changeChannel_Rs485     0x08005afd    0xe6  Code  Gb  SerialPort.o [1]
check_fs                0x080103af    0x7e  Code  Lc  ff.o [1]
chk_chr                 0x0800f7e7    0x14  Code  Lc  ff.o [1]
clust2sect              0x0800f95d    0x1a  Code  Gb  ff.o [1]
create_chain            0x0800fc15    0xea  Code  Lc  ff.o [1]
create_name             0x080100ef   0x17c  Code  Lc  ff.o [1]
delay_us                0x08006a5d     0xa  Code  Lc  PCF8563.o [1]
dir_alloc               0x0800fec9    0x66  Code  Lc  ff.o [1]
dir_find                0x0800ff6f    0x68  Code  Lc  ff.o [1]
dir_next                0x0800fdad   0x11c  Code  Lc  ff.o [1]
dir_read                0x0800ffd7    0x94  Code  Lc  ff.o [1]
dir_register            0x0801006b    0x44  Code  Lc  ff.o [1]
dir_remove              0x080100af    0x40  Code  Lc  ff.o [1]
dir_sdi                 0x0800fcff    0xae  Code  Lc  ff.o [1]
disk_initialize         0x08012c79    0x3a  Code  Gb  diskio.o [1]
disk_ioctl              0x08012d99    0x50  Code  Gb  diskio.o [1]
disk_read               0x08012ced    0x56  Code  Gb  diskio.o [1]
disk_status             0x08012cb3    0x3a  Code  Gb  diskio.o [1]
disk_write              0x08012d43    0x56  Code  Gb  diskio.o [1]
eeprom_flg              0x08014544     0xc  Data  Gb  main.o [1]
exit                    0x08014437     0x4  Code  Gb  exit.o [3]
f_close                 0x08010f8f    0x2a  Code  Gb  ff.o [1]
f_lseek                 0x08010fb9   0x1a4  Code  Gb  ff.o [1]
f_open                  0x080108c1   0x18c  Code  Gb  ff.o [1]
f_read                  0x08010a4d   0x222  Code  Gb  ff.o [1]
f_sync                  0x08010ed9    0xb6  Code  Gb  ff.o [1]
f_unlink                0x0801115d    0xd4  Code  Gb  ff.o [1]
f_write                 0x08010c6f   0x26a  Code  Gb  ff.o [1]
find_volume             0x0801042d   0x43e  Code  Lc  ff.o [1]
follow_path             0x0801026b    0x90  Code  Lc  ff.o [1]
freeChannel_MG2618      0x0800b50d    0x4c  Code  Gb  GPRS.o [1]
freeJingDaSendBuff      0x08009447    0x78  Code  Gb  JINGDA.o [1]
freePresent_CLI         0x08012491    0x28  Code  Lc  Appcon_API.o [1]
freeSendBuff            0x080113cf    0x68  Code  Lc  CJT-188-2004.o [1]
freeSendBuff_APPCON     0x08007759    0x9a  Code  Gb  APPCON.o [1]
getChannel_Rs485        0x08005be3     0x6  Code  Gb  SerialPort.o [1]
getIdleChannel_MG2618   0x0800b4c9    0x44  Code  Gb  GPRS.o [1]
getInputData            0x08004049   0x122  Code  Lc  MCPX.o [1]
getInputData::step      0x20000039     0x1  Data  Lc  MCPX.o [1]
getJingDaSendBuff       0x080093d1    0x76  Code  Gb  JINGDA.o [1]
getPortForAddr          0x08000141    0xd4  Code  Lc  KingDaV1.o [1]
getPowerOut_State       0x0800a6fb    0x80  Code  Gb  PowercConfig.o [1]
getPowerRs485_State     0x08005a59    0x9c  Code  Gb  SerialPort.o [1]
getSendBuff             0x080076d5    0x84  Code  Lc  APPCON.o [1]
getSendBuff             0x0801131b    0xb4  Code  Lc  CJT-188-2004.o [1]
getServerPort           0x0800475b    0x22  Code  Gb  MCPX.o [1]
getSofTimer             0x0800b6f9    0x46  Code  Gb  SofTimer.o [1]
get_RS458ChannelNumber  0x08005307    0x1c  Code  Gb  SerialPort.o [1]
get_SystemTimer         0x08006f3d    0x3c  Code  Gb  PCF8563.o [1]
get_fat                 0x0800f977    0xe6  Code  Gb  ff.o [1]
get_fattime             0x08012eb5     0x4  Code  Gb  diskio.o [1]
get_ldnumber            0x080102fb    0xb4  Code  Lc  ff.o [1]
get_ldnumber{1}{2}{3}{4}{5}{8}::str
                        0x080143dc    0x20  Data  Lc  ff.o [1]
get_portstate           0x08011813    0x16  Code  Gb  DriverPcb.o [1]
ld_clust                0x0800ff2f    0x28  Code  Lc  ff.o [1]
main                    0x08013769    0xb2  Code  Gb  main.o [1]
mem_cmp                 0x0800f7c3    0x24  Code  Lc  ff.o [1]
mem_cpy                 0x0800f791    0x1c  Code  Lc  ff.o [1]
mem_set                 0x0800f7ad    0x16  Code  Lc  ff.o [1]
move_window             0x0800f84f    0x36  Code  Lc  ff.o [1]
put_fat                 0x0800fa5d   0x142  Code  Gb  ff.o [1]
receiveByDMA_TC_Interrupt_Rs232
                        0x08005077    0x16  Code  Gb  SerialPort.o [1]
receiveByDMA_TC_Interrupt_Rs485
                        0x08005735    0x16  Code  Gb  SerialPort.o [1]
receiveByDMA_TC_Interrupt_USART2
                        0x08006155    0x12  Code  Gb  SerialPort.o [1]
remove_chain            0x0800fb9f    0x76  Code  Lc  ff.o [1]
sendBuffByDMA_Rs232     0x0800527f    0x88  Code  Gb  SerialPort.o [1]
sendBuffByDMA_Rs485     0x08005bf1    0xdc  Code  Gb  SerialPort.o [1]
sendBuffByDMA_USART2    0x0800633d    0x68  Code  Gb  SerialPort.o [1]
sendByDMA_TC_Interrupt_Rs232
                        0x08005049    0x2e  Code  Gb  SerialPort.o [1]
sendByDMA_TC_Interrupt_USART2
                        0x08006167    0x24  Code  Gb  SerialPort.o [1]
sendStringByDMA_USART2  0x08006421    0x2c  Code  Gb  SerialPort.o [1]
send_buff               0x20007e24   0xcf0  Data  Lc  KingDaServer.o [1]
st_clust                0x0800ff57    0x18  Code  Lc  ff.o [1]
strchr                  0x08012f61          Code  Gb  strchr.o [4]
strstr                  0x0800ce11    0x10  Code  Gb  MCPX.o [1]
sync_fs                 0x0800f885    0xd8  Code  Lc  ff.o [1]
sync_window             0x0800f7fb    0x54  Code  Lc  ff.o [1]
tmr                     0x20008b14   0x400  Data  Lc  SofTimer.o [1]
validate                0x0801086b    0x3a  Code  Lc  ff.o [1]
write_NodeValueRecord_Appcon
                        0x0800e495   0x14e  Code  Gb  ReadEquipData.o [1]
write_NodeValueRecord_Appcon::write_NodeValueRecordcnt
                        0x20009c7e     0x2  Data  Lc  ReadEquipData.o [1]
write_NodeValueRecord_KindgDa
                        0x0800e353   0x142  Code  Gb  ReadEquipData.o [1]


[1] = F:\0中科君达\0项目\集中器资料\485集中器\新版\485集中器软件（CY）\V2.2.0\Projects\EWARM\Debug\Obj
[2] = command line
[3] = dl7M_tln.a
[4] = rt7M_tl.a
[5] = shb_l.a

  81 546 bytes of readonly  code memory
   3 318 bytes of readonly  data memory
  40 118 bytes of readwrite data memory

Errors: none
Warnings: none
