###############################################################################
#
# IAR ELF Linker V7.80.2.11947/W32 for ARM                11/Aug/2018  08:26:46
# Copyright 2007-2016 IAR Systems AB.
#
#    Output file  =  
#        F:\0中科君达\0项目\集中器资料\485集中器\新版\485集中器软件（CY20180714）\V2.2.0\Projects\EWARM\Debug\Exe\Concentrator.out
#    Map file     =  
#        F:\0中科君达\0项目\集中器资料\485集中器\新版\485集中器软件（CY20180714）\V2.2.0\Projects\EWARM\Debug\List\Concentrator.map
#    Command line =  
#        F:\0中科君达\0项目\集中器资料\485集中器\新版\485集中器软件（CY20180714）\V2.2.0\Projects\EWARM\Debug\Obj\APPCON.o
#        F:\0中科君达\0项目\集中器资料\485集中器\新版\485集中器软件（CY20180714）\V2.2.0\Projects\EWARM\Debug\Obj\Appcon_API.o
#        F:\0中科君达\0项目\集中器资料\485集中器\新版\485集中器软件（CY20180714）\V2.2.0\Projects\EWARM\Debug\Obj\CH376T.o
#        F:\0中科君达\0项目\集中器资料\485集中器\新版\485集中器软件（CY20180714）\V2.2.0\Projects\EWARM\Debug\Obj\CJT-188-2004.o
#        F:\0中科君达\0项目\集中器资料\485集中器\新版\485集中器软件（CY20180714）\V2.2.0\Projects\EWARM\Debug\Obj\Common_API.o
#        F:\0中科君达\0项目\集中器资料\485集中器\新版\485集中器软件（CY20180714）\V2.2.0\Projects\EWARM\Debug\Obj\CRC8.o
#        F:\0中科君达\0项目\集中器资料\485集中器\新版\485集中器软件（CY20180714）\V2.2.0\Projects\EWARM\Debug\Obj\diskio.o
#        "F:\0中科君达\0项目\集中器资料\485集中器\新版\485集中器软件（CY20180714）\V2.2.0\Projects\EWARM\Debug\Obj\DLT
#        645-1997.o"
#        F:\0中科君达\0项目\集中器资料\485集中器\新版\485集中器软件（CY20180714）\V2.2.0\Projects\EWARM\Debug\Obj\DriverPcb.o
#        F:\0中科君达\0项目\集中器资料\485集中器\新版\485集中器软件（CY20180714）\V2.2.0\Projects\EWARM\Debug\Obj\ENC28J60.o
#        F:\0中科君达\0项目\集中器资料\485集中器\新版\485集中器软件（CY20180714）\V2.2.0\Projects\EWARM\Debug\Obj\EquipMgmt.o
#        F:\0中科君达\0项目\集中器资料\485集中器\新版\485集中器软件（CY20180714）\V2.2.0\Projects\EWARM\Debug\Obj\ff.o
#        F:\0中科君达\0项目\集中器资料\485集中器\新版\485集中器软件（CY20180714）\V2.2.0\Projects\EWARM\Debug\Obj\filter.o
#        F:\0中科君达\0项目\集中器资料\485集中器\新版\485集中器软件（CY20180714）\V2.2.0\Projects\EWARM\Debug\Obj\GPRS.o
#        F:\0中科君达\0项目\集中器资料\485集中器\新版\485集中器软件（CY20180714）\V2.2.0\Projects\EWARM\Debug\Obj\IICEeprom_24CXX.o
#        F:\0中科君达\0项目\集中器资料\485集中器\新版\485集中器软件（CY20180714）\V2.2.0\Projects\EWARM\Debug\Obj\JINGDA.o
#        F:\0中科君达\0项目\集中器资料\485集中器\新版\485集中器软件（CY20180714）\V2.2.0\Projects\EWARM\Debug\Obj\KingDaServer.o
#        F:\0中科君达\0项目\集中器资料\485集中器\新版\485集中器软件（CY20180714）\V2.2.0\Projects\EWARM\Debug\Obj\KingDaV1.o
#        F:\0中科君达\0项目\集中器资料\485集中器\新版\485集中器软件（CY20180714）\V2.2.0\Projects\EWARM\Debug\Obj\main.o
#        F:\0中科君达\0项目\集中器资料\485集中器\新版\485集中器软件（CY20180714）\V2.2.0\Projects\EWARM\Debug\Obj\MCPX.o
#        F:\0中科君达\0项目\集中器资料\485集中器\新版\485集中器软件（CY20180714）\V2.2.0\Projects\EWARM\Debug\Obj\MCU_Config.o
#        F:\0中科君达\0项目\集中器资料\485集中器\新版\485集中器软件（CY20180714）\V2.2.0\Projects\EWARM\Debug\Obj\MG2618.o
#        F:\0中科君达\0项目\集中器资料\485集中器\新版\485集中器软件（CY20180714）\V2.2.0\Projects\EWARM\Debug\Obj\misc.o
#        F:\0中科君达\0项目\集中器资料\485集中器\新版\485集中器软件（CY20180714）\V2.2.0\Projects\EWARM\Debug\Obj\Modbus_master.o
#        F:\0中科君达\0项目\集中器资料\485集中器\新版\485集中器软件（CY20180714）\V2.2.0\Projects\EWARM\Debug\Obj\modbus_slave.o
#        F:\0中科君达\0项目\集中器资料\485集中器\新版\485集中器软件（CY20180714）\V2.2.0\Projects\EWARM\Debug\Obj\PCF8563.o
#        F:\0中科君达\0项目\集中器资料\485集中器\新版\485集中器软件（CY20180714）\V2.2.0\Projects\EWARM\Debug\Obj\PowercConfig.o
#        F:\0中科君达\0项目\集中器资料\485集中器\新版\485集中器软件（CY20180714）\V2.2.0\Projects\EWARM\Debug\Obj\ReadEquipData.o
#        F:\0中科君达\0项目\集中器资料\485集中器\新版\485集中器软件（CY20180714）\V2.2.0\Projects\EWARM\Debug\Obj\SerialPort.o
#        F:\0中科君达\0项目\集中器资料\485集中器\新版\485集中器软件（CY20180714）\V2.2.0\Projects\EWARM\Debug\Obj\SofTimer.o
#        F:\0中科君达\0项目\集中器资料\485集中器\新版\485集中器软件（CY20180714）\V2.2.0\Projects\EWARM\Debug\Obj\startup_stm32f10x_hd.o
#        F:\0中科君达\0项目\集中器资料\485集中器\新版\485集中器软件（CY20180714）\V2.2.0\Projects\EWARM\Debug\Obj\stm32_it.o
#        F:\0中科君达\0项目\集中器资料\485集中器\新版\485集中器软件（CY20180714）\V2.2.0\Projects\EWARM\Debug\Obj\stm32f10x_adc.o
#        F:\0中科君达\0项目\集中器资料\485集中器\新版\485集中器软件（CY20180714）\V2.2.0\Projects\EWARM\Debug\Obj\stm32f10x_bkp.o
#        F:\0中科君达\0项目\集中器资料\485集中器\新版\485集中器软件（CY20180714）\V2.2.0\Projects\EWARM\Debug\Obj\stm32f10x_can.o
#        F:\0中科君达\0项目\集中器资料\485集中器\新版\485集中器软件（CY20180714）\V2.2.0\Projects\EWARM\Debug\Obj\stm32f10x_cec.o
#        F:\0中科君达\0项目\集中器资料\485集中器\新版\485集中器软件（CY20180714）\V2.2.0\Projects\EWARM\Debug\Obj\stm32f10x_crc.o
#        F:\0中科君达\0项目\集中器资料\485集中器\新版\485集中器软件（CY20180714）\V2.2.0\Projects\EWARM\Debug\Obj\stm32f10x_dac.o
#        F:\0中科君达\0项目\集中器资料\485集中器\新版\485集中器软件（CY20180714）\V2.2.0\Projects\EWARM\Debug\Obj\stm32f10x_dbgmcu.o
#        F:\0中科君达\0项目\集中器资料\485集中器\新版\485集中器软件（CY20180714）\V2.2.0\Projects\EWARM\Debug\Obj\stm32f10x_dma.o
#        F:\0中科君达\0项目\集中器资料\485集中器\新版\485集中器软件（CY20180714）\V2.2.0\Projects\EWARM\Debug\Obj\stm32f10x_exti.o
#        F:\0中科君达\0项目\集中器资料\485集中器\新版\485集中器软件（CY20180714）\V2.2.0\Projects\EWARM\Debug\Obj\stm32f10x_flash.o
#        F:\0中科君达\0项目\集中器资料\485集中器\新版\485集中器软件（CY20180714）\V2.2.0\Projects\EWARM\Debug\Obj\stm32f10x_fsmc.o
#        F:\0中科君达\0项目\集中器资料\485集中器\新版\485集中器软件（CY20180714）\V2.2.0\Projects\EWARM\Debug\Obj\stm32f10x_gpio.o
#        F:\0中科君达\0项目\集中器资料\485集中器\新版\485集中器软件（CY20180714）\V2.2.0\Projects\EWARM\Debug\Obj\stm32f10x_i2c.o
#        F:\0中科君达\0项目\集中器资料\485集中器\新版\485集中器软件（CY20180714）\V2.2.0\Projects\EWARM\Debug\Obj\stm32f10x_iwdg.o
#        F:\0中科君达\0项目\集中器资料\485集中器\新版\485集中器软件（CY20180714）\V2.2.0\Projects\EWARM\Debug\Obj\stm32f10x_pwr.o
#        F:\0中科君达\0项目\集中器资料\485集中器\新版\485集中器软件（CY20180714）\V2.2.0\Projects\EWARM\Debug\Obj\stm32f10x_rcc.o
#        F:\0中科君达\0项目\集中器资料\485集中器\新版\485集中器软件（CY20180714）\V2.2.0\Projects\EWARM\Debug\Obj\stm32f10x_rtc.o
#        F:\0中科君达\0项目\集中器资料\485集中器\新版\485集中器软件（CY20180714）\V2.2.0\Projects\EWARM\Debug\Obj\stm32f10x_sdio.o
#        F:\0中科君达\0项目\集中器资料\485集中器\新版\485集中器软件（CY20180714）\V2.2.0\Projects\EWARM\Debug\Obj\stm32f10x_spi.o
#        F:\0中科君达\0项目\集中器资料\485集中器\新版\485集中器软件（CY20180714）\V2.2.0\Projects\EWARM\Debug\Obj\stm32f10x_tim.o
#        F:\0中科君达\0项目\集中器资料\485集中器\新版\485集中器软件（CY20180714）\V2.2.0\Projects\EWARM\Debug\Obj\stm32f10x_usart.o
#        F:\0中科君达\0项目\集中器资料\485集中器\新版\485集中器软件（CY20180714）\V2.2.0\Projects\EWARM\Debug\Obj\stm32f10x_wwdg.o
#        F:\0中科君达\0项目\集中器资料\485集中器\新版\485集中器软件（CY20180714）\V2.2.0\Projects\EWARM\Debug\Obj\system_stm32f10x.o
#        F:\0中科君达\0项目\集中器资料\485集中器\新版\485集中器软件（CY20180714）\V2.2.0\Projects\EWARM\Debug\Obj\W25QXX.o
#        --redirect _Printf=_PrintfFull --redirect _Scanf=_ScanfFull -o
#        F:\0中科君达\0项目\集中器资料\485集中器\新版\485集中器软件（CY20180714）\V2.2.0\Projects\EWARM\Debug\Exe\Concentrator.out
#        --map
#        F:\0中科君达\0项目\集中器资料\485集中器\新版\485集中器软件（CY20180714）\V2.2.0\Projects\EWARM\Debug\List\Concentrator.map
#        --config "D:\IAR for STM32\arm\config\linker\ST\stm32f103xE.icf"
#        --semihosting --entry __iar_program_start --vfe
#
###############################################################################

*******************************************************************************
*** RUNTIME MODEL ATTRIBUTES
***

CppFlavor       = *
__SystemLibrary = DLib


*******************************************************************************
*** PLACEMENT SUMMARY
***

"A0":  place at 0x08000000 { ro section .intvec };
"P1":  place in [from 0x08000000 to 0x0807ffff] { ro };
"P2":  place in [from 0x20000000 to 0x2000ffff] { rw, block CSTACK, block HEAP };
initialize by copy { rw };

  Section            Kind        Address     Size  Object
  -------            ----        -------     ----  ------
"A0":                                       0x130
  .intvec            ro code  0x08000000    0x130  startup_stm32f10x_hd.o [1]
                            - 0x08000130    0x130

"P1":                                     0x149e2
  .text              ro code  0x08000130   0x3dd8  KingDaV1.o [1]
  .text              ro code  0x08003f08     0xa6  CRC8.o [1]
  .rodata            const    0x08003fae      0x2  KingDaV1.o [1]
  .text              ro code  0x08003fb0    0xc88  MCPX.o [1]
  .text              ro code  0x08004c38   0x1800  SerialPort.o [1]
  .text              ro code  0x08006438    0x610  IICEeprom_24CXX.o [1]
  .text              ro code  0x08006a48    0x53c  PCF8563.o [1]
  .text              ro code  0x08006f84    0x9ac  APPCON.o [1]
  .text              ro code  0x08007930   0x1a44  KingDaServer.o [1]
  .text              ro code  0x08009374   0x12b4  JINGDA.o [1]
  .text              ro code  0x0800a628     0xd8  PowercConfig.o [1]
  .text              ro code  0x0800a700    0xf48  GPRS.o [1]
  .text              ro code  0x0800b648    0x78c  SofTimer.o [1]
  .text              ro code  0x0800bdd4    0xfcc  MG2618.o [1]
  .text              ro code  0x0800cda0     0x10  MCPX.o [1]
  .text              ro code  0x0800cdb0    0x202  stm32f10x_usart.o [1]
  .rodata            const    0x0800cfb2      0x2  MG2618.o [1]
  .text              ro code  0x0800cfb4    0x394  stm32f10x_rcc.o [1]
  .text              ro code  0x0800d348    0x228  stm32f10x_gpio.o [1]
  .text              ro code  0x0800d570     0x9c  misc.o [1]
  .text              ro code  0x0800d60c    0x76c  MCU_Config.o [1]
  .text              ro code  0x0800dd78    0x270  stm32f10x_i2c.o [1]
  .text              ro code  0x0800dfe8    0x26a  Common_API.o [1]
  .rodata            const    0x0800e252      0x2  MG2618.o [1]
  .text              ro code  0x0800e254   0x14cc  ReadEquipData.o [1]
  .text              ro code  0x0800f720   0x1aa0  ff.o [1]
  .text              ro code  0x080111c0    0x30c  CJT-188-2004.o [1]
  .text              ro code  0x080114cc    0x244  stm32f10x_adc.o [1]
  .text              ro code  0x08011710    0x330  DriverPcb.o [1]
  .text              ro code  0x08011a40     0x56  ABImemcpy_unaligned.o [4]
  .text              ro code  0x08011a96     0x2e  strstr.o [3]
  .text              ro code  0x08011ac4     0x3c  stm32f10x_flash.o [1]
  .text              ro code  0x08011b00     0x16  stm32f10x_dma.o [1]
  .rodata            const    0x08011b16      0x2  MG2618.o [1]
  .text              ro code  0x08011b18     0x98  stm32f10x_exti.o [1]
  .text              ro code  0x08011bb0     0xf8  stm32f10x_spi.o [1]
  .text              ro code  0x08011ca8     0x38  stm32f10x_iwdg.o [1]
  .text              ro code  0x08011ce0    0xf28  Appcon_API.o [1]
  .text              ro code  0x08012c08    0x240  diskio.o [1]
  .text              ro code  0x08012e48     0xa6  filter.o [1]
  .rodata            const    0x08012eee      0x2  MG2618.o [1]
  .text              ro code  0x08012ef0     0x16  strchr.o [4]
  .rodata            const    0x08012f06      0x2  MG2618.o [1]
  .text              ro code  0x08012f08    0x32c  W25QXX.o [1]
  .text              ro code  0x08013234    0x5bc  main.o [1]
  .text              ro code  0x080137f0    0x3d4  stm32_it.o [1]
  .rodata            const    0x08013bc4    0x214  MG2618.o [1]
  .rodata            const    0x08013dd8    0x214  MG2618.o [1]
  .text              ro code  0x08013fec    0x158  system_stm32f10x.o [1]
  .rodata            const    0x08014144    0x100  CRC8.o [1]
  .text              ro code  0x08014244     0x40  zero_init3.o [4]
  .rodata            const    0x08014284     0x3c  APPCON.o [1]
  .text              ro code  0x080142c0     0x38  packbits_init_single.o [4]
  .rodata            const    0x080142f8     0x2c  APPCON.o [1]
  .text              ro code  0x08014324     0x28  data_init.o [4]
  .iar.init_table    const    0x0801434c     0x20  - Linker created -
  .rodata            const    0x0801436c     0x20  ff.o [1]
  .rodata            const    0x0801438c     0x1c  MG2618.o [1]
  .text              ro code  0x080143a8     0x1a  cmain.o [4]
  .text              ro code  0x080143c2      0x4  low_level_init.o [3]
  .text              ro code  0x080143c6      0x4  exit.o [3]
  .rodata            const    0x080143ca      0x2  MG2618.o [1]
  .text              ro code  0x080143cc      0xa  cexit.o [4]
  .rodata            const    0x080143d6      0x2  MG2618.o [1]
  .text              ro code  0x080143d8     0x14  exit.o [5]
  .rodata            const    0x080143ec     0x14  JINGDA.o [1]
  .rodata            const    0x08014400     0x14  JINGDA.o [1]
  .rodata            const    0x08014414     0x10  ff.o [1]
  .rodata            const    0x08014424     0x10  JINGDA.o [1]
  .rodata            const    0x08014434     0x10  JINGDA.o [1]
  .rodata            const    0x08014444     0x10  MG2618.o [1]
  .rodata            const    0x08014454     0x10  MG2618.o [1]
  .rodata            const    0x08014464     0x10  MG2618.o [1]
  .rodata            const    0x08014474     0x10  MG2618.o [1]
  .rodata            const    0x08014484     0x10  MG2618.o [1]
  .text              ro code  0x08014494     0x10  startup_stm32f10x_hd.o [1]
  .rodata            const    0x080144a4      0xc  APPCON.o [1]
  .rodata            const    0x080144b0      0xc  APPCON.o [1]
  .rodata            const    0x080144bc      0xc  APPCON.o [1]
  .rodata            const    0x080144c8      0xc  Common_API.o [1]
  .rodata            const    0x080144d4      0xc  main.o [1]
  .rodata            const    0x080144e0      0xc  MCPX.o [1]
  .rodata            const    0x080144ec      0xc  MG2618.o [1]
  .rodata            const    0x080144f8      0xc  MG2618.o [1]
  .rodata            const    0x08014504      0xc  MG2618.o [1]
  .rodata            const    0x08014510      0xc  MG2618.o [1]
  .rodata            const    0x0801451c      0xc  MG2618.o [1]
  .rodata            const    0x08014528      0xc  MG2618.o [1]
  .rodata            const    0x08014534      0xc  MG2618.o [1]
  .rodata            const    0x08014540      0xc  MG2618.o [1]
  .rodata            const    0x0801454c      0xc  MG2618.o [1]
  .rodata            const    0x08014558      0xc  MG2618.o [1]
  .rodata            const    0x08014564      0xc  MG2618.o [1]
  .rodata            const    0x08014570      0xc  MG2618.o [1]
  .rodata            const    0x0801457c      0xc  MG2618.o [1]
  .rodata            const    0x08014588      0xc  MG2618.o [1]
  .rodata            const    0x08014594      0xc  MG2618.o [1]
  .rodata            const    0x080145a0      0xc  MG2618.o [1]
  .rodata            const    0x080145ac      0xc  MG2618.o [1]
  .rodata            const    0x080145b8      0xc  MG2618.o [1]
  .rodata            const    0x080145c4      0xc  MG2618.o [1]
  .rodata            const    0x080145d0      0xc  MG2618.o [1]
  .rodata            const    0x080145dc      0xc  MG2618.o [1]
  .rodata            const    0x080145e8      0xc  MG2618.o [1]
  .rodata            const    0x080145f4      0xc  MG2618.o [1]
  .rodata            const    0x08014600      0xc  MG2618.o [1]
  .rodata            const    0x0801460c      0xc  MG2618.o [1]
  .rodata            const    0x08014618      0xc  MG2618.o [1]
  .rodata            const    0x08014624      0xc  MG2618.o [1]
  .rodata            const    0x08014630      0xc  MG2618.o [1]
  .rodata            const    0x0801463c      0xc  MG2618.o [1]
  .rodata            const    0x08014648      0xc  MG2618.o [1]
  .rodata            const    0x08014654      0xc  MG2618.o [1]
  .rodata            const    0x08014660      0xc  MG2618.o [1]
  .rodata            const    0x0801466c      0xc  MG2618.o [1]
  .rodata            const    0x08014678      0xc  MG2618.o [1]
  .rodata            const    0x08014684      0xc  MG2618.o [1]
  .rodata            const    0x08014690      0xc  MG2618.o [1]
  .rodata            const    0x0801469c      0xc  MG2618.o [1]
  .rodata            const    0x080146a8      0xc  MG2618.o [1]
  .rodata            const    0x080146b4      0xc  MG2618.o [1]
  .rodata            const    0x080146c0      0xc  MG2618.o [1]
  .rodata            const    0x080146cc      0xc  MG2618.o [1]
  .rodata            const    0x080146d8      0xc  MG2618.o [1]
  .rodata            const    0x080146e4      0xc  MG2618.o [1]
  .rodata            const    0x080146f0      0xc  MG2618.o [1]
  .rodata            const    0x080146fc      0xc  MG2618.o [1]
  .rodata            const    0x08014708      0xc  MG2618.o [1]
  .rodata            const    0x08014714      0xc  MG2618.o [1]
  .rodata            const    0x08014720      0xc  MG2618.o [1]
  .rodata            const    0x0801472c      0xc  MG2618.o [1]
  .rodata            const    0x08014738      0xc  MG2618.o [1]
  .rodata            const    0x08014744      0xc  MG2618.o [1]
  .rodata            const    0x08014750      0xc  MG2618.o [1]
  .rodata            const    0x0801475c      0xc  MG2618.o [1]
  .rodata            const    0x08014768      0xc  MG2618.o [1]
  .rodata            const    0x08014774      0xc  MG2618.o [1]
  .rodata            const    0x08014780      0xc  MG2618.o [1]
  .text              ro code  0x0801478c      0xc  cstartup_M.o [4]
  .rodata            const    0x08014798      0x8  APPCON.o [1]
  .rodata            const    0x080147a0      0x8  APPCON.o [1]
  .rodata            const    0x080147a8      0x8  APPCON.o [1]
  .rodata            const    0x080147b0      0x8  APPCON.o [1]
  .rodata            const    0x080147b8      0x8  APPCON.o [1]
  .rodata            const    0x080147c0      0x8  APPCON.o [1]
  .rodata            const    0x080147c8      0x8  APPCON.o [1]
  .rodata            const    0x080147d0      0x8  APPCON.o [1]
  .rodata            const    0x080147d8      0x8  APPCON.o [1]
  .rodata            const    0x080147e0      0x8  APPCON.o [1]
  .rodata            const    0x080147e8      0x8  APPCON.o [1]
  .rodata            const    0x080147f0      0x8  APPCON.o [1]
  .rodata            const    0x080147f8      0x8  APPCON.o [1]
  .rodata            const    0x08014800      0x8  APPCON.o [1]
  .rodata            const    0x08014808      0x8  APPCON.o [1]
  .rodata            const    0x08014810      0x8  APPCON.o [1]
  .rodata            const    0x08014818      0x8  APPCON.o [1]
  .rodata            const    0x08014820      0x8  APPCON.o [1]
  .rodata            const    0x08014828      0x8  APPCON.o [1]
  .rodata            const    0x08014830      0x8  APPCON.o [1]
  .rodata            const    0x08014838      0x8  APPCON.o [1]
  .rodata            const    0x08014840      0x8  ff.o [1]
  .rodata            const    0x08014848      0x8  ff.o [1]
  .rodata            const    0x08014850      0x8  ff.o [1]
  .rodata            const    0x08014858      0x8  ff.o [1]
  .rodata            const    0x08014860      0x8  ff.o [1]
  .rodata            const    0x08014868      0x8  GPRS.o [1]
  .rodata            const    0x08014870      0x8  KingDaV1.o [1]
  .rodata            const    0x08014878      0x8  KingDaV1.o [1]
  .rodata            const    0x08014880      0x8  MG2618.o [1]
  .rodata            const    0x08014888      0x8  MG2618.o [1]
  .rodata            const    0x08014890      0x8  MG2618.o [1]
  .rodata            const    0x08014898      0x8  MG2618.o [1]
  .rodata            const    0x080148a0      0x8  MG2618.o [1]
  .rodata            const    0x080148a8      0x8  MG2618.o [1]
  .rodata            const    0x080148b0      0x8  MG2618.o [1]
  .rodata            const    0x080148b8      0x8  MG2618.o [1]
  .rodata            const    0x080148c0      0x8  MG2618.o [1]
  .rodata            const    0x080148c8      0x8  MG2618.o [1]
  .rodata            const    0x080148d0      0x8  MG2618.o [1]
  .rodata            const    0x080148d8      0x8  MG2618.o [1]
  .rodata            const    0x080148e0      0x8  MG2618.o [1]
  .rodata            const    0x080148e8      0x8  MG2618.o [1]
  .rodata            const    0x080148f0      0x8  MG2618.o [1]
  .rodata            const    0x080148f8      0x8  MG2618.o [1]
  .rodata            const    0x08014900      0x8  MG2618.o [1]
  .rodata            const    0x08014908      0x8  MG2618.o [1]
  .rodata            const    0x08014910      0x8  MG2618.o [1]
  .rodata            const    0x08014918      0x8  MG2618.o [1]
  .rodata            const    0x08014920      0x8  MG2618.o [1]
  .rodata            const    0x08014928      0x8  MG2618.o [1]
  .rodata            const    0x08014930      0x8  MG2618.o [1]
  .rodata            const    0x08014938      0x8  MG2618.o [1]
  .rodata            const    0x08014940      0x8  MG2618.o [1]
  .rodata            const    0x08014948      0x8  MG2618.o [1]
  .rodata            const    0x08014950      0x8  MG2618.o [1]
  .rodata            const    0x08014958      0x8  MG2618.o [1]
  .rodata            const    0x08014960      0x8  MG2618.o [1]
  .rodata            const    0x08014968      0x8  MG2618.o [1]
  .rodata            const    0x08014970      0x8  MG2618.o [1]
  .rodata            const    0x08014978      0x8  MG2618.o [1]
  .rodata            const    0x08014980      0x8  MG2618.o [1]
  .rodata            const    0x08014988      0x8  MG2618.o [1]
  .rodata            const    0x08014990      0x8  MG2618.o [1]
  .rodata            const    0x08014998      0x8  MG2618.o [1]
  .rodata            const    0x080149a0      0x8  MG2618.o [1]
  .rodata            const    0x080149a8      0x8  MG2618.o [1]
  .rodata            const    0x080149b0      0x8  MG2618.o [1]
  .rodata            const    0x080149b8      0x8  MG2618.o [1]
  .rodata            const    0x080149c0      0x8  MG2618.o [1]
  .rodata            const    0x080149c8      0x8  MG2618.o [1]
  .rodata            const    0x080149d0      0x8  MG2618.o [1]
  .rodata            const    0x080149d8      0x8  MG2618.o [1]
  .rodata            const    0x080149e0      0x8  MG2618.o [1]
  .rodata            const    0x080149e8      0x8  MG2618.o [1]
  .rodata            const    0x080149f0      0x8  MG2618.o [1]
  .rodata            const    0x080149f8      0x8  MG2618.o [1]
  .rodata            const    0x08014a00      0x8  MG2618.o [1]
  .rodata            const    0x08014a08      0x8  MG2618.o [1]
  .rodata            const    0x08014a10      0x8  MG2618.o [1]
  .rodata            const    0x08014a18      0x8  MG2618.o [1]
  .rodata            const    0x08014a20      0x8  MG2618.o [1]
  .rodata            const    0x08014a28      0x8  MG2618.o [1]
  .rodata            const    0x08014a30      0x8  MG2618.o [1]
  .rodata            const    0x08014a38      0x8  MG2618.o [1]
  .rodata            const    0x08014a40      0x8  MG2618.o [1]
  .rodata            const    0x08014a48      0x8  MG2618.o [1]
  .rodata            const    0x08014a50      0x8  MG2618.o [1]
  .rodata            const    0x08014a58      0x8  MG2618.o [1]
  .rodata            const    0x08014a60      0x8  MG2618.o [1]
  .rodata            const    0x08014a68      0x8  MG2618.o [1]
  .rodata            const    0x08014a70      0x8  MG2618.o [1]
  .rodata            const    0x08014a78      0x8  MG2618.o [1]
  .rodata            const    0x08014a80      0x8  MG2618.o [1]
  .rodata            const    0x08014a88      0x8  MG2618.o [1]
  .rodata            const    0x08014a90      0x8  MG2618.o [1]
  .rodata            const    0x08014a98      0x4  APPCON.o [1]
  .rodata            const    0x08014a9c      0x4  APPCON.o [1]
  .rodata            const    0x08014aa0      0x4  ff.o [1]
  .rodata            const    0x08014aa4      0x4  ff.o [1]
  .rodata            const    0x08014aa8      0x4  ff.o [1]
  .rodata            const    0x08014aac      0x4  KingDaV1.o [1]
  .rodata            const    0x08014ab0      0x4  MG2618.o [1]
  .rodata            const    0x08014ab4      0x4  MG2618.o [1]
  .rodata            const    0x08014ab8      0x4  MG2618.o [1]
  .rodata            const    0x08014abc      0x4  MG2618.o [1]
  .rodata            const    0x08014ac0      0x4  MG2618.o [1]
  .rodata            const    0x08014ac4      0x4  MG2618.o [1]
  .rodata            const    0x08014ac8      0x4  MG2618.o [1]
  .rodata            const    0x08014acc      0x4  MG2618.o [1]
  .text              ro code  0x08014ad0      0x4  startup_stm32f10x_hd.o [1]
  .text              ro code  0x08014ad4      0x4  startup_stm32f10x_hd.o [1]
  .text              ro code  0x08014ad8      0x4  startup_stm32f10x_hd.o [1]
  .text              ro code  0x08014adc      0x4  startup_stm32f10x_hd.o [1]
  .rodata            const    0x08014ae0      0x2  MG2618.o [1]
  .rodata            const    0x08014ae2      0x1  W25QXX.o [1]
  .rodata            const    0x08014ae3      0x0  zero_init3.o [4]
  .rodata            const    0x08014ae3      0x0  packbits_init_single.o [4]
  Initializer bytes  const    0x08014ae3     0x2f  <for P2-1>
                            - 0x08014b12  0x149e2

"P2", part 1 of 3:                           0x3e
  P2-1                        0x20000000     0x3e  <Init block>
    .data            inited   0x20000000     0x10  DriverPcb.o [1]
    .data            inited   0x20000010     0x10  DriverPcb.o [1]
    .data            inited   0x20000020      0x4  MCPX.o [1]
    .data            inited   0x20000024     0x10  stm32f10x_rcc.o [1]
    .data            inited   0x20000034      0x4  stm32f10x_rcc.o [1]
    .data            inited   0x20000038      0x1  GPRS.o [1]
    .data            inited   0x20000039      0x1  MCPX.o [1]
    .data            inited   0x2000003a      0x1  SerialPort.o [1]
    .data            inited   0x2000003b      0x1  SerialPort.o [1]
    .data            inited   0x2000003c      0x1  SerialPort.o [1]
    .data            inited   0x2000003d      0x1  SofTimer.o [1]
                            - 0x2000003e     0x3e

"P2", part 2 of 3:                         0x1000
  CSTACK                      0x20000040   0x1000  <Block>
    CSTACK           uninit   0x20000040   0x1000  <Block tail>
                            - 0x20001040   0x1000

"P2", part 3 of 3:                         0x8c78
  .bss               zero     0x20001040   0x5dc0  ReadEquipData.o [1]
  .bss               zero     0x20006e00   0x1024  JINGDA.o [1]
  .bss               zero     0x20007e24    0xcf0  KingDaServer.o [1]
  .bss               zero     0x20008b14    0x400  SofTimer.o [1]
  .bss               zero     0x20008f14    0x208  SerialPort.o [1]
  .bss               zero     0x2000911c    0x180  MCPX.o [1]
  .bss               zero     0x2000929c    0x140  CJT-188-2004.o [1]
  .bss               zero     0x200093dc    0x140  KingDaV1.o [1]
  .bss               zero     0x2000951c    0x12c  JINGDA.o [1]
  .bss               zero     0x20009648    0x10c  SerialPort.o [1]
  .bss               zero     0x20009754    0x108  SerialPort.o [1]
  .bss               zero     0x2000985c    0x104  MCPX.o [1]
  .bss               zero     0x20009960     0xc0  APPCON.o [1]
  .bss               zero     0x20009a20     0x88  MG2618.o [1]
  .bss               zero     0x20009aa8     0x70  MCPX.o [1]
  .bss               zero     0x20009b18     0x40  JINGDA.o [1]
  .bss               zero     0x20009b58     0x20  DriverPcb.o [1]
  .bss               zero     0x20009b78     0x20  DriverPcb.o [1]
  .bss               zero     0x20009b98     0x10  DriverPcb.o [1]
  .bss               zero     0x20009ba8     0x10  MCPX.o [1]
  .bss               zero     0x20009bb8      0xc  APPCON.o [1]
  .bss               zero     0x20009bc4      0xc  DriverPcb.o [1]
  .bss               zero     0x20009bd0      0x8  Appcon_API.o [1]
  .bss               zero     0x20009bd8      0x8  Appcon_API.o [1]
  .bss               zero     0x20009be0      0x8  Appcon_API.o [1]
  .bss               zero     0x20009be8      0x8  ff.o [1]
  .bss               zero     0x20009bf0      0x8  JINGDA.o [1]
  .bss               zero     0x20009bf8      0x8  JINGDA.o [1]
  .bss               zero     0x20009c00      0x8  MCPX.o [1]
  .bss               zero     0x20009c08      0x8  PCF8563.o [1]
  .bss               zero     0x20009c10      0x4  Appcon_API.o [1]
  .bss               zero     0x20009c14      0x4  Appcon_API.o [1]
  .bss               zero     0x20009c18      0x4  Appcon_API.o [1]
  .bss               zero     0x20009c1c      0x4  DriverPcb.o [1]
  .bss               zero     0x20009c20      0x4  DriverPcb.o [1]
  .bss               zero     0x20009c24      0x4  DriverPcb.o [1]
  .bss               zero     0x20009c28      0x4  GPRS.o [1]
  .bss               zero     0x20009c2c      0x4  IICEeprom_24CXX.o [1]
  .bss               zero     0x20009c30      0x4  main.o [1]
  .bss               zero     0x20009c34      0x4  ReadEquipData.o [1]
  .bss               zero     0x20009c38      0x4  SerialPort.o [1]
  .bss               zero     0x20009c3c      0x4  SerialPort.o [1]
  .bss               zero     0x20009c40      0x4  SerialPort.o [1]
  .bss               zero     0x20009c44      0x4  SerialPort.o [1]
  .bss               zero     0x20009c48      0x4  SerialPort.o [1]
  .bss               zero     0x20009c4c      0x4  SerialPort.o [1]
  .bss               zero     0x20009c50      0x4  SerialPort.o [1]
  .bss               zero     0x20009c54      0x4  SerialPort.o [1]
  .bss               zero     0x20009c58      0x4  SerialPort.o [1]
  .bss               zero     0x20009c5c      0x4  SerialPort.o [1]
  .bss               zero     0x20009c60      0x4  SerialPort.o [1]
  .bss               zero     0x20009c64      0x4  SerialPort.o [1]
  .bss               zero     0x20009c68      0x2  Appcon_API.o [1]
  .bss               zero     0x20009c6a      0x2  Appcon_API.o [1]
  .bss               zero     0x20009c6c      0x2  Appcon_API.o [1]
  .bss               zero     0x20009c6e      0x2  Appcon_API.o [1]
  .bss               zero     0x20009c70      0x2  DriverPcb.o [1]
  .bss               zero     0x20009c72      0x2  DriverPcb.o [1]
  .bss               zero     0x20009c74      0x2  ff.o [1]
  .bss               zero     0x20009c76      0x2  GPRS.o [1]
  .bss               zero     0x20009c78      0x2  GPRS.o [1]
  .bss               zero     0x20009c7a      0x2  GPRS.o [1]
  .bss               zero     0x20009c7c      0x2  MCPX.o [1]
  .bss               zero     0x20009c7e      0x2  ReadEquipData.o [1]
  .bss               zero     0x20009c80      0x2  SerialPort.o [1]
  .bss               zero     0x20009c82      0x2  SerialPort.o [1]
  .bss               zero     0x20009c84      0x2  SerialPort.o [1]
  .bss               zero     0x20009c86      0x2  SerialPort.o [1]
  .bss               zero     0x20009c88      0x2  SerialPort.o [1]
  .bss               zero     0x20009c8a      0x2  SerialPort.o [1]
  .bss               zero     0x20009c8c      0x2  SerialPort.o [1]
  .bss               zero     0x20009c8e      0x1  Appcon_API.o [1]
  .bss               zero     0x20009c8f      0x1  Appcon_API.o [1]
  .bss               zero     0x20009c90      0x1  Appcon_API.o [1]
  .bss               zero     0x20009c91      0x1  DriverPcb.o [1]
  .bss               zero     0x20009c92      0x1  DriverPcb.o [1]
  .bss               zero     0x20009c93      0x1  DriverPcb.o [1]
  .bss               zero     0x20009c94      0x1  DriverPcb.o [1]
  .bss               zero     0x20009c95      0x1  GPRS.o [1]
  .bss               zero     0x20009c96      0x1  GPRS.o [1]
  .bss               zero     0x20009c97      0x1  GPRS.o [1]
  .bss               zero     0x20009c98      0x1  IICEeprom_24CXX.o [1]
  .bss               zero     0x20009c99      0x1  IICEeprom_24CXX.o [1]
  .bss               zero     0x20009c9a      0x1  JINGDA.o [1]
  .bss               zero     0x20009c9b      0x1  JINGDA.o [1]
  .bss               zero     0x20009c9c      0x1  KingDaServer.o [1]
  .bss               zero     0x20009c9d      0x1  KingDaV1.o [1]
  .bss               zero     0x20009c9e      0x1  KingDaV1.o [1]
  .bss               zero     0x20009c9f      0x1  MG2618.o [1]
  .bss               zero     0x20009ca0      0x1  ReadEquipData.o [1]
  .bss               zero     0x20009ca1      0x1  ReadEquipData.o [1]
  .bss               zero     0x20009ca2      0x1  ReadEquipData.o [1]
  .bss               zero     0x20009ca3      0x1  ReadEquipData.o [1]
  .bss               zero     0x20009ca4      0x1  ReadEquipData.o [1]
  .bss               zero     0x20009ca5      0x1  ReadEquipData.o [1]
  .bss               zero     0x20009ca6      0x1  ReadEquipData.o [1]
  .bss               zero     0x20009ca7      0x1  ReadEquipData.o [1]
  .bss               zero     0x20009ca8      0x1  ReadEquipData.o [1]
  .bss               zero     0x20009ca9      0x1  ReadEquipData.o [1]
  .bss               zero     0x20009caa      0x1  ReadEquipData.o [1]
  .bss               zero     0x20009cab      0x1  ReadEquipData.o [1]
  .bss               zero     0x20009cac      0x1  ReadEquipData.o [1]
  .bss               zero     0x20009cad      0x1  SerialPort.o [1]
  .bss               zero     0x20009cae      0x1  SerialPort.o [1]
  .bss               zero     0x20009caf      0x1  SerialPort.o [1]
  .bss               zero     0x20009cb0      0x1  SerialPort.o [1]
  .bss               zero     0x20009cb1      0x1  SofTimer.o [1]
  .bss               zero     0x20009cb2      0x1  SofTimer.o [1]
  .bss               zero     0x20009cb3      0x1  SofTimer.o [1]
  .bss               zero     0x20009cb4      0x1  SofTimer.o [1]
  .bss               zero     0x20009cb5      0x1  SofTimer.o [1]
  .bss               zero     0x20009cb6      0x1  SofTimer.o [1]
  .bss               zero     0x20009cb7      0x1  SofTimer.o [1]
                            - 0x20009cb8   0x8c78


*******************************************************************************
*** INIT TABLE
***

          Address     Size
          -------     ----
Zero (__iar_zero_init3)
    1 destination range, total size 0x8c78:
          0x20001040  0x8c78

Copy/packbits (__iar_packbits_init_single3)
    1 source range, total size 0x2f (75% of destination):
          0x08014ae3    0x2f
    1 destination range, total size 0x3e:
          0x20000000    0x3e



*******************************************************************************
*** MODULE SUMMARY
***

    Module                  ro code  ro data  rw data
    ------                  -------  -------  -------
F:\0中科君达\0项目\集中器资料\485集中器\新版\485集中器软件（CY20180714）\V2.2.0\Projects\EWARM\Debug\Obj: [1]
    APPCON.o                  2 476      316      204
    Appcon_API.o              3 880                47
    CJT-188-2004.o              780               320
    CRC8.o                      166      256
    Common_API.o                618       12
    DriverPcb.o                 816       24      144
    GPRS.o                    3 912        9       14
    IICEeprom_24CXX.o         1 552                 6
    JINGDA.o                  4 788       72    4 514
    KingDaServer.o            6 724             3 313
    KingDaV1.o               15 832       22      322
    MCPX.o                    3 224       15      787
    MCU_Config.o              1 900
    MG2618.o                  4 044    2 428      137
    PCF8563.o                 1 340                 8
    PowercConfig.o              216
    ReadEquipData.o           5 324            24 019
    SerialPort.o              6 144        3    1 121
    SofTimer.o                1 932        1    1 032
    W25QXX.o                    812        1
    diskio.o                    576
    ff.o                      6 816      100       10
    filter.o                    166
    main.o                    1 468       12        4
    misc.o                      156
    startup_stm32f10x_hd.o      336
    stm32_it.o                  980
    stm32f10x_adc.o             580
    stm32f10x_dma.o              22
    stm32f10x_exti.o            152
    stm32f10x_flash.o            60
    stm32f10x_gpio.o            552
    stm32f10x_i2c.o             624
    stm32f10x_iwdg.o             56
    stm32f10x_rcc.o             916       15       20
    stm32f10x_spi.o             248
    stm32f10x_usart.o           514
    system_stm32f10x.o          344
    -------------------------------------------------
    Total:                   81 046    3 286   36 022

command line: [2]
    -------------------------------------------------
    Total:

dl7M_tln.a: [3]
    exit.o                        4
    low_level_init.o              4
    strstr.o                     46
    -------------------------------------------------
    Total:                       54

rt7M_tl.a: [4]
    ABImemcpy_unaligned.o        86
    cexit.o                      10
    cmain.o                      26
    cstartup_M.o                 12
    data_init.o                  40
    packbits_init_single.o       56
    strchr.o                     22
    zero_init3.o                 64
    -------------------------------------------------
    Total:                      316

shb_l.a: [5]
    exit.o                       20
    -------------------------------------------------
    Total:                       20

    Linker created                        32    4 096
-----------------------------------------------------
    Grand Total:             81 436    3 318   40 118


*******************************************************************************
*** ENTRY LIST
***

Entry                      Address    Size  Type      Object
-----                      -------    ----  ----      ------
.iar.init_table$$Base   0x0801434c           --   Gb  - Linker created -
.iar.init_table$$Limit  0x0801436c           --   Gb  - Linker created -
?main                   0x080143a9          Code  Gb  cmain.o [4]
ADC1_2_IRQHandler       0x080139f5     0x2  Code  Gb  stm32_it.o [1]
ADC1_Configuration      0x0800d8fb   0x13c  Code  Gb  MCU_Config.o [1]
ADC1_DataBuff           0x20009b98    0x10  Data  Gb  DriverPcb.o [1]
ADC1_DataBuff_Updata    0x20009c91     0x1  Data  Lc  DriverPcb.o [1]
ADC1_TCIE_IRQ           0x0801175b     0x8  Code  Gb  DriverPcb.o [1]
ADC3_IRQHandler         0x08013b8b     0x2  Code  Gb  stm32_it.o [1]
ADCPrescTable           0x20000034     0x4  Data  Lc  stm32f10x_rcc.o [1]
ADC_Cmd                 0x0801157b    0x1a  Code  Gb  stm32f10x_adc.o [1]
ADC_DMACmd              0x08011595    0x1a  Code  Gb  stm32f10x_adc.o [1]
ADC_DeInit              0x080114cd    0x5e  Code  Gb  stm32f10x_adc.o [1]
ADC_GetCalibrationStatus
                        0x080115db    0x18  Code  Gb  stm32f10x_adc.o [1]
ADC_GetResetCalibrationStatus
                        0x080115b9    0x18  Code  Gb  stm32f10x_adc.o [1]
ADC_Init                0x0801152b    0x50  Code  Gb  stm32f10x_adc.o [1]
ADC_RegularChannelConfig
                        0x0801160d    0xee  Code  Gb  stm32f10x_adc.o [1]
ADC_ResetCalibration    0x080115af     0xa  Code  Gb  stm32f10x_adc.o [1]
ADC_SoftwareStartConvCmd
                        0x080115f3    0x1a  Code  Gb  stm32f10x_adc.o [1]
ADC_StartCalibration    0x080115d1     0xa  Code  Gb  stm32f10x_adc.o [1]
APBAHBPrescTable        0x20000024    0x10  Data  Lc  stm32f10x_rcc.o [1]
APPCONS_Module          0x20009bb8     0xc  Data  Lc  APPCON.o [1]
APPCON_AckTimeOut       0x080077f5    0x34  Code  Lc  APPCON.o [1]
APPCON_AsciiHexToDigit  0x080078c1    0x70  Code  Gb  APPCON.o [1]
APPCON_BATCH_AckFunc    0x0800804d    0xae  Code  Lc  KingDaServer.o [1]
APPCON_BATCH_SendFunc   0x080075e5    0x54  Code  Gb  APPCON.o [1]
APPCON_BATCH_func       0x080080fb    0x44  Code  Lc  KingDaServer.o [1]
APPCON_CMD_SendFunc     0x08007279    0x6c  Code  Gb  APPCON.o [1]
APPCON_CloseOV_func     0x08008545    0x46  Code  Lc  KingDaServer.o [1]
APPCON_CommTsetAckFunc  0x08011867    0x6e  Code  Lc  DriverPcb.o [1]
APPCON_DELNET_SendFunc  0x08007225    0x54  Code  Gb  APPCON.o [1]
APPCON_DeleteNode_AckFunc
                        0x08007f5b    0xae  Code  Lc  KingDaServer.o [1]
APPCON_DeleteNode_func  0x08008009    0x44  Code  Lc  KingDaServer.o [1]
APPCON_FREQ_SendFunc    0x0800746d    0xc2  Code  Gb  APPCON.o [1]
APPCON_GetOV_func       0x0800858b    0x46  Code  Lc  KingDaServer.o [1]
APPCON_HalfOV_func      0x080084b9    0x46  Code  Lc  KingDaServer.o [1]
APPCON_InPut            0x08006fdf    0x18  Code  Gb  APPCON.o [1]
APPCON_MtOV_func        0x080084ff    0x46  Code  Lc  KingDaServer.o [1]
APPCON_NETID_SendFunc   0x08007535    0xaa  Code  Gb  APPCON.o [1]
APPCON_OVSTATUS_AckFunc
                        0x0800826b   0x17e  Code  Lc  KingDaServer.o [1]
APPCON_OVWeit_AckFunc   0x080083e9    0x2a  Code  Gb  KingDaServer.o [1]
APPCON_OVWeit_Func      0x08008413    0x60  Code  Lc  KingDaServer.o [1]
APPCON_OpenOV_func      0x08008473    0x46  Code  Lc  KingDaServer.o [1]
APPCON_OutPutBuff       0x20009960    0xc0  Data  Lc  APPCON.o [1]
APPCON_RDNODE_SendFunc  0x08007371    0xa2  Code  Gb  APPCON.o [1]
APPCON_RDROUTER_SendFunc
                        0x08007413    0x5a  Code  Gb  APPCON.o [1]
APPCON_SPCP_init        0x08006f85    0x5a  Code  Gb  APPCON.o [1]
APPCON_STATUS_AckFunc   0x0800813f    0xe8  Code  Lc  KingDaServer.o [1]
APPCON_STATUS_SendFunc  0x08007639    0x54  Code  Gb  APPCON.o [1]
APPCON_STATUS_func      0x08008227    0x44  Code  Lc  KingDaServer.o [1]
APPCON_ValveCmd_SendFunc
                        0x080072e5    0x8c  Code  Gb  APPCON.o [1]
ATA_disk_initialize     0x08012d79     0xa  Code  Gb  diskio.o [1]
ATA_disk_ioctl          0x08012de5    0x54  Code  Gb  diskio.o [1]
ATA_disk_read           0x08012d97    0x16  Code  Gb  diskio.o [1]
ATA_disk_status         0x08012d8b     0x4  Code  Gb  diskio.o [1]
ATA_disk_write          0x08012db9    0x20  Code  Gb  diskio.o [1]
AckTimeOut_MG2618       0x0800c459    0x50  Code  Lc  MG2618.o [1]
ActionMessageFunc       0x20009c14     0x4  Data  Lc  Appcon_API.o [1]
AddIntToString          0x0800e1c5    0x48  Code  Gb  Common_API.o [1]
AddString               0x0800e1a9    0x1c  Code  Gb  Common_API.o [1]
AllCurrentDataRcmd_Func
                        0x08009ebb   0x156  Code  Lc  JINGDA.o [1]
AllFreezingDataRcmd_Func
                        0x0800a019   0x14e  Code  Lc  JINGDA.o [1]
AlterMeterWcmd_Func     0x0800a325    0xf6  Code  Lc  JINGDA.o [1]
AnalogComput            0x08011711    0x4a  Code  Gb  DriverPcb.o [1]
AppconMeasureValue_ToKingDaServer1
                        0x0800ee95   0x12c  Code  Gb  ReadEquipData.o [1]
AppconMeasureValue_ToKingDaServer2
                        0x0800efc5   0x14c  Code  Gb  ReadEquipData.o [1]
Appcon_ReadNodeDatas_AckFunc
                        0x08011e35   0x322  Code  Lc  Appcon_API.o [1]
Appcon_ReadNodeDatas_AckFunc::ERR_CNT
                        0x20009c90     0x1  Data  Lc  Appcon_API.o [1]
Appcon_ReadNodeDatas_AckFunc::Number
                        0x20009c6c     0x2  Data  Lc  Appcon_API.o [1]
Appcon_ReadNodeDatas_AckFunc::Number1
                        0x20009c6e     0x2  Data  Lc  Appcon_API.o [1]
Appcon_ReadNodeDatas_AckFunc::id
                        0x20009be0     0x8  Data  Lc  Appcon_API.o [1]
Appcon_ReadNodeDatas_Func
                        0x08012157    0x50  Code  Gb  Appcon_API.o [1]
Appcon_Reading_AckFunc  0x08011d03    0xe0  Code  Lc  Appcon_API.o [1]
Appcon_Reading_Func     0x08011de3    0x52  Code  Gb  Appcon_API.o [1]
AsciiHexToBCD           0x0800e0db    0xbe  Code  Gb  Common_API.o [1]
BATCH_APPCON_AckFunc    0x08002c79    0xc0  Code  Lc  KingDaV1.o [1]
BATCH_APPCON_func       0x08002d39    0x16  Code  Lc  KingDaV1.o [1]
BCDToInt8               0x0800e081    0x5a  Code  Gb  Common_API.o [1]
BinChangeToBCD          0x08003a55    0x48  Code  Lc  KingDaV1.o [1]
BreakServerAction       0x08004b49    0x92  Code  Gb  MCPX.o [1]
BuffVerify              0x08007b6d    0x2a  Code  Lc  KingDaServer.o [1]
BusFault_Handler        0x08013bb5     0x8  Code  Gb  stm32_it.o [1]
CAN1_RX1_IRQHandler     0x080139fb     0x2  Code  Gb  stm32_it.o [1]
CAN1_SCE_IRQHandler     0x080139fd     0x2  Code  Gb  stm32_it.o [1]
CGATT_ACK_Func          0x0800c66d    0x2e  Code  Gb  MG2618.o [1]
CIFSR_ACK_Func          0x0800c75d    0xe2  Code  Gb  MG2618.o [1]
CIICR_ACK_Func          0x0800c701    0x5c  Code  Gb  MG2618.o [1]
CIPCLOSE_ACK_Func       0x0800cae1    0x7a  Code  Gb  MG2618.o [1]
CIPCLOSE_PramFill       0x0800c429    0x2e  Code  Lc  MG2618.o [1]
CIPMUX_ACK_Func         0x0800cb9d    0x5a  Code  Gb  MG2618.o [1]
CIPMUX_PramFill         0x0800c319    0x22  Code  Lc  MG2618.o [1]
CIPSEND_ACK_Func        0x0800ca01    0xda  Code  Gb  MG2618.o [1]
CIPSEND_OK_Func         0x0800c9d1    0x20  Code  Lc  MG2618.o [1]
CIPSTART_ACK_Func       0x0800c845   0x18c  Code  Gb  MG2618.o [1]
CJT188_AckTimeOut       0x0801120d    0x2e  Code  Gb  CJT-188-2004.o [1]
CJT188_OperateAckFunc   0x08009c31    0x60  Code  Lc  JINGDA.o [1]
CJT188_OperateNodeValve
                        0x0801144d    0x78  Code  Gb  CJT-188-2004.o [1]
CJT188_Send             0x0801123b    0x5e  Code  Lc  CJT-188-2004.o [1]
CJT188_SendCmd          0x080113c7    0x86  Code  Gb  CJT-188-2004.o [1]
CMD_OK1                 0x08003fae     0x2  Data  Gb  KingDaV1.o [1]
COPS_ACK_Func           0x0800c4a9    0x2e  Code  Gb  MG2618.o [1]
CRC8                    0x08003f51    0x5e  Code  Gb  CRC8.o [1]
CRC8Table               0x08014144   0x100  Data  Gb  CRC8.o [1]
CRC8_Extend             0x08003f2b    0x22  Code  Gb  CRC8.o [1]
CRC8_Table_FF           0x08003f09    0x22  Code  Gb  CRC8.o [1]
CSQ_ACK_Func            0x0800c4e9   0x184  Code  Gb  MG2618.o [1]
CSTACK$$Base            0x20000040           --   Gb  - Linker created -
CSTACK$$Limit           0x20001040           --   Gb  - Linker created -
CSTT_ACK_Func           0x0800c6a5    0x5c  Code  Gb  MG2618.o [1]
CSTT_PramFill           0x0800c2eb    0x2e  Code  Lc  MG2618.o [1]
ChannelNumber           0x20009ca2     0x1  Data  Lc  ReadEquipData.o [1]
CloseOV_APPCON_func     0x080038c3    0x2a  Code  Lc  KingDaV1.o [1]
CloseRepeatersId_KindDa
                        0x08003e19    0x72  Code  Gb  KingDaV1.o [1]
Close_OV_ENF_func       0x080016cd   0x148  Code  Lc  KingDaV1.o [1]
Close_OV_func           0x080012c9   0x160  Code  Lc  KingDaV1.o [1]
Close_Repeaters_func    0x080028b9   0x12e  Code  Lc  KingDaV1.o [1]
CmdAckList_APPCON       0x080142f8    0x2c  Data  Gb  APPCON.o [1]
CmdCodePV               0x20009ca4     0x1  Data  Lc  ReadEquipData.o [1]
CmdCodePV111            0x20009ca0     0x1  Data  Gb  ReadEquipData.o [1]
CmdNameList_APPCON      0x08014284    0x3c  Data  Gb  APPCON.o [1]
CmdNameList_MG2618      0x08013bc4   0x214  Data  Gb  MG2618.o [1]
CommPortClose_UEV       0x08004bdb    0x2a  Code  Gb  MCPX.o [1]
CommandSerialization_MG2618
                        0x0800c1e1   0x10a  Code  Lc  MG2618.o [1]
Command_ACK_FuncList_MG2618
                        0x08013dd8   0x214  Data  Gb  MG2618.o [1]
Command_pin             0x20009c9f     0x1  Data  Gb  MG2618.o [1]
CompString              0x0800c0e5    0x3e  Code  Gb  MG2618.o [1]
Concentrator            0x20009aa8    0x70  Data  Gb  MCPX.o [1]
ConcentratorUpdataTimer
                        0x20000020     0x4  Data  Gb  MCPX.o [1]
Concentrator_DebugTimer
                        0x20009c7c     0x2  Data  Gb  MCPX.o [1]
ConfigDataRcmd_Func     0x08009957    0x30  Code  Lc  JINGDA.o [1]
ConfigDataWcmd_Func     0x080098ab    0xac  Code  Lc  JINGDA.o [1]
CopyBuff                0x0800e199    0x10  Code  Gb  Common_API.o [1]
CurrentPort             0x20009c9a     0x1  Data  Lc  JINGDA.o [1]
DMA1_Channel1_IRQHandler
                        0x08013859    0x20  Code  Gb  stm32_it.o [1]
DMA1_Channel2_IRQHandler
                        0x08013879    0x3e  Code  Gb  stm32_it.o [1]
DMA1_Channel3_IRQHandler
                        0x080138b7    0x3e  Code  Gb  stm32_it.o [1]
DMA1_Channel4_IRQHandler
                        0x080138f5    0x46  Code  Gb  stm32_it.o [1]
DMA1_Channel5_IRQHandler
                        0x0801393b    0x3e  Code  Gb  stm32_it.o [1]
DMA1_Channel6_IRQHandler
                        0x08013979    0x3e  Code  Gb  stm32_it.o [1]
DMA1_Channel7_IRQHandler
                        0x080139b7    0x3e  Code  Gb  stm32_it.o [1]
DMA2_Channel1_IRQHandler
                        0x08013b9d     0x2  Code  Gb  stm32_it.o [1]
DMA2_Channel2_IRQHandler
                        0x08013b9f     0x2  Code  Gb  stm32_it.o [1]
DMA2_Channel3_IRQHandler
                        0x08013ba1     0x2  Code  Gb  stm32_it.o [1]
DMA2_Channel4_5_IRQHandler
                        0x08013ba3     0x2  Code  Gb  stm32_it.o [1]
DMA_ITConfig            0x08011b01    0x16  Code  Gb  stm32f10x_dma.o [1]
DeInitBuff              0x08007b29    0x44  Code  Lc  KingDaServer.o [1]
DeInitBuff_PProtocol    0x08000879    0x3e  Code  Lc  KingDaV1.o [1]
DeInitBuff_Rs232        0x08004c39    0x4a  Code  Gb  SerialPort.o [1]
DeInitBuff_Rs485        0x0800530f    0x4a  Code  Gb  SerialPort.o [1]
DeInitBuff_USART2       0x08005cc9    0x4a  Code  Gb  SerialPort.o [1]
DeInitOutputBuff_MXPC   0x08004503    0x3e  Code  Gb  MCPX.o [1]
Decode_APPCON           0x08006ff7   0x22e  Code  Gb  APPCON.o [1]
Decode_MG2618           0x0800bed5   0x210  Code  Gb  MG2618.o [1]
DefaulMessagetFunction  0x080122fb   0x126  Code  Lc  Appcon_API.o [1]
Default_ACK_Func        0x0800cbf7    0x5c  Code  Lc  MG2618.o [1]
Delay                   0x08006439     0xa  Code  Lc  IICEeprom_24CXX.o [1]
Delay                   0x080131a9     0xa  Code  Lc  W25QXX.o [1]
DeleteMeterWcmd_Func    0x0800a41b   0x170  Code  Lc  JINGDA.o [1]
DeleteNet_APPCON_AckFunc
                        0x08002b91    0xd0  Code  Lc  KingDaV1.o [1]
DeleteNet_APPCON_func   0x08002c61    0x14  Code  Lc  KingDaV1.o [1]
DelymS                  0x0800dfe9    0x1c  Code  Gb  Common_API.o [1]
Dummy                   0x08014ae2     0x1  Data  Gb  W25QXX.o [1]
EEPROM_I2C_BufferRead   0x0800672f   0x162  Code  Gb  IICEeprom_24CXX.o [1]
EEPROM_I2C_BufferWrite  0x08006553    0xfc  Code  Gb  IICEeprom_24CXX.o [1]
EEPROM_I2C_MultipleRead
                        0x080069b9    0x42  Code  Gb  IICEeprom_24CXX.o [1]
EEPROM_I2C_MultipleWrite
                        0x080069fb    0x42  Code  Gb  IICEeprom_24CXX.o [1]
EEPROM_I2C_PageWrite    0x0800664f    0xe0  Code  Gb  IICEeprom_24CXX.o [1]
EEPROM_I2C_WaitEepromStandbyState
                        0x08006891    0xee  Code  Lc  IICEeprom_24CXX.o [1]
EXTI0_IRQHandler        0x0801382d     0x2  Code  Gb  stm32_it.o [1]
EXTI15_10_IRQHandler    0x08013b7d     0x2  Code  Gb  stm32_it.o [1]
EXTI1_IRQHandler        0x0801382f     0x2  Code  Gb  stm32_it.o [1]
EXTI2_IRQHandler        0x08013831     0x2  Code  Gb  stm32_it.o [1]
EXTI3_IRQHandler        0x08013833     0x2  Code  Gb  stm32_it.o [1]
EXTI4_IRQHandler        0x08013835    0x24  Code  Gb  stm32_it.o [1]
EXTI9_5_IRQHandler      0x080139ff    0x18  Code  Gb  stm32_it.o [1]
EXTI_Configuration      0x0800da37    0x68  Code  Gb  MCU_Config.o [1]
EXTI_Init               0x08011b19    0x88  Code  Gb  stm32f10x_exti.o [1]
EepromPort_rset         0x08006541    0x12  Code  Gb  IICEeprom_24CXX.o [1]
EepromState             0x20009c98     0x1  Data  Gb  IICEeprom_24CXX.o [1]
EepromTimer             0x20009c2c     0x4  Data  Lc  IICEeprom_24CXX.o [1]
EepromTimer_CallBack    0x08006a3d     0xc  Code  Lc  IICEeprom_24CXX.o [1]
Eeprom_DataInit         0x080132b7    0x94  Code  Gb  main.o [1]
Eeprom_DataLoad         0x0801334b    0x5a  Code  Gb  main.o [1]
Electricity_Formul      0x08011787    0x1c  Code  Gb  DriverPcb.o [1]
F8563_Interrupt         0x08006f01    0x28  Code  Gb  PCF8563.o [1]
F8563_back_init         0x08006edd    0x24  Code  Gb  PCF8563.o [1]
F8563_woring_mode       0x08006ec5    0x18  Code  Gb  PCF8563.o [1]
FLASH_IRQHandler        0x08013829     0x2  Code  Gb  stm32_it.o [1]
FLASH_PrefetchBufferCmd
                        0x08011add    0x20  Code  Gb  stm32f10x_flash.o [1]
FLASH_SetLatency        0x08011ac5    0x18  Code  Gb  stm32f10x_flash.o [1]
FSMC_IRQHandler         0x08013b8d     0x2  Code  Gb  stm32_it.o [1]
FatFs                   0x20009be8     0x8  Data  Lc  ff.o [1]
File                    0x20006e00  0x1024  Data  Lc  JINGDA.o [1]
Flash_Busy_check        0x08013011    0x38  Code  Lc  W25QXX.o [1]
Flash_Read              0x08013049    0x66  Code  Gb  W25QXX.o [1]
Flash_Write             0x080130af    0x8a  Code  Gb  W25QXX.o [1]
FrameVerify             0x08007c41    0x80  Code  Lc  KingDaServer.o [1]
Frame_init              0x08011299    0x12  Code  Lc  CJT-188-2004.o [1]
Frame_init              0x08009375    0x3c  Code  Gb  JINGDA.o [1]
FreeBuff_PProtocol      0x08000959    0x40  Code  Lc  KingDaV1.o [1]
FreeBuff_Rs232          0x08004d0d    0xaa  Code  Gb  SerialPort.o [1]
FreeBuff_Rs485          0x080053f9    0xaa  Code  Gb  SerialPort.o [1]
FreeBuff_USART2         0x08005de9    0xae  Code  Gb  SerialPort.o [1]
FreeOutputBuffForData_MXPC
                        0x080045b9    0x7e  Code  Gb  MCPX.o [1]
FreeOutputBuff_MXPC     0x08004595    0x24  Code  Gb  MCPX.o [1]
Free_KingDaServerBuff   0x08007c1d    0x24  Code  Gb  KingDaServer.o [1]
Fsid                    0x20009c74     0x2  Data  Lc  ff.o [1]
GPIO_Configuration      0x0800d751   0x1aa  Code  Gb  MCU_Config.o [1]
GPIO_EXTILineConfig     0x0800d513    0x50  Code  Gb  stm32f10x_gpio.o [1]
GPIO_Init               0x0800d349   0x136  Code  Gb  stm32f10x_gpio.o [1]
GPIO_PinRemapConfig     0x0800d48b    0x88  Code  Gb  stm32f10x_gpio.o [1]
GPIO_ResetBits          0x0800d485     0x6  Code  Gb  stm32f10x_gpio.o [1]
GPIO_SetBits            0x0800d47f     0x6  Code  Gb  stm32f10x_gpio.o [1]
GetDataForBuff_GPRS     0x08004637   0x110  Code  Lc  MCPX.o [1]
GetDataForBuff_GPRS::Data
                        0x20009c00     0x8  Data  Lc  MCPX.o [1]
GetDataForBuff_Rs232    0x08004cd9    0x34  Code  Gb  SerialPort.o [1]
GetDataForBuff_Rs485    0x080053c5    0x34  Code  Gb  SerialPort.o [1]
GetDataForBuff_USART2   0x08005d69    0x60  Code  Gb  SerialPort.o [1]
GetData_TCP_UDP         0x0800cc8d   0x114  Code  Lc  MG2618.o [1]
GetIdleBuff_PProtocol   0x080008df    0x7a  Code  Lc  KingDaV1.o [1]
GetIdleBuff_Rs232       0x08004c83    0x56  Code  Lc  SerialPort.o [1]
GetIdleBuff_Rs485       0x08005359    0x6c  Code  Lc  SerialPort.o [1]
GetIdleBuff_USART2      0x08005d13    0x56  Code  Lc  SerialPort.o [1]
GetIdleOutputBuff_MXPC  0x08004541    0x54  Code  Lc  MCPX.o [1]
GetNextID_Repeaters     0x0800e255    0x8e  Code  Gb  ReadEquipData.o [1]
GetOV_APPCON_func       0x080038ed    0x28  Code  Lc  KingDaV1.o [1]
GetROUTER_APPCON_AckFunc
                        0x0800320b   0x118  Code  Lc  KingDaV1.o [1]
GetROUTER_APPCON_func   0x08003323    0x28  Code  Lc  KingDaV1.o [1]
GetReadingModuleStatus  0x080121c3     0x8  Code  Gb  Appcon_API.o [1]
GetRepeatersState_AckFunc
                        0x08008b09    0x68  Code  Gb  KingDaServer.o [1]
GetRepeatersState_func  0x08008b71    0x44  Code  Lc  KingDaServer.o [1]
Get_KingDaServerBuff    0x08007b97    0x86  Code  Gb  KingDaServer.o [1]
Get_MG2168PowerState    0x0800c143    0x12  Code  Gb  MG2618.o [1]
Get_OV_func             0x08001429   0x156  Code  Lc  KingDaV1.o [1]
GprsClose_UEV           0x0800b0db    0x22  Code  Gb  GPRS.o [1]
GprsConnect_OK          0x0800a887   0x132  Code  Gb  GPRS.o [1]
GprsGuarde_Process      0x0800b4e5   0x124  Code  Gb  GPRS.o [1]
GprsInitConnect         0x0800a9b9   0x722  Code  Lc  GPRS.o [1]
GprsInitConnect::cnt    0x20009c28     0x4  Data  Lc  GPRS.o [1]
GprsRcmd_Func           0x08009a39    0x34  Code  Lc  JINGDA.o [1]
GprsStop_time           0x20009c76     0x2  Data  Gb  GPRS.o [1]
GprsWcmd_Func           0x08009987    0xb2  Code  Lc  JINGDA.o [1]
HalfOV_APPCON_func      0x0800386f    0x2a  Code  Lc  KingDaV1.o [1]
HandCmd_func            0x08007cc1    0xf0  Code  Lc  KingDaServer.o [1]
HardFault_Handler       0x08013ba5     0x8  Code  Gb  stm32_it.o [1]
HeartBeat_Gprs          0x0800b2bd   0x180  Code  Lc  GPRS.o [1]
HeartBeat_Gprs::step    0x20009c7a     0x2  Data  Lc  GPRS.o [1]
I2C1_Configuration      0x0800db6f    0xa8  Code  Gb  MCU_Config.o [1]
I2C1_ER_IRQHandler      0x08013a27     0x2  Code  Gb  stm32_it.o [1]
I2C1_EV_IRQHandler      0x08013a25     0x2  Code  Gb  stm32_it.o [1]
I2C1_Rset               0x0800dc17    0x1e  Code  Gb  MCU_Config.o [1]
I2C2_Configuration      0x0800dc35    0x98  Code  Gb  MCU_Config.o [1]
I2C2_ER_IRQHandler      0x08013a2b     0x2  Code  Gb  stm32_it.o [1]
I2C2_EV_IRQHandler      0x08013a29     0x2  Code  Gb  stm32_it.o [1]
I2C2_Rset               0x0800dd11    0x1e  Code  Gb  MCU_Config.o [1]
I2C_8563_ByteWrite      0x08006a53    0xc4  Code  Gb  PCF8563.o [1]
I2C_8563_byteRead       0x08006b17   0x142  Code  Gb  PCF8563.o [1]
I2C_AcknowledgeConfig   0x0800df05    0x1c  Code  Gb  stm32f10x_i2c.o [1]
I2C_CheckEvent          0x0800df5d    0x38  Code  Gb  stm32f10x_i2c.o [1]
I2C_ClearFlag           0x0800dfdb     0xe  Code  Gb  stm32f10x_i2c.o [1]
I2C_Cmd                 0x0800deb1    0x1c  Code  Gb  stm32f10x_i2c.o [1]
I2C_DeInit              0x0800dd79    0x36  Code  Gb  stm32f10x_i2c.o [1]
I2C_GenerateSTART       0x0800decd    0x1c  Code  Gb  stm32f10x_i2c.o [1]
I2C_GenerateSTOP        0x0800dee9    0x1c  Code  Gb  stm32f10x_i2c.o [1]
I2C_GetFlagStatus       0x0800df95    0x46  Code  Gb  stm32f10x_i2c.o [1]
I2C_Init                0x0800ddaf    0xf2  Code  Gb  stm32f10x_i2c.o [1]
I2C_ReadRegister        0x0800df43    0x1a  Code  Gb  stm32f10x_i2c.o [1]
I2C_ReceiveData         0x0800df27     0x6  Code  Gb  stm32f10x_i2c.o [1]
I2C_Send7bitAddress     0x0800df2d    0x16  Code  Gb  stm32f10x_i2c.o [1]
I2C_SendData            0x0800df21     0x6  Code  Gb  stm32f10x_i2c.o [1]
I2C_SlaverAddress       0x20009c99     0x1  Data  Lc  IICEeprom_24CXX.o [1]
IDLE_Interrupt_Rs232    0x08004f0f   0x126  Code  Gb  SerialPort.o [1]
IDLE_Interrupt_Rs485    0x080055ed   0x126  Code  Gb  SerialPort.o [1]
IDLE_Interrupt_USART2   0x08006017   0x124  Code  Gb  SerialPort.o [1]
INIT_PCB                0x08013461    0x34  Code  Gb  main.o [1]
IWDG_Configuration      0x0800dd2f    0x22  Code  Gb  MCU_Config.o [1]
IWDG_Enable             0x08011ccb     0xa  Code  Gb  stm32f10x_iwdg.o [1]
IWDG_ReloadCounter      0x08011cc1     0xa  Code  Gb  stm32f10x_iwdg.o [1]
IWDG_SetPrescaler       0x08011cb1     0x8  Code  Gb  stm32f10x_iwdg.o [1]
IWDG_SetReload          0x08011cb9     0x8  Code  Gb  stm32f10x_iwdg.o [1]
IWDG_WriteAccessCmd     0x08011ca9     0x8  Code  Gb  stm32f10x_iwdg.o [1]
InPort_PV               0x20009c9c     0x1  Data  Lc  KingDaServer.o [1]
InPort_PV               0x20009c9d     0x1  Data  Lc  KingDaV1.o [1]
Input                   0x2000985c   0x104  Data  Lc  MCPX.o [1]
Int8ToBCD               0x0800e005    0x7c  Code  Gb  Common_API.o [1]
Integer                 0x080144c8     0xc  Data  Gb  Common_API.o [1]
JD_ConfigData           0x20009bf0     0x8  Data  Gb  JINGDA.o [1]
JD_GprsData             0x20009b18    0x40  Data  Gb  JINGDA.o [1]
JINGDA_frameVerify      0x08009747    0x82  Code  Lc  JINGDA.o [1]
JingDa_InPut            0x0800949f   0x2a8  Code  Gb  JINGDA.o [1]
JingDa_OutPutBuff       0x2000951c   0x12c  Data  Lc  JINGDA.o [1]
JingDa_Send             0x0800a59f    0x64  Code  Gb  JINGDA.o [1]
KindgGetOV_AckFunc      0x080087b1    0xa8  Code  Lc  KingDaServer.o [1]
KindgOperateValve_AckFunc
                        0x080086b5    0xfc  Code  Lc  KingDaServer.o [1]
KingDaServer_BuffSend   0x08008e09    0x9a  Code  Gb  KingDaServer.o [1]
KingDaServer_DeInit     0x08007931    0x10  Code  Gb  KingDaServer.o [1]
KingDaServer_input      0x08007941   0x1e8  Code  Gb  KingDaServer.o [1]
KingDaV1Protocol_DeInit
                        0x08000131    0x10  Code  Gb  KingDaV1.o [1]
KingDaV1Protocol_OK_Ackfunc
                        0x08000433   0x124  Code  Gb  KingDaV1.o [1]
KingDaV1Protocol_input  0x08000557   0x322  Code  Gb  KingDaV1.o [1]
KingDaV1send_buff       0x200093dc   0x140  Data  Gb  KingDaV1.o [1]
KingDa_CloseOV_ENF_func
                        0x0800899d    0x4e  Code  Lc  KingDaServer.o [1]
KingDa_CloseOV_func     0x08008901    0x4e  Code  Lc  KingDaServer.o [1]
KingDa_GetOV_func       0x080089f1    0x54  Code  Lc  KingDaServer.o [1]
KingDa_HalfOV_func      0x080088b1     0x2  Code  Lc  KingDaServer.o [1]
KingDa_MtOV_func        0x080088b3    0x4e  Code  Lc  KingDaServer.o [1]
KingDa_OpenOV_ENF_func  0x0800894f    0x4e  Code  Lc  KingDaServer.o [1]
KingDa_OpenOV_func      0x0800885d    0x54  Code  Lc  KingDaServer.o [1]
LastCmd                 0x20009c9e     0x1  Data  Lc  KingDaV1.o [1]
Launch_24CXX            0x08006443    0x82  Code  Gb  IICEeprom_24CXX.o [1]
Launch_APC950           0x080119b9    0x36  Code  Gb  DriverPcb.o [1]
Launch_APC950_STEP      0x080118d5    0xe4  Code  Lc  DriverPcb.o [1]
Launch_APC950_STEP::step
                        0x20009c94     0x1  Data  Lc  DriverPcb.o [1]
Launch_Rs232            0x08005079   0x142  Code  Gb  SerialPort.o [1]
Launch_Rs485            0x08005765   0x18c  Code  Gb  SerialPort.o [1]
Launch_USART2           0x08006181   0x110  Code  Gb  SerialPort.o [1]
Launch_W25QXX           0x08012f09    0x90  Code  Gb  W25QXX.o [1]
LinkErr_time            0x20009c78     0x2  Data  Gb  GPRS.o [1]
LinkLed_time            0x20000038     0x1  Data  Gb  GPRS.o [1]
LocalAddr               0x20009bf8     0x8  Data  Lc  JINGDA.o [1]
MCPX_DeInit             0x08003fb1     0x8  Code  Gb  MCPX.o [1]
MCPX_Output             0x2000911c   0x180  Data  Lc  MCPX.o [1]
MCU_init                0x0800dd51    0x28  Code  Gb  MCU_Config.o [1]
MG2618Infr              0x20009a20    0x88  Data  Gb  MG2618.o [1]
MMC_disk_initialize     0x08012d83     0x4  Code  Gb  diskio.o [1]
MMC_disk_ioctl          0x08012e39     0x6  Code  Gb  diskio.o [1]
MMC_disk_read           0x08012dad     0x6  Code  Gb  diskio.o [1]
MMC_disk_status         0x08012d8f     0x4  Code  Gb  diskio.o [1]
MMC_disk_write          0x08012dd9     0x6  Code  Gb  diskio.o [1]
MT_OV_ALL_func          0x08001979    0x3a  Code  Lc  KingDaV1.o [1]
MT_OV_func              0x08001819   0x160  Code  Lc  KingDaV1.o [1]
MXPC_Retrans            0x08004385    0x5e  Code  Gb  MCPX.o [1]
MXPC_SendSingle         0x08004157   0x22e  Code  Gb  MCPX.o [1]
MXPC_Send_AutoRetrans   0x080043e3   0x120  Code  Gb  MCPX.o [1]
MXPC_Thread             0x08003fb9    0x7c  Code  Gb  MCPX.o [1]
MatchinString           0x0800e20d    0x46  Code  Gb  Common_API.o [1]
MeasureValue_ToKingDaServer
                        0x0800ed4f   0x140  Code  Gb  ReadEquipData.o [1]
MeasureValue_UpLoad_func
                        0x08008bb5    0xe2  Code  Lc  KingDaServer.o [1]
MemManage_Handler       0x08013bad     0x8  Code  Gb  stm32_it.o [1]
MessageDefaultFunction  0x0801227d    0x34  Code  Lc  Appcon_API.o [1]
MeterErrRcmd_Func       0x08009c17    0x1a  Code  Lc  JINGDA.o [1]
MeterRcmd_Func          0x08009af3   0x124  Code  Lc  JINGDA.o [1]
MeterWcmd_Func          0x08009a6d    0x86  Code  Lc  JINGDA.o [1]
ModuleStatus            0x20009c8e     0x1  Data  Lc  Appcon_API.o [1]
MtOV_APPCON_func        0x08003899    0x2a  Code  Lc  KingDaV1.o [1]
NVIC_Configuration      0x0800d687    0xca  Code  Gb  MCU_Config.o [1]
NVIC_Init               0x0800d57b    0x68  Code  Gb  misc.o [1]
NVIC_PriorityGroupConfig
                        0x0800d571     0xa  Code  Gb  misc.o [1]
NVIC_SetPriority        0x08013235    0x2a  Code  Lc  main.o [1]
NVIC_SetVectorTable     0x0800d5e3     0xc  Code  Gb  misc.o [1]
NVIC_SystemReset        0x0801325f    0x20  Code  Lc  main.o [1]
NVIC_SystemReset        0x080137f1    0x20  Code  Lc  stm32_it.o [1]
NodeNumberPV            0x20009ca3     0x1  Data  Lc  ReadEquipData.o [1]
NodeValuelist           0x20001040  0x5dc0  Data  Lc  ReadEquipData.o [1]
OFF_24CXX               0x080064c5    0x7c  Code  Gb  IICEeprom_24CXX.o [1]
OPen_Repeaters_func     0x08002759   0x160  Code  Lc  KingDaV1.o [1]
OUT_Ibf                 0x20009c72     0x2  Data  Gb  DriverPcb.o [1]
OUT_Ibf_BUF             0x20009b78    0x20  Data  Lc  DriverPcb.o [1]
OUT_Ibf_SlideFilter     0x20000010    0x10  Data  Lc  DriverPcb.o [1]
OpenNETChannel_KindDa   0x08003d9d    0x7c  Code  Gb  KingDaV1.o [1]
OpenOV_APPCON_func      0x08003845    0x2a  Code  Lc  KingDaV1.o [1]
Open_OV_ENF_func        0x0800157f   0x148  Code  Lc  KingDaV1.o [1]
Open_OV_func            0x08001163   0x160  Code  Lc  KingDaV1.o [1]
OperateRcmd_Func        0x08009d71    0xf6  Code  Lc  JINGDA.o [1]
OperateValve_KindDa     0x08003cf3    0xaa  Code  Gb  KingDaV1.o [1]
OperateWcmd_Func        0x08009c91    0xe0  Code  Lc  JINGDA.o [1]
PCF8563_Read_time       0x08006dc9    0xfc  Code  Gb  PCF8563.o [1]
PCF8563_Set_Time        0x08006c59   0x170  Code  Gb  PCF8563.o [1]
PProtocolBuffVerify     0x080008b7    0x28  Code  Lc  KingDaV1.o [1]
PProtocol_ACK_TimerOutCallBack
                        0x08003ad9    0x5a  Code  Lc  KingDaV1.o [1]
PProtocol_SendEnd_CallBack
                        0x08003a9d    0x3c  Code  Lc  KingDaV1.o [1]
PProtocol_send          0x08003b33   0x11e  Code  Lc  KingDaV1.o [1]
PVD_IRQHandler          0x08013823     0x2  Code  Gb  stm32_it.o [1]
Page_Erase              0x08013139    0x70  Code  Gb  W25QXX.o [1]
Port_sacn               0x080117b9    0xae  Code  Gb  DriverPcb.o [1]
Port_sacn::count        0x20009c92     0x1  Data  Lc  DriverPcb.o [1]
Port_sacn::last_state   0x20009c93     0x1  Data  Lc  DriverPcb.o [1]
Port_sacn::prot_buff    0x20009bc4     0xc  Data  Lc  DriverPcb.o [1]
PowerConfig_Rs485       0x080059a1    0x9c  Code  Gb  SerialPort.o [1]
PowerOff_GPRS           0x0800c155    0x8c  Code  Gb  MG2618.o [1]
PowerOut_Cmd            0x0800a629    0x4a  Code  Gb  PowercConfig.o [1]
Present_CLI             0x20009bd0     0x8  Data  Gb  Appcon_API.o [1]
Prot_DW                 0x20009c24     0x4  Data  Gb  DriverPcb.o [1]
Prot_UP                 0x20009c20     0x4  Data  Gb  DriverPcb.o [1]
Prot_state              0x20009c1c     0x4  Data  Gb  DriverPcb.o [1]
Protocol_frameVerify    0x08000999    0xfe  Code  Lc  KingDaV1.o [1]
QueryAppconStatus       0x08011ce1    0x22  Code  Lc  Appcon_API.o [1]
RCC_ADCCLKConfig        0x0800d12d    0x14  Code  Gb  stm32f10x_rcc.o [1]
RCC_AHBPeriphClockCmd   0x0800d21d    0x1e  Code  Gb  stm32f10x_rcc.o [1]
RCC_APB1PeriphClockCmd  0x0800d259    0x1e  Code  Gb  stm32f10x_rcc.o [1]
RCC_APB1PeriphResetCmd  0x0800d295    0x1e  Code  Gb  stm32f10x_rcc.o [1]
RCC_APB2PeriphClockCmd  0x0800d23b    0x1e  Code  Gb  stm32f10x_rcc.o [1]
RCC_APB2PeriphResetCmd  0x0800d277    0x1e  Code  Gb  stm32f10x_rcc.o [1]
RCC_Configuration       0x0800d60d    0x7a  Code  Gb  MCU_Config.o [1]
RCC_DeInit              0x0800cfb5    0x60  Code  Gb  stm32f10x_rcc.o [1]
RCC_GetClocksFreq       0x0800d141    0xdc  Code  Gb  stm32f10x_rcc.o [1]
RCC_GetFlagStatus       0x0800d2b3    0x52  Code  Gb  stm32f10x_rcc.o [1]
RCC_GetSYSCLKSource     0x0800d0e5     0xa  Code  Gb  stm32f10x_rcc.o [1]
RCC_HCLKConfig          0x0800d0ef    0x14  Code  Gb  stm32f10x_rcc.o [1]
RCC_HSEConfig           0x0800d015    0x56  Code  Gb  stm32f10x_rcc.o [1]
RCC_IRQHandler          0x0801382b     0x2  Code  Gb  stm32_it.o [1]
RCC_PCLK1Config         0x0800d103    0x14  Code  Gb  stm32f10x_rcc.o [1]
RCC_PCLK2Config         0x0800d117    0x16  Code  Gb  stm32f10x_rcc.o [1]
RCC_PLLCmd              0x0800d0c7     0xa  Code  Gb  stm32f10x_rcc.o [1]
RCC_PLLConfig           0x0800d0ab    0x1c  Code  Gb  stm32f10x_rcc.o [1]
RCC_SYSCLKConfig        0x0800d0d1    0x14  Code  Gb  stm32f10x_rcc.o [1]
RCC_WaitForHSEStartUp   0x0800d06b    0x40  Code  Gb  stm32f10x_rcc.o [1]
RDNODE_APPCON_AckFunc   0x080030d5   0x118  Code  Lc  KingDaV1.o [1]
RDNODE_APPCON_func      0x080031ed    0x1e  Code  Lc  KingDaV1.o [1]
RDNODE_ID               0x20009bd8     0x8  Data  Lc  Appcon_API.o [1]
RDNODE_Number           0x20009c6a     0x2  Data  Lc  Appcon_API.o [1]
RS485_IdleTime          0x20009c80     0x2  Data  Gb  SerialPort.o [1]
RTCAlarm_IRQHandler     0x08013b7f     0x2  Code  Gb  stm32_it.o [1]
RTC_IRQHandler          0x08013827     0x2  Code  Gb  stm32_it.o [1]
RTC_Timer               0x20009c30     0x4  Data  Gb  main.o [1]
RTC_reset               0x08013441    0x20  Code  Gb  main.o [1]
RXNE_Interrupt_Rs232    0x08004e9d    0x72  Code  Gb  SerialPort.o [1]
RXNE_Interrupt_Rs485    0x0800559d    0x50  Code  Gb  SerialPort.o [1]
RXNE_Interrupt_USART2   0x08005fa5    0x72  Code  Gb  SerialPort.o [1]
ReadALLMeasureValue_ToKingDaServer_ACK
                        0x0800924d   0x100  Code  Gb  KingDaServer.o [1]
ReadALLMeasureValue_func
                        0x08008ca1   0x122  Code  Lc  KingDaServer.o [1]
ReadAllAppconMeasureValue_ToKingDaServer_ACK
                        0x08012a3d   0x192  Code  Gb  Appcon_API.o [1]
ReadAllAppconMeasureValue_ToKingDaServer_AckFunc
                        0x0801263d   0x3e4  Code  Lc  Appcon_API.o [1]
ReadAllAppconMeasureValue_ToKingDaServer_AckSendFunc
                        0x08012449   0x1ec  Code  Lc  Appcon_API.o [1]
ReadAllAppcon_AckBuff   0x20009c18     0x4  Data  Lc  Appcon_API.o [1]
ReadChannelNodeNumber_Repeaters_func
                        0x080029e7   0x144  Code  Lc  KingDaV1.o [1]
ReadChannel_Concentrator_func
                        0x08001d5f    0x70  Code  Lc  KingDaV1.o [1]
ReadCycle_Concentrator_func
                        0x08001bb1    0x78  Code  Lc  KingDaV1.o [1]
ReadDDR2_func           0x08000e8f   0x156  Code  Lc  KingDaV1.o [1]
ReadDDRS_func           0x08000d4d   0x142  Code  Lc  KingDaV1.o [1]
ReadData_func           0x08000bf3   0x150  Code  Lc  KingDaV1.o [1]
ReadFreq_APPCON_AckFunc
                        0x08003351   0x124  Code  Lc  KingDaV1.o [1]
ReadFreq_APPCON_func    0x08003475    0x18  Code  Lc  KingDaV1.o [1]
ReadGprsRssi_func       0x08002b2b    0x66  Code  Lc  KingDaV1.o [1]
ReadID_Repeaters_func   0x08002511   0x116  Code  Lc  KingDaV1.o [1]
ReadId_Concentrator_func
                        0x080019b3    0x6a  Code  Lc  KingDaV1.o [1]
ReadIpEnd_Concentrator_func
                        0x08001e93    0x5a  Code  Lc  KingDaV1.o [1]
ReadMeasureValue_AckFunc
                        0x08007db1    0x7a  Code  Gb  KingDaServer.o [1]
ReadMeasureValue_OFF_AckFunc
                        0x08007e2b    0x1a  Code  Gb  KingDaServer.o [1]
ReadMeasureValue_func   0x080085d9    0x80  Code  Lc  KingDaServer.o [1]
ReadNetId_APPCON_AckFunc
                        0x08002eb9   0x126  Code  Lc  KingDaV1.o [1]
ReadNetId_APPCON_func   0x08002fdf    0x18  Code  Lc  KingDaV1.o [1]
ReadNodeValue_APPCON_AckFunc
                        0x08007e45   0x116  Code  Lc  KingDaServer.o [1]
ReadNodeValue_APPCON_AckFunc
                        0x08003567   0x126  Code  Lc  KingDaV1.o [1]
ReadNodeValue_APPCON_func
                        0x0800368d    0x18  Code  Lc  KingDaV1.o [1]
ReadNodeValue_KindDa    0x08003c85    0x6e  Code  Gb  KingDaV1.o [1]
ReadRepeatersNodeNumber_KindDa
                        0x08003e8b    0x7e  Code  Gb  KingDaV1.o [1]
ReadServerInf_Concentrator_func
                        0x08001f89   0x13c  Code  Lc  KingDaV1.o [1]
ReadServer_Concentrator_func
                        0x08002257    0xf4  Code  Lc  KingDaV1.o [1]
ReadTime_Concentrator_func
                        0x08001aa1    0x98  Code  Lc  KingDaV1.o [1]
ReadValueAll_Appcon_Func
                        0x0800e5cf    0x78  Code  Gb  ReadEquipData.o [1]
ReadValueAll_KindgDa_AckFunc
                        0x0800e647   0x650  Code  Gb  ReadEquipData.o [1]
ReadValueAll_KindgDa_ErrFunc
                        0x0800ec99    0xb6  Code  Lc  ReadEquipData.o [1]
ReadValue_func          0x08000a97   0x15c  Code  Lc  KingDaV1.o [1]
ReadingStep             0x20009c8f     0x1  Data  Lc  Appcon_API.o [1]
ReadingSteup_Func       0x08009e67     0x4  Code  Lc  JINGDA.o [1]
ReadingTime             0x20009c10     0x4  Data  Lc  Appcon_API.o [1]
ReadingTimeOut          0x080121a7    0x1c  Code  Lc  Appcon_API.o [1]
ReadingWcmd_Func        0x08009e6b    0x50  Code  Lc  JINGDA.o [1]
Reboot_MG2618           0x0800a701    0xb0  Code  Gb  GPRS.o [1]
Reboot_MG2618_STEP      0x0800a7b1    0xd6  Code  Lc  GPRS.o [1]
Reboot_MG2618_STEP::step
                        0x20009c95     0x1  Data  Lc  GPRS.o [1]
Reboot_init             0x080136db    0x1e  Code  Gb  main.o [1]
Reboot_launch           0x08013695    0x46  Code  Gb  main.o [1]
Reconnec                0x08004813   0x2b6  Code  Lc  MCPX.o [1]
Region$$Table$$Base     0x0801434c           --   Gb  - Linker created -
Region$$Table$$Limit    0x0801436c           --   Gb  - Linker created -
RepeatersId             0x20009ca1     0x1  Data  Lc  ReadEquipData.o [1]
RepeatersNodes          0x20009c34     0x4  Data  Lc  ReadEquipData.o [1]
Rs232Flg                0x2000003a     0x1  Data  Gb  SerialPort.o [1]
Rs232_RX_CNT            0x20009c84     0x2  Data  Lc  SerialPort.o [1]
Rs232_RX_P              0x20009c3c     0x4  Data  Lc  SerialPort.o [1]
Rs232_ReceiveMod        0x20009cad     0x1  Data  Lc  SerialPort.o [1]
Rs232_SendEnd_CallBack  0x20009c40     0x4  Data  Lc  SerialPort.o [1]
Rs232_SendEnd_CallBack_arg
                        0x20009c44     0x4  Data  Lc  SerialPort.o [1]
Rs232_TX_CNT            0x20009c82     0x2  Data  Lc  SerialPort.o [1]
Rs232_TX_P              0x20009c38     0x4  Data  Lc  SerialPort.o [1]
Rs232_buff              0x20009754   0x108  Data  Lc  SerialPort.o [1]
Rs485Flg                0x2000003b     0x1  Data  Gb  SerialPort.o [1]
Rs485_PortPV            0x20009caf     0x1  Data  Lc  SerialPort.o [1]
Rs485_RX_CNT            0x20009c88     0x2  Data  Lc  SerialPort.o [1]
Rs485_RX_P              0x20009c4c     0x4  Data  Lc  SerialPort.o [1]
Rs485_ReceiveMod        0x20009cae     0x1  Data  Lc  SerialPort.o [1]
Rs485_SendEnd_CallBack  0x20009c50     0x4  Data  Lc  SerialPort.o [1]
Rs485_SendEnd_CallBack_arg
                        0x20009c54     0x4  Data  Lc  SerialPort.o [1]
Rs485_TX_CNT            0x20009c86     0x2  Data  Lc  SerialPort.o [1]
Rs485_TX_P              0x20009c48     0x4  Data  Lc  SerialPort.o [1]
Rs485_buff              0x20009648   0x10c  Data  Lc  SerialPort.o [1]
SDIO_IRQHandler         0x08013b8f     0x2  Code  Gb  stm32_it.o [1]
SPI1_IRQHandler         0x08013a2d     0x2  Code  Gb  stm32_it.o [1]
SPI2_Configuration      0x0800da9f    0xd0  Code  Gb  MCU_Config.o [1]
SPI2_IRQHandler         0x08013a2f     0x2  Code  Gb  stm32_it.o [1]
SPI3_IRQHandler         0x08013b93     0x2  Code  Gb  stm32_it.o [1]
SPI_CalculateCRC        0x08011c8d    0x1c  Code  Gb  stm32f10x_spi.o [1]
SPI_Cmd                 0x08011c55    0x1c  Code  Gb  stm32f10x_spi.o [1]
SPI_I2S_DeInit          0x08011bb1    0x58  Code  Gb  stm32f10x_spi.o [1]
SPI_Init                0x08011c09    0x40  Code  Gb  stm32f10x_spi.o [1]
SPI_SSOutputCmd         0x08011c71    0x1c  Code  Gb  stm32f10x_spi.o [1]
STATUS_APPCON_AckFunc   0x08002d4f   0x154  Code  Lc  KingDaV1.o [1]
STATUS_APPCON_func      0x08002ea3    0x16  Code  Lc  KingDaV1.o [1]
SendBuff                0x08007829    0x82  Code  Lc  APPCON.o [1]
SendBuff                0x2000929c   0x140  Data  Lc  CJT-188-2004.o [1]
SendCmd_KindDaSPCP      0x08000215    0xe0  Code  Gb  KingDaV1.o [1]
SendCmd_MG2618          0x0800bdd5   0x100  Code  Gb  MG2618.o [1]
SendEnd_CallBack        0x08008dc9    0x18  Code  Lc  KingDaServer.o [1]
SendHandCmdToKingDaServer
                        0x08008ea3    0x8c  Code  Gb  KingDaServer.o [1]
SendMeasureValue_ToKingDaServer1
                        0x0800f111   0x148  Code  Gb  ReadEquipData.o [1]
SendMeasureValue_ToKingDaServer1::DataFlg
                        0x20009ca6     0x1  Data  Lc  ReadEquipData.o [1]
SendMeasureValue_ToKingDaServer1::err_cnt
                        0x20009ca5     0x1  Data  Lc  ReadEquipData.o [1]
SendMeasureValue_ToKingDaServer1_ACK
                        0x0800f3c5   0x190  Code  Gb  ReadEquipData.o [1]
SendMeasureValue_ToKingDaServer1_ACK::DataFlg
                        0x20009ca9     0x1  Data  Lc  ReadEquipData.o [1]
SendMeasureValue_ToKingDaServer1_ACK::err_cnt
                        0x20009caa     0x1  Data  Lc  ReadEquipData.o [1]
SendMeasureValue_ToKingDaServer2
                        0x0800f26d   0x148  Code  Gb  ReadEquipData.o [1]
SendMeasureValue_ToKingDaServer2::DataFlg
                        0x20009ca7     0x1  Data  Lc  ReadEquipData.o [1]
SendMeasureValue_ToKingDaServer2::err_cnt
                        0x20009ca8     0x1  Data  Lc  ReadEquipData.o [1]
SendMeasureValue_ToKingDaServer2_ACK
                        0x0800f555   0x18a  Code  Gb  ReadEquipData.o [1]
SendMeasureValue_ToKingDaServer2_ACK::DataFlg
                        0x20009cab     0x1  Data  Lc  ReadEquipData.o [1]
SendMeasureValue_ToKingDaServer2_ACK::err_cnt
                        0x20009cac     0x1  Data  Lc  ReadEquipData.o [1]
Send_OK                 0x0800a591     0xe  Code  Lc  JINGDA.o [1]
Server1_AckFunc         0x0800b217    0x52  Code  Lc  GPRS.o [1]
Server1_AckFunc::cnt    0x20009c96     0x1  Data  Lc  GPRS.o [1]
Server2_AckFunc         0x0800b269    0x52  Code  Lc  GPRS.o [1]
Server2_AckFunc::cnt    0x20009c97     0x1  Data  Lc  GPRS.o [1]
ServerClose_UEV         0x08004ac9    0x80  Code  Gb  MCPX.o [1]
ServerConnect_OK        0x08004769    0xaa  Code  Gb  MCPX.o [1]
ServerState             0x20009ba8    0x10  Data  Gb  MCPX.o [1]
SetModuleToIdle         0x080077ed     0x8  Code  Lc  APPCON.o [1]
SetReadingModuleStatus  0x080121cb    0xb2  Code  Gb  Appcon_API.o [1]
SetSysClock             0x08014041     0x8  Code  Lc  system_stm32f10x.o [1]
SetSysClockTo72         0x08014049    0xe0  Code  Lc  system_stm32f10x.o [1]
SingCurrentDataRcmd_Func
                        0x0800a16d    0xd8  Code  Lc  JINGDA.o [1]
SingFreezingDataRcmd_Func
                        0x0800a249    0xdc  Code  Lc  JINGDA.o [1]
SlideFilter             0x08012e77    0x78  Code  Gb  filter.o [1]
SlideFilter_rset        0x08012e49    0x2e  Code  Gb  filter.o [1]
SofTimerCreate          0x0800b6db    0x64  Code  Gb  SofTimer.o [1]
SofTimerDel             0x0800b7a7    0x28  Code  Gb  SofTimer.o [1]
SofTimerRset            0x0800b7cf    0x1c  Code  Gb  SofTimer.o [1]
SofTimerStart           0x0800b767    0x20  Code  Gb  SofTimer.o [1]
SofTimerStop            0x0800b787    0x20  Code  Gb  SofTimer.o [1]
SofTimerVerify          0x0800b6b7    0x24  Code  Lc  SofTimer.o [1]
SofTimer_ChangePeriod   0x0800b73f    0x28  Code  Gb  SofTimer.o [1]
SofTimer_DeInit         0x0800b649    0x28  Code  Gb  SofTimer.o [1]
SofTimer_Process        0x0800b7eb   0x596  Code  Gb  SofTimer.o [1]
SofTimer_Process::Delayed
                        0x2000003d     0x1  Data  Lc  SofTimer.o [1]
SofTimer_Process::Second
                        0x20009cb7     0x1  Data  Lc  SofTimer.o [1]
SofTimer_Process::_100mS_cnt
                        0x20009cb3     0x1  Data  Lc  SofTimer.o [1]
SofTimer_Process::_10mS_cnt
                        0x20009cb2     0x1  Data  Lc  SofTimer.o [1]
SofTimer_Process::_1H_1H
                        0x20009cb6     0x1  Data  Lc  SofTimer.o [1]
SofTimer_Process::_1M_cnt
                        0x20009cb5     0x1  Data  Lc  SofTimer.o [1]
SofTimer_Process::_1S_cnt
                        0x20009cb4     0x1  Data  Lc  SofTimer.o [1]
State                   0x20009c9b     0x1  Data  Lc  JINGDA.o [1]
StatusTest              0x080122b1    0x4a  Code  Lc  Appcon_API.o [1]
StopAutoRetrans         0x080077df     0xe  Code  Lc  APPCON.o [1]
StopListen_MG2618       0x0800c123    0x20  Code  Gb  MG2618.o [1]
SyncRate_ACK_Func       0x0800cb65    0x38  Code  Gb  MG2618.o [1]
SysTick_Config          0x0801327f    0x38  Code  Lc  main.o [1]
SysTick_Handler         0x08013811    0x10  Code  Gb  stm32_it.o [1]
SystemInit              0x08013fed    0x54  Code  Gb  system_stm32f10x.o [1]
SystemTimer             0x20009c08     0x8  Data  Gb  PCF8563.o [1]
SystermData_Load        0x080133a5    0x9c  Code  Gb  main.o [1]
SystermInitDelayed      0x08013495   0x198  Code  Gb  main.o [1]
Systerm_INIT            0x0801362d    0x68  Code  Gb  main.o [1]
TAMPER_IRQHandler       0x08013825     0x2  Code  Gb  stm32_it.o [1]
TCP_SendStart_MG2618    0x0800b0fd   0x11a  Code  Gb  GPRS.o [1]
TC_Interrupt_Rs232      0x08004e61    0x3c  Code  Gb  SerialPort.o [1]
TC_Interrupt_Rs485      0x08005555    0x48  Code  Gb  SerialPort.o [1]
TC_Interrupt_USART2     0x08005f5d    0x3c  Code  Gb  SerialPort.o [1]
TIM1_BRK_IRQHandler     0x08013a17     0x2  Code  Gb  stm32_it.o [1]
TIM1_CC_IRQHandler      0x08013a1d     0x2  Code  Gb  stm32_it.o [1]
TIM1_TRG_COM_IRQHandler
                        0x08013a1b     0x2  Code  Gb  stm32_it.o [1]
TIM1_UP_IRQHandler      0x08013a19     0x2  Code  Gb  stm32_it.o [1]
TIM2_IRQHandler         0x08013a1f     0x2  Code  Gb  stm32_it.o [1]
TIM3_IRQHandler         0x08013a21     0x2  Code  Gb  stm32_it.o [1]
TIM4_IRQHandler         0x08013a23     0x2  Code  Gb  stm32_it.o [1]
TIM5_IRQHandler         0x08013b91     0x2  Code  Gb  stm32_it.o [1]
TIM6_IRQHandler         0x08013b99     0x2  Code  Gb  stm32_it.o [1]
TIM7_IRQHandler         0x08013b9b     0x2  Code  Gb  stm32_it.o [1]
TIM8_BRK_IRQHandler     0x08013b83     0x2  Code  Gb  stm32_it.o [1]
TIM8_CC_IRQHandler      0x08013b89     0x2  Code  Gb  stm32_it.o [1]
TIM8_TRG_COM_IRQHandler
                        0x08013b87     0x2  Code  Gb  stm32_it.o [1]
TIM8_UP_IRQHandler      0x08013b85     0x2  Code  Gb  stm32_it.o [1]
TXE_Interrupt_Rs232     0x08004db7    0xaa  Code  Gb  SerialPort.o [1]
TXE_Interrupt_Rs485     0x080054a3    0xb2  Code  Gb  SerialPort.o [1]
TXE_Interrupt_USART2    0x08005ead    0xaa  Code  Gb  SerialPort.o [1]
TcpSend_PramFill        0x0800c3dd    0x4c  Code  Lc  MG2618.o [1]
TcpUdpConnect_PramFill  0x0800c33b    0xa2  Code  Lc  MG2618.o [1]
TimeRcmd_Func           0x0800983b    0x70  Code  Lc  JINGDA.o [1]
TimeWcmd_Func           0x080097c9    0x72  Code  Lc  JINGDA.o [1]
TimerOut_CallBack       0x08008de1    0x28  Code  Lc  KingDaServer.o [1]
TotalNumber             0x20009c68     0x2  Data  Lc  Appcon_API.o [1]
Transpond_KingDaSPCP    0x080002f5   0x13e  Code  Gb  KingDaV1.o [1]
TuneUp_RTC_func         0x08008a45    0xc4  Code  Lc  KingDaServer.o [1]
UART4_IRQHandler        0x08013b95     0x2  Code  Gb  stm32_it.o [1]
UART5_IRQHandler        0x08013b97     0x2  Code  Gb  stm32_it.o [1]
USART1_IRQHandler       0x08013a31    0x52  Code  Gb  stm32_it.o [1]
USART2Flg               0x2000003c     0x1  Data  Gb  SerialPort.o [1]
USART2_IRQHandler       0x08013a83    0x52  Code  Gb  stm32_it.o [1]
USART2_RX_CNT           0x20009c8c     0x2  Data  Lc  SerialPort.o [1]
USART2_RX_P             0x20009c5c     0x4  Data  Lc  SerialPort.o [1]
USART2_ReceiveMod       0x20009cb0     0x1  Data  Lc  SerialPort.o [1]
USART2_SendEnd_CallBack
                        0x20009c60     0x4  Data  Lc  SerialPort.o [1]
USART2_SendEnd_CallBack_arg
                        0x20009c64     0x4  Data  Lc  SerialPort.o [1]
USART2_TX_CNT           0x20009c8a     0x2  Data  Lc  SerialPort.o [1]
USART2_TX_P             0x20009c58     0x4  Data  Lc  SerialPort.o [1]
USART2_buff             0x20008f14   0x208  Data  Lc  SerialPort.o [1]
USART3_IRQHandler       0x08013ad5    0x52  Code  Gb  stm32_it.o [1]
USART_ClearFlag         0x0800cfa7     0xc  Code  Gb  stm32f10x_usart.o [1]
USART_Cmd               0x0800cf35    0x1c  Code  Gb  stm32f10x_usart.o [1]
USART_DeInit            0x0800cdb1    0x90  Code  Gb  stm32f10x_usart.o [1]
USART_ITConfig          0x0800cf51    0x56  Code  Gb  stm32f10x_usart.o [1]
USART_Init              0x0800ce41    0xde  Code  Gb  stm32f10x_usart.o [1]
USBWakeUp_IRQHandler    0x08013b81     0x2  Code  Gb  stm32_it.o [1]
USB_HP_CAN1_TX_IRQHandler
                        0x080139f7     0x2  Code  Gb  stm32_it.o [1]
USB_LP_CAN1_RX0_IRQHandler
                        0x080139f9     0x2  Code  Gb  stm32_it.o [1]
USB_disk_initialize     0x08012d87     0x4  Code  Gb  diskio.o [1]
USB_disk_ioctl          0x08012e3f     0x6  Code  Gb  diskio.o [1]
USB_disk_read           0x08012db3     0x6  Code  Gb  diskio.o [1]
USB_disk_status         0x08012d93     0x4  Code  Gb  diskio.o [1]
USB_disk_write          0x08012ddf     0x6  Code  Gb  diskio.o [1]
UpdatAppconMeasureValue_ToKingDaServer
                        0x08009049   0x1f4  Code  Gb  KingDaServer.o [1]
UpdatMeasureValue_ToKingDaServer
                        0x08008f35   0x106  Code  Gb  KingDaServer.o [1]
UsageFault_Handler      0x08013bbd     0x8  Code  Gb  stm32_it.o [1]
VIN_Ubf                 0x20009c70     0x2  Data  Gb  DriverPcb.o [1]
VIN_Ubf_BUF             0x20009b58    0x20  Data  Lc  DriverPcb.o [1]
VIN_Ubf_SlideFilter     0x20000000    0x10  Data  Lc  DriverPcb.o [1]
ValveCmd_APPCON_AckFunc
                        0x080036a5   0x1a0  Code  Lc  KingDaV1.o [1]
Voltage_Formul          0x08011763    0x24  Code  Gb  DriverPcb.o [1]
WWDG_IRQHandler         0x08013821     0x2  Code  Gb  stm32_it.o [1]
WaitTimeOut             0x0800768d    0x34  Code  Lc  APPCON.o [1]
WriteChannelNodeNumber_Repeaters_func
                        0x0800391d   0x130  Code  Lc  KingDaV1.o [1]
WriteChannel_Concentrator_func
                        0x08001dd5    0xbe  Code  Lc  KingDaV1.o [1]
WriteCycle_Concentrator_func
                        0x08001c29   0x136  Code  Lc  KingDaV1.o [1]
WriteDDR1_func          0x08001161     0x2  Code  Lc  KingDaV1.o [1]
WriteDDR2_func          0x08000ff5   0x160  Code  Lc  KingDaV1.o [1]
WriteFreq_APPCON_AckFunc
                        0x0800348d    0xc0  Code  Lc  KingDaV1.o [1]
WriteFreq_APPCON_func   0x0800354d    0x18  Code  Lc  KingDaV1.o [1]
WriteID_Repeaters_func  0x0800262d   0x128  Code  Lc  KingDaV1.o [1]
WriteId_Concentrator_func
                        0x08001a1d    0x84  Code  Lc  KingDaV1.o [1]
WriteIpEnd_Concentrator_func
                        0x08001eed    0x9c  Code  Lc  KingDaV1.o [1]
WriteNetId_APPCON_AckFunc
                        0x08002ffd    0xc0  Code  Lc  KingDaV1.o [1]
WriteNetId_APPCON_func  0x080030bd    0x18  Code  Lc  KingDaV1.o [1]
WriteRate_APPCON_func   0x08003565     0x2  Code  Lc  KingDaV1.o [1]
WriteReadByte_W25QXX    0x08012f99    0x78  Code  Gb  W25QXX.o [1]
WriteServerInf_Concentrator_func
                        0x080020c5   0x192  Code  Lc  KingDaV1.o [1]
WriteServer_Concentrator_func
                        0x0800234b   0x1c6  Code  Lc  KingDaV1.o [1]
WriteTime_Concentrator_func
                        0x08001b39    0x78  Code  Lc  KingDaV1.o [1]
WriteToRom_NodeValueRecord_KindgDa
                        0x0800e573    0x5c  Code  Gb  ReadEquipData.o [1]
Writedata_NoCheck_W25Q  0x080131d5    0x60  Code  Gb  W25QXX.o [1]
_1mS_cnt                0x20009cb1     0x1  Data  Gb  SofTimer.o [1]
_OVWeit_AckFunc         0x08008661    0x54  Code  Lc  KingDaServer.o [1]
__cmain                 0x080143a9          Code  Gb  cmain.o [4]
__exit                  0x080143d9    0x14  Code  Gb  exit.o [5]
__iar_Strchr            0x08012ef1          Code  Gb  strchr.o [4]
__iar_Strstr            0x08011a97    0x2e  Code  Gb  strstr.o [3]
__iar_data_init3        0x08014325    0x28  Code  Gb  data_init.o [4]
__iar_packbits_init_single3
                        0x080142c1    0x38  Code  Gb  packbits_init_single.o [4]
__iar_program_start     0x0801478d          Code  Gb  cstartup_M.o [4]
__iar_unaligned___aeabi_memcpy4
                        0x08011a41          Code  Gb  ABImemcpy_unaligned.o [4]
__iar_unaligned___aeabi_memcpy8
                        0x08011a41          Code  Gb  ABImemcpy_unaligned.o [4]
__iar_zero_init3        0x08014245    0x40  Code  Gb  zero_init3.o [4]
__low_level_init        0x080143c3     0x4  Code  Gb  low_level_init.o [3]
__vector_table          0x08000000          Data  Gb  startup_stm32f10x_hd.o [1]
_call_main              0x080143b5          Code  Gb  cmain.o [4]
_exit                   0x080143cd          Code  Gb  cexit.o [4]
_main                   0x080143bf          Code  Gb  cmain.o [4]
activateReceiveByDMA_Rs232
                        0x080051bb    0xb0  Code  Lc  SerialPort.o [1]
activateReceiveByDMA_Rs485
                        0x080058f5    0xac  Code  Lc  SerialPort.o [1]
activateReceiveByDMA_USART2
                        0x08006291    0x8a  Code  Lc  SerialPort.o [1]
addFrameStern           0x080111c1    0x4c  Code  Lc  CJT-188-2004.o [1]
changeChannel_Rs485     0x08005ae9    0xe6  Code  Gb  SerialPort.o [1]
check_fs                0x0801033f    0x7e  Code  Lc  ff.o [1]
chk_chr                 0x0800f777    0x14  Code  Lc  ff.o [1]
clust2sect              0x0800f8ed    0x1a  Code  Gb  ff.o [1]
create_chain            0x0800fba5    0xea  Code  Lc  ff.o [1]
create_name             0x0801007f   0x17c  Code  Lc  ff.o [1]
delay_us                0x08006a49     0xa  Code  Lc  PCF8563.o [1]
dir_alloc               0x0800fe59    0x66  Code  Lc  ff.o [1]
dir_find                0x0800feff    0x68  Code  Lc  ff.o [1]
dir_next                0x0800fd3d   0x11c  Code  Lc  ff.o [1]
dir_read                0x0800ff67    0x94  Code  Lc  ff.o [1]
dir_register            0x0800fffb    0x44  Code  Lc  ff.o [1]
dir_remove              0x0801003f    0x40  Code  Lc  ff.o [1]
dir_sdi                 0x0800fc8f    0xae  Code  Lc  ff.o [1]
disk_initialize         0x08012c09    0x3a  Code  Gb  diskio.o [1]
disk_ioctl              0x08012d29    0x50  Code  Gb  diskio.o [1]
disk_read               0x08012c7d    0x56  Code  Gb  diskio.o [1]
disk_status             0x08012c43    0x3a  Code  Gb  diskio.o [1]
disk_write              0x08012cd3    0x56  Code  Gb  diskio.o [1]
eeprom_flg              0x080144d4     0xc  Data  Gb  main.o [1]
exit                    0x080143c7     0x4  Code  Gb  exit.o [3]
f_close                 0x08010f1f    0x2a  Code  Gb  ff.o [1]
f_lseek                 0x08010f49   0x1a4  Code  Gb  ff.o [1]
f_open                  0x08010851   0x18c  Code  Gb  ff.o [1]
f_read                  0x080109dd   0x222  Code  Gb  ff.o [1]
f_sync                  0x08010e69    0xb6  Code  Gb  ff.o [1]
f_unlink                0x080110ed    0xd4  Code  Gb  ff.o [1]
f_write                 0x08010bff   0x26a  Code  Gb  ff.o [1]
find_volume             0x080103bd   0x43e  Code  Lc  ff.o [1]
follow_path             0x080101fb    0x90  Code  Lc  ff.o [1]
freeChannel_MG2618      0x0800b485    0x4c  Code  Gb  GPRS.o [1]
freeJingDaSendBuff      0x08009427    0x78  Code  Gb  JINGDA.o [1]
freePresent_CLI         0x08012421    0x28  Code  Lc  Appcon_API.o [1]
freeSendBuff            0x0801135f    0x68  Code  Lc  CJT-188-2004.o [1]
freeSendBuff_APPCON     0x08007745    0x9a  Code  Gb  APPCON.o [1]
getChannel_Rs485        0x08005bcf     0x6  Code  Gb  SerialPort.o [1]
getIdleChannel_MG2618   0x0800b441    0x44  Code  Gb  GPRS.o [1]
getInputData            0x08004035   0x122  Code  Lc  MCPX.o [1]
getInputData::step      0x20000039     0x1  Data  Lc  MCPX.o [1]
getJingDaSendBuff       0x080093b1    0x76  Code  Gb  JINGDA.o [1]
getPortForAddr          0x08000141    0xd4  Code  Lc  KingDaV1.o [1]
getPowerOut_State       0x0800a673    0x80  Code  Gb  PowercConfig.o [1]
getPowerRs485_State     0x08005a45    0x9c  Code  Gb  SerialPort.o [1]
getSendBuff             0x080076c1    0x84  Code  Lc  APPCON.o [1]
getSendBuff             0x080112ab    0xb4  Code  Lc  CJT-188-2004.o [1]
getServerPort           0x08004747    0x22  Code  Gb  MCPX.o [1]
getSofTimer             0x0800b671    0x46  Code  Gb  SofTimer.o [1]
get_RS458ChannelNumber  0x080052f3    0x1c  Code  Gb  SerialPort.o [1]
get_SystemTimer         0x08006f29    0x3c  Code  Gb  PCF8563.o [1]
get_fat                 0x0800f907    0xe6  Code  Gb  ff.o [1]
get_fattime             0x08012e45     0x4  Code  Gb  diskio.o [1]
get_ldnumber            0x0801028b    0xb4  Code  Lc  ff.o [1]
get_ldnumber{1}{2}{3}{4}{5}{8}::str
                        0x0801436c    0x20  Data  Lc  ff.o [1]
get_portstate           0x080117a3    0x16  Code  Gb  DriverPcb.o [1]
ld_clust                0x0800febf    0x28  Code  Lc  ff.o [1]
main                    0x080136f9    0xb2  Code  Gb  main.o [1]
mem_cmp                 0x0800f753    0x24  Code  Lc  ff.o [1]
mem_cpy                 0x0800f721    0x1c  Code  Lc  ff.o [1]
mem_set                 0x0800f73d    0x16  Code  Lc  ff.o [1]
move_window             0x0800f7df    0x36  Code  Lc  ff.o [1]
put_fat                 0x0800f9ed   0x142  Code  Gb  ff.o [1]
receiveByDMA_TC_Interrupt_Rs232
                        0x08005063    0x16  Code  Gb  SerialPort.o [1]
receiveByDMA_TC_Interrupt_Rs485
                        0x08005721    0x16  Code  Gb  SerialPort.o [1]
receiveByDMA_TC_Interrupt_USART2
                        0x08006141    0x12  Code  Gb  SerialPort.o [1]
remove_chain            0x0800fb2f    0x76  Code  Lc  ff.o [1]
sendBuffByDMA_Rs232     0x0800526b    0x88  Code  Gb  SerialPort.o [1]
sendBuffByDMA_Rs485     0x08005bdd    0xdc  Code  Gb  SerialPort.o [1]
sendBuffByDMA_USART2    0x08006329    0x68  Code  Gb  SerialPort.o [1]
sendByDMA_TC_Interrupt_Rs232
                        0x08005035    0x2e  Code  Gb  SerialPort.o [1]
sendByDMA_TC_Interrupt_USART2
                        0x08006153    0x24  Code  Gb  SerialPort.o [1]
sendStringByDMA_USART2  0x0800640d    0x2c  Code  Gb  SerialPort.o [1]
send_buff               0x20007e24   0xcf0  Data  Lc  KingDaServer.o [1]
st_clust                0x0800fee7    0x18  Code  Lc  ff.o [1]
strchr                  0x08012ef1          Code  Gb  strchr.o [4]
strstr                  0x0800cda1    0x10  Code  Gb  MCPX.o [1]
sync_fs                 0x0800f815    0xd8  Code  Lc  ff.o [1]
sync_window             0x0800f78b    0x54  Code  Lc  ff.o [1]
tmr                     0x20008b14   0x400  Data  Lc  SofTimer.o [1]
validate                0x080107fb    0x3a  Code  Lc  ff.o [1]
write_NodeValueRecord_Appcon
                        0x0800e425   0x14e  Code  Gb  ReadEquipData.o [1]
write_NodeValueRecord_Appcon::write_NodeValueRecordcnt
                        0x20009c7e     0x2  Data  Lc  ReadEquipData.o [1]
write_NodeValueRecord_KindgDa
                        0x0800e2e3   0x142  Code  Gb  ReadEquipData.o [1]


[1] = F:\0中科君达\0项目\集中器资料\485集中器\新版\485集中器软件（CY20180714）\V2.2.0\Projects\EWARM\Debug\Obj
[2] = command line
[3] = dl7M_tln.a
[4] = rt7M_tl.a
[5] = shb_l.a

  81 436 bytes of readonly  code memory
   3 318 bytes of readonly  data memory
  40 118 bytes of readwrite data memory

Errors: none
Warnings: none
